../EdgeIntelligence/CMSIS-DSP/Source/SupportFunctions/arm_copy_f32.c:102:6:arm_copy_f32	32	static
../EdgeIntelligence/CMSIS-DSP/Source/SupportFunctions/arm_copy_q15.c:48:6:arm_copy_q15	32	static
../EdgeIntelligence/CMSIS-DSP/Source/SupportFunctions/arm_copy_q31.c:48:6:arm_copy_q31	32	static
../EdgeIntelligence/CMSIS-DSP/Source/SupportFunctions/arm_copy_q7.c:48:6:arm_copy_q7	32	static
../EdgeIntelligence/CMSIS-DSP/Source/SupportFunctions/arm_fill_f32.c:101:6:arm_fill_f32	32	static
../EdgeIntelligence/CMSIS-DSP/Source/SupportFunctions/arm_fill_q15.c:48:6:arm_fill_q15	32	static
../EdgeIntelligence/CMSIS-DSP/Source/SupportFunctions/arm_fill_q31.c:48:6:arm_fill_q31	32	static
../EdgeIntelligence/CMSIS-DSP/Source/SupportFunctions/arm_fill_q7.c:48:6:arm_fill_q7	32	static
../EdgeIntelligence/CMSIS-DSP/Source/SupportFunctions/arm_float_to_q15.c:153:6:arm_float_to_q15	40	static,ignoring_inline_asm
../EdgeIntelligence/CMSIS-DSP/Source/SupportFunctions/arm_float_to_q31.c:159:6:arm_float_to_q31	48	static
../EdgeIntelligence/CMSIS-DSP/Source/SupportFunctions/arm_float_to_q7.c:164:6:arm_float_to_q7	40	static,ignoring_inline_asm
../EdgeIntelligence/CMSIS-DSP/Source/SupportFunctions/arm_q15_to_float.c:113:6:arm_q15_to_float	32	static
../EdgeIntelligence/CMSIS-DSP/Source/SupportFunctions/arm_q15_to_q31.c:54:6:arm_q15_to_q31	32	static
../EdgeIntelligence/CMSIS-DSP/Source/SupportFunctions/arm_q15_to_q7.c:54:6:arm_q15_to_q7	32	static
../EdgeIntelligence/CMSIS-DSP/Source/SupportFunctions/arm_q31_to_float.c:106:6:arm_q31_to_float	32	static
../EdgeIntelligence/CMSIS-DSP/Source/SupportFunctions/arm_q31_to_q15.c:54:6:arm_q31_to_q15	32	static
../EdgeIntelligence/CMSIS-DSP/Source/SupportFunctions/arm_q31_to_q7.c:54:6:arm_q31_to_q7	32	static
../EdgeIntelligence/CMSIS-DSP/Source/SupportFunctions/arm_q7_to_float.c:126:6:arm_q7_to_float	32	static
../EdgeIntelligence/CMSIS-DSP/Source/SupportFunctions/arm_q7_to_q15.c:54:6:arm_q7_to_q15	32	static
../EdgeIntelligence/CMSIS-DSP/Source/SupportFunctions/arm_q7_to_q31.c:54:6:arm_q7_to_q31	32	static
