Component: ARM Compiler 6.11 Tool: armlink [5d3b3900]

==============================================================================

Section Cross References

    setup.o(.text.Node_Init) refers to bsp_led.o(.text.LED) for LED
    setup.o(.text.Node_Init) refers to stm32h7xx_hal.o(.text.HAL_Delay) for HAL_Delay
    setup.o(.text.Node_Init) refers to printfa.o(i.__0printf) for __2printf
    setup.o(.text.Node_Init) refers to bsp_sdram.o(.text.SDRAM_InitSequence) for SDRAM_InitSequence
    setup.o(.text.Node_Init) refers to bsp_sdram.o(.text.SDRAM_Test) for SDRAM_Test
    setup.o(.text.Node_Init) refers to bsp_memory.o(.text.memory_init) for memory_init
    setup.o(.text.Node_Init) refers to bsp_memory.o(.text.memory_management_test) for memory_management_test
    setup.o(.text.Node_Init) refers to bsp_file.o(.text.Mount_FatFs) for Mount_FatFs
    setup.o(.text.Node_Init) refers to bsp_file.o(.text.FatFs_GetDiskInfo) for FatFs_GetDiskInfo
    setup.o(.text.Node_Init) refers to bsp_file.o(.text.FatFs_ScanDir) for FatFs_ScanDir
    setup.o(.text.Node_Init) refers to bsp_file.o(.text.FatFs_WriteTXTFile) for FatFs_WriteTXTFile
    setup.o(.text.Node_Init) refers to bsp_file.o(.text.FatFs_ReadTXTFile) for FatFs_ReadTXTFile
    setup.o(.text.Node_Init) refers to bsp_file.o(.text.FatFs_GetFileInfo) for FatFs_GetFileInfo
    setup.o(.text.Node_Init) refers to bsp_file.o(.text.FatFs_DeleteFile) for FatFs_DeleteFile
    setup.o(.text.Node_Init) refers to oled.o(.text.OLED_Init) for OLED_Init
    setup.o(.text.Node_Init) refers to oled.o(.text.OLED_NewFrame) for OLED_NewFrame
    setup.o(.text.Node_Init) refers to oled.o(.text.OLED_DrawImage) for OLED_DrawImage
    setup.o(.text.Node_Init) refers to oled.o(.text.OLED_PrintString) for OLED_PrintString
    setup.o(.text.Node_Init) refers to oled.o(.text.OLED_ShowFrame) for OLED_ShowFrame
    setup.o(.text.Node_Init) refers to mpu6050.o(.text.MPU6050_Init) for MPU6050_Init
    setup.o(.text.Node_Init) refers to setup.o(.bss.init_test_mode) for init_test_mode
    setup.o(.text.Node_Init) refers to setup.o(.rodata.str1.1) for .L.str.1
    setup.o(.text.Node_Init) refers to setup.o(.data.Init_Gap) for Init_Gap
    setup.o(.text.Node_Init) refers to font.o(.rodata.copilotImg) for copilotImg
    setup.o(.text.Node_Init) refers to font.o(.rodata.font16x16) for font16x16
    setup.o(.text.Node_Init) refers to i2c.o(.bss.hi2c2) for hi2c2
    setup.o(.ARM.exidx.text.Node_Init) refers to setup.o(.text.Node_Init) for [Anonymous Symbol]
    setup.o(.text.fputc) refers to stm32h7xx_hal_uart.o(.text.HAL_UART_Transmit) for HAL_UART_Transmit
    setup.o(.text.fputc) refers to usart.o(.bss.huart1) for huart1
    setup.o(.ARM.exidx.text.fputc) refers to setup.o(.text.fputc) for [Anonymous Symbol]
    setup.o(.text.fgetc) refers to usart.o(.bss.huart1) for huart1
    setup.o(.ARM.exidx.text.fgetc) refers to setup.o(.text.fgetc) for [Anonymous Symbol]
    stm32h7xx_hal_cortex.o(.ARM.exidx.text.HAL_NVIC_SetPriorityGrouping) refers to stm32h7xx_hal_cortex.o(.text.HAL_NVIC_SetPriorityGrouping) for [Anonymous Symbol]
    stm32h7xx_hal_cortex.o(.text.HAL_NVIC_SetPriority) refers to stm32h7xx_hal_cortex.o(.text.__NVIC_SetPriority) for __NVIC_SetPriority
    stm32h7xx_hal_cortex.o(.ARM.exidx.text.HAL_NVIC_SetPriority) refers to stm32h7xx_hal_cortex.o(.text.HAL_NVIC_SetPriority) for [Anonymous Symbol]
    stm32h7xx_hal_cortex.o(.ARM.exidx.text.__NVIC_SetPriority) refers to stm32h7xx_hal_cortex.o(.text.__NVIC_SetPriority) for [Anonymous Symbol]
    stm32h7xx_hal_cortex.o(.ARM.exidx.text.HAL_NVIC_EnableIRQ) refers to stm32h7xx_hal_cortex.o(.text.HAL_NVIC_EnableIRQ) for [Anonymous Symbol]
    stm32h7xx_hal_cortex.o(.ARM.exidx.text.HAL_NVIC_DisableIRQ) refers to stm32h7xx_hal_cortex.o(.text.HAL_NVIC_DisableIRQ) for [Anonymous Symbol]
    stm32h7xx_hal_cortex.o(.text.HAL_NVIC_SystemReset) refers to stm32h7xx_hal_cortex.o(.text.__NVIC_SystemReset) for __NVIC_SystemReset
    stm32h7xx_hal_cortex.o(.ARM.exidx.text.HAL_NVIC_SystemReset) refers to stm32h7xx_hal_cortex.o(.text.HAL_NVIC_SystemReset) for [Anonymous Symbol]
    stm32h7xx_hal_cortex.o(.ARM.exidx.text.__NVIC_SystemReset) refers to stm32h7xx_hal_cortex.o(.text.__NVIC_SystemReset) for [Anonymous Symbol]
    stm32h7xx_hal_cortex.o(.ARM.exidx.text.HAL_SYSTICK_Config) refers to stm32h7xx_hal_cortex.o(.text.HAL_SYSTICK_Config) for [Anonymous Symbol]
    stm32h7xx_hal_cortex.o(.ARM.exidx.text.HAL_MPU_Disable) refers to stm32h7xx_hal_cortex.o(.text.HAL_MPU_Disable) for [Anonymous Symbol]
    stm32h7xx_hal_cortex.o(.ARM.exidx.text.HAL_MPU_Enable) refers to stm32h7xx_hal_cortex.o(.text.HAL_MPU_Enable) for [Anonymous Symbol]
    stm32h7xx_hal_cortex.o(.ARM.exidx.text.HAL_MPU_EnableRegion) refers to stm32h7xx_hal_cortex.o(.text.HAL_MPU_EnableRegion) for [Anonymous Symbol]
    stm32h7xx_hal_cortex.o(.ARM.exidx.text.HAL_MPU_DisableRegion) refers to stm32h7xx_hal_cortex.o(.text.HAL_MPU_DisableRegion) for [Anonymous Symbol]
[...]
    BSP_SD_IsDetected                        0x08000905   Thumb Code    16  bsp_driver_sd.o(.text.BSP_SD_IsDetected)
    BSP_SD_ReadBlocks_DMA                    0x08000915   Thumb Code   112  bsp_file.o(.text.BSP_SD_ReadBlocks_DMA)
    BSP_SD_ReadCpltCallback                  0x0800097d   Thumb Code    12  sd_diskio.o(.text.BSP_SD_ReadCpltCallback)
    BSP_SD_WriteBlocks_DMA                   0x08000989   Thumb Code   112  bsp_file.o(.text.BSP_SD_WriteBlocks_DMA)
    BSP_SD_WriteCpltCallback                 0x080009f9   Thumb Code    12  sd_diskio.o(.text.BSP_SD_WriteCpltCallback)
    BusFault_Handler                         0x08000a05   Thumb Code     2  stm32h7xx_it.o(.text.BusFault_Handler)
    DMA1_Stream0_IRQHandler                  0x08000a09   Thumb Code    12  stm32h7xx_it.o(.text.DMA1_Stream0_IRQHandler)
    DMA1_Stream1_IRQHandler                  0x08000a15   Thumb Code    12  stm32h7xx_it.o(.text.DMA1_Stream1_IRQHandler)
    DebugMon_Handler                         0x08000dad   Thumb Code     2  stm32h7xx_it.o(.text.DebugMon_Handler)
    Error_Handler                            0x08000daf   Thumb Code     8  main.o(.text.Error_Handler)
    FATFS_LinkDriver                         0x08000db7   Thumb Code     6  ff_gen_drv.o(.text.FATFS_LinkDriver)
    FATFS_LinkDriverEx                       0x08000dbd   Thumb Code    80  ff_gen_drv.o(.text.FATFS_LinkDriverEx)
    FMC_SDRAM_Init                           0x08000e0d   Thumb Code    98  stm32h7xx_ll_fmc.o(.text.FMC_SDRAM_Init)
    FMC_SDRAM_ProgramRefreshRate             0x08000e6f   Thumb Code    20  stm32h7xx_ll_fmc.o(.text.FMC_SDRAM_ProgramRefreshRate)
    FMC_SDRAM_SendCommand                    0x08000e83   Thumb Code    46  stm32h7xx_ll_fmc.o(.text.FMC_SDRAM_SendCommand)
    FMC_SDRAM_Timing_Init                    0x08000eb1   Thumb Code   148  stm32h7xx_ll_fmc.o(.text.FMC_SDRAM_Timing_Init)
    FatFs_DeleteFile                         0x08000f45   Thumb Code   196  bsp_file.o(.text.FatFs_DeleteFile)
    FatFs_GetDiskInfo                        0x08001009   Thumb Code   332  bsp_file.o(.text.FatFs_GetDiskInfo)
    FatFs_GetFileInfo                        0x08001155   Thumb Code   236  bsp_file.o(.text.FatFs_GetFileInfo)
    FatFs_PrintfFileDate                     0x08001241   Thumb Code    96  bsp_file.o(.text.FatFs_PrintfFileDate)
    FatFs_ReadTXTFile                        0x080012a1   Thumb Code   184  bsp_file.o(.text.FatFs_ReadTXTFile)
    FatFs_ScanDir                            0x08001359   Thumb Code   232  bsp_file.o(.text.FatFs_ScanDir)
    FatFs_WriteTXTFile                       0x08001441   Thumb Code   204  bsp_file.o(.text.FatFs_WriteTXTFile)
    HAL_DMA_Abort                            0x0800150d   Thumb Code   816  stm32h7xx_hal_dma.o(.text.HAL_DMA_Abort)
    HAL_DMA_Abort_IT                         0x0800181d   Thumb Code   472  stm32h7xx_hal_dma.o(.text.HAL_DMA_Abort_IT)
    HAL_DMA_IRQHandler                       0x080019f5   Thumb Code  1404  stm32h7xx_hal_dma.o(.text.HAL_DMA_IRQHandler)
    HAL_DMA_Init                             0x08001f69   Thumb Code   896  stm32h7xx_hal_dma.o(.text.HAL_DMA_Init)
    HAL_DMA_Start_IT                         0x080022d1   Thumb Code   636  stm32h7xx_hal_dma.o(.text.HAL_DMA_Start_IT)
    HAL_Delay                                0x0800254d   Thumb Code    36  stm32h7xx_hal.o(.text.HAL_Delay)
    HAL_GPIO_Init                            0x08002571   Thumb Code   400  stm32h7xx_hal_gpio.o(.text.HAL_GPIO_Init)
    HAL_GPIO_ReadPin                         0x08002701   Thumb Code    10  stm32h7xx_hal_gpio.o(.text.HAL_GPIO_ReadPin)
    HAL_GPIO_WritePin                        0x0800270b   Thumb Code    10  stm32h7xx_hal_gpio.o(.text.HAL_GPIO_WritePin)
    HAL_GetREVID                             0x08002715   Thumb Code    12  stm32h7xx_hal.o(.text.HAL_GetREVID)
    HAL_GetTick                              0x08002721   Thumb Code    12  stm32h7xx_hal.o(.text.HAL_GetTick)
    HAL_I2CEx_ConfigAnalogFilter             0x0800272d   Thumb Code    74  stm32h7xx_hal_i2c_ex.o(.text.HAL_I2CEx_ConfigAnalogFilter)
    HAL_I2CEx_ConfigDigitalFilter            0x08002777   Thumb Code    72  stm32h7xx_hal_i2c_ex.o(.text.HAL_I2CEx_ConfigDigitalFilter)
    HAL_I2C_Init                             0x080027c1   Thumb Code   176  stm32h7xx_hal_i2c.o(.text.HAL_I2C_Init)
    HAL_I2C_Master_Transmit                  0x08002871   Thumb Code   332  stm32h7xx_hal_i2c.o(.text.HAL_I2C_Master_Transmit)
    HAL_I2C_Mem_Read                         0x080029b9   Thumb Code   440  stm32h7xx_hal_i2c.o(.text.HAL_I2C_Mem_Read)
    HAL_I2C_Mem_Write                        0x08002b6d   Thumb Code   428  stm32h7xx_hal_i2c.o(.text.HAL_I2C_Mem_Write)
    HAL_I2C_MspInit                          0x08002d19   Thumb Code   280  i2c.o(.text.HAL_I2C_MspInit)
    HAL_IncTick                              0x08002e31   Thumb Code    24  stm32h7xx_hal.o(.text.HAL_IncTick)
    HAL_Init                                 0x08002e45   Thumb Code    92  stm32h7xx_hal.o(.text.HAL_Init)
    HAL_InitTick                             0x08002e9d   Thumb Code    72  stm32h7xx_hal.o(.text.HAL_InitTick)
    HAL_MDMA_ConfigPostRequestMask           0x08002ee1   Thumb Code   102  stm32h7xx_hal_mdma.o(.text.HAL_MDMA_ConfigPostRequestMask)
    HAL_MDMA_IRQHandler                      0x08002f49   Thumb Code   380  stm32h7xx_hal_mdma.o(.text.HAL_MDMA_IRQHandler)
    HAL_MDMA_Init                            0x080030c5   Thumb Code   240  stm32h7xx_hal_mdma.o(.text.HAL_MDMA_Init)
    HAL_MPU_Disable                          0x080031b5   Thumb Code    24  stm32h7xx_hal_cortex.o(.text.HAL_MPU_Disable)
    HAL_MPU_Enable                           0x080031c9   Thumb Code    32  stm32h7xx_hal_cortex.o(.text.HAL_MPU_Enable)
    HAL_MspInit                              0x080031e9   Thumb Code    32  stm32h7xx_hal_msp.o(.text.HAL_MspInit)
    HAL_NVIC_EnableIRQ                       0x08003209   Thumb Code    28  stm32h7xx_hal_cortex.o(.text.HAL_NVIC_EnableIRQ)
    HAL_NVIC_SetPriority                     0x08003225   Thumb Code    68  stm32h7xx_hal_cortex.o(.text.HAL_NVIC_SetPriority)
    HAL_NVIC_SetPriorityGrouping             0x08003265   Thumb Code    32  stm32h7xx_hal_cortex.o(.text.HAL_NVIC_SetPriorityGrouping)
    HAL_PWREx_ConfigSupply                   0x08003285   Thumb Code    72  stm32h7xx_hal_pwr_ex.o(.text.HAL_PWREx_ConfigSupply)
    HAL_RCCEx_GetD3PCLK1Freq                 0x080032cd   Thumb Code    36  stm32h7xx_hal_rcc_ex.o(.text.HAL_RCCEx_GetD3PCLK1Freq)
    HAL_RCCEx_GetPLL1ClockFreq               0x080032f1   Thumb Code   272  stm32h7xx_hal_rcc_ex.o(.text.HAL_RCCEx_GetPLL1ClockFreq)
    HAL_RCCEx_GetPLL2ClockFreq               0x08003401   Thumb Code   268  stm32h7xx_hal_rcc_ex.o(.text.HAL_RCCEx_GetPLL2ClockFreq)
    HAL_RCCEx_GetPLL3ClockFreq               0x0800350d   Thumb Code   268  stm32h7xx_hal_rcc_ex.o(.text.HAL_RCCEx_GetPLL3ClockFreq)
    HAL_RCCEx_GetPeriphCLKFreq               0x08003619   Thumb Code   656  stm32h7xx_hal_rcc_ex.o(.text.HAL_RCCEx_GetPeriphCLKFreq)
    HAL_RCCEx_PeriphCLKConfig                0x080038a9   Thumb Code  2456  stm32h7xx_hal_rcc_ex.o(.text.HAL_RCCEx_PeriphCLKConfig)
    HAL_RCC_ClockConfig                      0x08004241   Thumb Code   552  stm32h7xx_hal_rcc.o(.text.HAL_RCC_ClockConfig)
    HAL_RCC_GetHCLKFreq                      0x08004459   Thumb Code    68  stm32h7xx_hal_rcc.o(.text.HAL_RCC_GetHCLKFreq)
    HAL_RCC_GetPCLK1Freq                     0x08004499   Thumb Code    36  stm32h7xx_hal_rcc.o(.text.HAL_RCC_GetPCLK1Freq)
    HAL_RCC_GetPCLK2Freq                     0x080044b5   Thumb Code    36  stm32h7xx_hal_rcc.o(.text.HAL_RCC_GetPCLK2Freq)
    HAL_RCC_GetSysClockFreq                  0x080044d9   Thumb Code   252  stm32h7xx_hal_rcc.o(.text.HAL_RCC_GetSysClockFreq)
    HAL_RCC_OscConfig                        0x080045d5   Thumb Code  1314  stm32h7xx_hal_rcc.o(.text.HAL_RCC_OscConfig)
    HAL_RTC_Init                             0x08004af9   Thumb Code   148  stm32h7xx_hal_rtc.o(.text.HAL_RTC_Init)
    HAL_RTC_MspInit                          0x08004b8d   Thumb Code    72  rtc.o(.text.HAL_RTC_MspInit)
    HAL_RTC_SetDate                          0x08004bd5   Thumb Code   172  stm32h7xx_hal_rtc.o(.text.HAL_RTC_SetDate)
    HAL_RTC_SetTime                          0x08004c7d   Thumb Code   220  stm32h7xx_hal_rtc.o(.text.HAL_RTC_SetTime)
    HAL_RTC_WaitForSynchro                   0x08004d59   Thumb Code    48  stm32h7xx_hal_rtc.o(.text.HAL_RTC_WaitForSynchro)
    HAL_SDEx_Read_DMADoubleBuf0CpltCallback  0x08004d89   Thumb Code     2  stm32h7xx_hal_sd.o(.text.HAL_SDEx_Read_DMADoubleBuf0CpltCallback)
    HAL_SDEx_Read_DMADoubleBuf1CpltCallback  0x08004d8b   Thumb Code     2  stm32h7xx_hal_sd.o(.text.HAL_SDEx_Read_DMADoubleBuf1CpltCallback)
    HAL_SDEx_Write_DMADoubleBuf0CpltCallback 0x08004d8d   Thumb Code     2  stm32h7xx_hal_sd.o(.text.HAL_SDEx_Write_DMADoubleBuf0CpltCallback)
    HAL_SDEx_Write_DMADoubleBuf1CpltCallback 0x08004d8f   Thumb Code     2  stm32h7xx_hal_sd.o(.text.HAL_SDEx_Write_DMADoubleBuf1CpltCallback)
    HAL_SDRAM_Init                           0x08004d91   Thumb Code    80  stm32h7xx_hal_sdram.o(.text.HAL_SDRAM_Init)
    HAL_SDRAM_MspInit                        0x08004de1   Thumb Code   236  fmc.o(.text.HAL_SDRAM_MspInit)
    HAL_SDRAM_ProgramRefreshRate             0x08004ecd   Thumb Code    48  stm32h7xx_hal_sdram.o(.text.HAL_SDRAM_ProgramRefreshRate)
    HAL_SDRAM_SendCommand                    0x08004efd   Thumb Code    60  stm32h7xx_hal_sdram.o(.text.HAL_SDRAM_SendCommand)
    HAL_SD_ConfigWideBusOperation            0x08004f39   Thumb Code   400  stm32h7xx_hal_sd.o(.text.HAL_SD_ConfigWideBusOperation)
    HAL_SD_ErrorCallback                     0x080050c5   Thumb Code     2  stm32h7xx_hal_sd.o(.text.HAL_SD_ErrorCallback)
    HAL_SD_GetCardCSD                        0x080050c9   Thumb Code   396  stm32h7xx_hal_sd.o(.text.HAL_SD_GetCardCSD)
    HAL_SD_GetCardInfo                       0x08005255   Thumb Code    34  stm32h7xx_hal_sd.o(.text.HAL_SD_GetCardInfo)
    HAL_SD_GetCardState                      0x08005277   Thumb Code    40  stm32h7xx_hal_sd.o(.text.HAL_SD_GetCardState)
    HAL_SD_GetCardStatus                     0x080052a1   Thumb Code   396  stm32h7xx_hal_sd.o(.text.HAL_SD_GetCardStatus)
    HAL_SD_IRQHandler                        0x08005429   Thumb Code   604  stm32h7xx_hal_sd.o(.text.HAL_SD_IRQHandler)
    HAL_SD_Init                              0x08005685   Thumb Code   154  stm32h7xx_hal_sd.o(.text.HAL_SD_Init)
    HAL_SD_InitCard                          0x08005721   Thumb Code   644  stm32h7xx_hal_sd.o(.text.HAL_SD_InitCard)
    HAL_SD_MspInit                           0x080059a1   Thumb Code   208  sdmmc.o(.text.HAL_SD_MspInit)
    HAL_SD_ReadBlocks_DMA                    0x08005a71   Thumb Code   208  stm32h7xx_hal_sd.o(.text.HAL_SD_ReadBlocks_DMA)
    HAL_SD_RxCpltCallback                    0x08005b3d   Thumb Code     4  bsp_driver_sd.o(.text.HAL_SD_RxCpltCallback)
    HAL_SD_TxCpltCallback                    0x08005b41   Thumb Code     4  bsp_driver_sd.o(.text.HAL_SD_TxCpltCallback)
    HAL_SD_WriteBlocks_DMA                   0x08005b45   Thumb Code   208  stm32h7xx_hal_sd.o(.text.HAL_SD_WriteBlocks_DMA)
    HAL_SYSTICK_Config                       0x08005c15   Thumb Code    40  stm32h7xx_hal_cortex.o(.text.HAL_SYSTICK_Config)
    HAL_UARTEx_DisableFifoMode               0x08005c3d   Thumb Code    54  stm32h7xx_hal_uart_ex.o(.text.HAL_UARTEx_DisableFifoMode)
    HAL_UARTEx_ReceiveToIdle_DMA             0x08005c73   Thumb Code    90  stm32h7xx_hal_uart_ex.o(.text.HAL_UARTEx_ReceiveToIdle_DMA)
    HAL_UARTEx_RxEventCallback               0x08005ccd   Thumb Code    44  bsp_usart.o(.text.HAL_UARTEx_RxEventCallback)
    HAL_UARTEx_RxFifoFullCallback            0x08005cf9   Thumb Code     2  stm32h7xx_hal_uart_ex.o(.text.HAL_UARTEx_RxFifoFullCallback)
    HAL_UARTEx_SetRxFifoThreshold            0x08005cfb   Thumb Code    74  stm32h7xx_hal_uart_ex.o(.text.HAL_UARTEx_SetRxFifoThreshold)
    HAL_UARTEx_SetTxFifoThreshold            0x08005d45   Thumb Code    74  stm32h7xx_hal_uart_ex.o(.text.HAL_UARTEx_SetTxFifoThreshold)
    HAL_UARTEx_TxFifoEmptyCallback           0x08005d8f   Thumb Code     2  stm32h7xx_hal_uart_ex.o(.text.HAL_UARTEx_TxFifoEmptyCallback)
    HAL_UARTEx_WakeupCallback                0x08005d91   Thumb Code     2  stm32h7xx_hal_uart_ex.o(.text.HAL_UARTEx_WakeupCallback)
    HAL_UART_ErrorCallback                   0x08005d93   Thumb Code     2  stm32h7xx_hal_uart.o(.text.HAL_UART_ErrorCallback)
    HAL_UART_IRQHandler                      0x08005d95   Thumb Code   796  stm32h7xx_hal_uart.o(.text.HAL_UART_IRQHandler)
    HAL_UART_Init                            0x080060b1   Thumb Code   102  stm32h7xx_hal_uart.o(.text.HAL_UART_Init)
    HAL_UART_MspInit                         0x08006119   Thumb Code   264  usart.o(.text.HAL_UART_MspInit)
    HAL_UART_RxCpltCallback                  0x08006221   Thumb Code     2  stm32h7xx_hal_uart.o(.text.HAL_UART_RxCpltCallback)
    HAL_UART_RxHalfCpltCallback              0x08006223   Thumb Code     2  stm32h7xx_hal_uart.o(.text.HAL_UART_RxHalfCpltCallback)
    HAL_UART_Transmit                        0x08006225   Thumb Code   188  stm32h7xx_hal_uart.o(.text.HAL_UART_Transmit)
    HAL_UART_Transmit_DMA                    0x080062e1   Thumb Code   136  stm32h7xx_hal_uart.o(.text.HAL_UART_Transmit_DMA)
    HAL_UART_TxCpltCallback                  0x08006369   Thumb Code     2  stm32h7xx_hal_uart.o(.text.HAL_UART_TxCpltCallback)
    HAL_UART_TxHalfCpltCallback              0x0800636b   Thumb Code     2  stm32h7xx_hal_uart.o(.text.HAL_UART_TxHalfCpltCallback)
    HardFault_Handler                        0x0800636d   Thumb Code     2  stm32h7xx_it.o(.text.HardFault_Handler)
    Kalman_getAngle                          0x080065d1   Thumb Code   154  mpu6050.o(.text.Kalman_getAngle)
    LED                                      0x0800666d   Thumb Code    24  bsp_led.o(.text.LED)
    LED_Toggle                               0x08006681   Thumb Code    36  bsp_led.o(.text.LED_Toggle)
    MCU_send                                 0x080066a5   Thumb Code    20  bsp_usart.o(.text.MCU_send)
    MDMA_IRQHandler                          0x080066b9   Thumb Code    12  stm32h7xx_it.o(.text.MDMA_IRQHandler)
    MPU6050_Gravity_Projection               0x080066c9   Thumb Code   648  sensing.o(.text.MPU6050_Gravity_Projection)
    MPU6050_Init                             0x08006951   Thumb Code   156  mpu6050.o(.text.MPU6050_Init)
    MPU6050_Read_Accel                       0x080069f1   Thumb Code   136  mpu6050.o(.text.MPU6050_Read_Accel)
    MPU6050_Read_All                         0x08006a79   Thumb Code   652  mpu6050.o(.text.MPU6050_Read_All)
    MPU6050_Read_Show                        0x08006d05   Thumb Code   424  sensing.o(.text.MPU6050_Read_Show)
    MX_DMA_Init                              0x08006ead   Thumb Code    64  dma.o(.text.MX_DMA_Init)
    MX_FATFS_Init                            0x08006eed   Thumb Code    24  fatfs.o(.text.MX_FATFS_Init)
    MX_FMC_Init                              0x08006f05   Thumb Code   104  fmc.o(.text.MX_FMC_Init)
    MX_GPIO_Init                             0x08006f6d   Thumb Code   200  gpio.o(.text.MX_GPIO_Init)
    MX_I2C1_Init                             0x08007035   Thumb Code    88  i2c.o(.text.MX_I2C1_Init)
    MX_I2C2_Init                             0x08007089   Thumb Code    88  i2c.o(.text.MX_I2C2_Init)
    MX_MDMA_Init                             0x080070e1   Thumb Code   128  mdma.o(.text.MX_MDMA_Init)
    MX_RTC_Init                              0x08007161   Thumb Code   116  rtc.o(.text.MX_RTC_Init)
    MX_SDMMC1_SD_Init                        0x080071d5   Thumb Code    36  sdmmc.o(.text.MX_SDMMC1_SD_Init)
    MX_USART1_UART_Init                      0x080071f9   Thumb Code   104  usart.o(.text.MX_USART1_UART_Init)
    MemManage_Handler                        0x08007261   Thumb Code     2  stm32h7xx_it.o(.text.MemManage_Handler)
    Mount_FatFs                              0x08007265   Thumb Code   260  bsp_file.o(.text.Mount_FatFs)
    NMI_Handler                              0x08007369   Thumb Code     2  stm32h7xx_it.o(.text.NMI_Handler)
    Node_Init                                0x0800736d   Thumb Code   700  setup.o(.text.Node_Init)
    OLED_DrawImage                           0x08007629   Thumb Code    24  oled.o(.text.OLED_DrawImage)
    OLED_Init                                0x08007641   Thumb Code   136  oled.o(.text.OLED_Init)
    OLED_NewFrame                            0x080076c1   Thumb Code    20  oled.o(.text.OLED_NewFrame)
    OLED_PrintASCIIChar                      0x080076d1   Thumb Code    42  oled.o(.text.OLED_PrintASCIIChar)
    OLED_PrintASCIIString                    0x080076fb   Thumb Code    48  oled.o(.text.OLED_PrintASCIIString)
    OLED_PrintString                         0x0800772b   Thumb Code   238  oled.o(.text.OLED_PrintString)
    OLED_Send                                0x08007819   Thumb Code    28  oled.o(.text.OLED_Send)
    OLED_SendCmd                             0x08007835   Thumb Code    16  oled.o(.text.OLED_SendCmd)
    OLED_SetBits                             0x08007845   Thumb Code    74  oled.o(.text.OLED_SetBits)
    OLED_SetBits_Fine                        0x0800788f   Thumb Code   106  oled.o(.text.OLED_SetBits_Fine)
    OLED_SetBlock                            0x080078f9   Thumb Code   128  oled.o(.text.OLED_SetBlock)
    OLED_SetByte_Fine                        0x08007979   Thumb Code    96  oled.o(.text.OLED_SetByte_Fine)
    OLED_ShowFrame                           0x080079d5   Thumb Code    84  oled.o(.text.OLED_ShowFrame)
    PendSV_Handler                           0x08007a29   Thumb Code     2  stm32h7xx_it.o(.text.PendSV_Handler)
    RTC_ByteToBcd2                           0x08007c31   Thumb Code    44  stm32h7xx_hal_rtc.o(.text.RTC_ByteToBcd2)
    RTC_EnterInitMode                        0x08007c5d   Thumb Code    68  stm32h7xx_hal_rtc.o(.text.RTC_EnterInitMode)
    RTC_ExitInitMode                         0x08007ca1   Thumb Code    80  stm32h7xx_hal_rtc.o(.text.RTC_ExitInitMode)
    SDMMC1_IRQHandler                        0x08007cf1   Thumb Code    12  stm32h7xx_it.o(.text.SDMMC1_IRQHandler)
    SDMMC_CmdAppCommand                      0x08007cfd   Thumb Code    50  stm32h7xx_ll_sdmmc.o(.text.SDMMC_CmdAppCommand)
    SDMMC_CmdAppOperCommand                  0x08007d2f   Thumb Code    44  stm32h7xx_ll_sdmmc.o(.text.SDMMC_CmdAppOperCommand)
    SDMMC_CmdBlockLength                     0x08007d5b   Thumb Code    50  stm32h7xx_ll_sdmmc.o(.text.SDMMC_CmdBlockLength)
    SDMMC_CmdBusWidth                        0x08007d8d   Thumb Code    50  stm32h7xx_ll_sdmmc.o(.text.SDMMC_CmdBusWidth)
    SDMMC_CmdGoIdleState                     0x08007dc1   Thumb Code    84  stm32h7xx_ll_sdmmc.o(.text.SDMMC_CmdGoIdleState)
    SDMMC_CmdOperCond                        0x08007e15   Thumb Code    48  stm32h7xx_ll_sdmmc.o(.text.SDMMC_CmdOperCond)
    SDMMC_CmdReadMultiBlock                  0x08007e45   Thumb Code    50  stm32h7xx_ll_sdmmc.o(.text.SDMMC_CmdReadMultiBlock)
    SDMMC_CmdReadSingleBlock                 0x08007e77   Thumb Code    50  stm32h7xx_ll_sdmmc.o(.text.SDMMC_CmdReadSingleBlock)
    SDMMC_CmdSelDesel                        0x08007ea9   Thumb Code    50  stm32h7xx_ll_sdmmc.o(.text.SDMMC_CmdSelDesel)
    SDMMC_CmdSendCID                         0x08007edb   Thumb Code    44  stm32h7xx_ll_sdmmc.o(.text.SDMMC_CmdSendCID)
    SDMMC_CmdSendCSD                         0x08007f07   Thumb Code    44  stm32h7xx_ll_sdmmc.o(.text.SDMMC_CmdSendCSD)
    SDMMC_CmdSendSCR                         0x08007f33   Thumb Code    50  stm32h7xx_ll_sdmmc.o(.text.SDMMC_CmdSendSCR)
    SDMMC_CmdSendStatus                      0x08007f65   Thumb Code    50  stm32h7xx_ll_sdmmc.o(.text.SDMMC_CmdSendStatus)
    SDMMC_CmdSetRelAdd                       0x08007f97   Thumb Code    50  stm32h7xx_ll_sdmmc.o(.text.SDMMC_CmdSetRelAdd)
    SDMMC_CmdStatusRegister                  0x08007fc9   Thumb Code    50  stm32h7xx_ll_sdmmc.o(.text.SDMMC_CmdStatusRegister)
    SDMMC_CmdStopTransfer                    0x08007ffd   Thumb Code    88  stm32h7xx_ll_sdmmc.o(.text.SDMMC_CmdStopTransfer)
    SDMMC_CmdWriteMultiBlock                 0x08008055   Thumb Code    50  stm32h7xx_ll_sdmmc.o(.text.SDMMC_CmdWriteMultiBlock)
    SDMMC_CmdWriteSingleBlock                0x08008087   Thumb Code    50  stm32h7xx_ll_sdmmc.o(.text.SDMMC_CmdWriteSingleBlock)
    SDMMC_ConfigData                         0x080080b9   Thumb Code    42  stm32h7xx_ll_sdmmc.o(.text.SDMMC_ConfigData)
    SDMMC_GetCmdResp1                        0x080080e5   Thumb Code   292  stm32h7xx_ll_sdmmc.o(.text.SDMMC_GetCmdResp1)
    SDMMC_GetCmdResp2                        0x08008205   Thumb Code    84  stm32h7xx_ll_sdmmc.o(.text.SDMMC_GetCmdResp2)
    SDMMC_GetCmdResp3                        0x08008251   Thumb Code    72  stm32h7xx_ll_sdmmc.o(.text.SDMMC_GetCmdResp3)
    SDMMC_GetCmdResp6                        0x08008295   Thumb Code   144  stm32h7xx_ll_sdmmc.o(.text.SDMMC_GetCmdResp6)
    SDMMC_GetCmdResp7                        0x08008321   Thumb Code    88  stm32h7xx_ll_sdmmc.o(.text.SDMMC_GetCmdResp7)
    SDMMC_GetPowerState                      0x08008379   Thumb Code     8  stm32h7xx_ll_sdmmc.o(.text.SDMMC_GetPowerState)
    SDMMC_GetResponse                        0x08008381   Thumb Code     6  stm32h7xx_ll_sdmmc.o(.text.SDMMC_GetResponse)
    SDMMC_Init                               0x08008389   Thumb Code    40  stm32h7xx_ll_sdmmc.o(.text.SDMMC_Init)
    SDMMC_PowerState_ON                      0x080083b1   Thumb Code    14  stm32h7xx_ll_sdmmc.o(.text.SDMMC_PowerState_ON)
    SDMMC_ReadFIFO                           0x080083bf   Thumb Code     6  stm32h7xx_ll_sdmmc.o(.text.SDMMC_ReadFIFO)
    SDMMC_SendCommand                        0x080083c5   Thumb Code    44  stm32h7xx_ll_sdmmc.o(.text.SDMMC_SendCommand)
    SDMMC_WriteFIFO                          0x080083f1   Thumb Code    12  stm32h7xx_ll_sdmmc.o(.text.SDMMC_WriteFIFO)
    SDRAM_InitSequence                       0x080083fd   Thumb Code   136  bsp_sdram.o(.text.SDRAM_InitSequence)
    SDRAM_Test                               0x08008485   Thumb Code   340  bsp_sdram.o(.text.SDRAM_Test)
    SD_initialize                            0x080086f1   Thumb Code    28  sd_diskio.o(.text.SD_initialize)
    SD_ioctl                                 0x08008709   Thumb Code    80  sd_diskio.o(.text.SD_ioctl)
    SD_read                                  0x08008759   Thumb Code   304  sd_diskio.o(.text.SD_read)
    SD_status                                0x08008881   Thumb Code     4  sd_diskio.o(.text.SD_status)
    SD_write                                 0x08008885   Thumb Code   288  sd_diskio.o(.text.SD_write)
    SVC_Handler                              0x080089a5   Thumb Code     2  stm32h7xx_it.o(.text.SVC_Handler)
    SysTick_Handler                          0x080089a7   Thumb Code     4  stm32h7xx_it.o(.text.SysTick_Handler)
    SystemClock_Config                       0x080089ad   Thumb Code   260  main.o(.text.SystemClock_Config)
    SystemInit                               0x08008ab1   Thumb Code   180  system_stm32h7xx.o(.text.SystemInit)
    UART_AdvFeatureConfig                    0x08008bb9   Thumb Code   198  stm32h7xx_hal_uart.o(.text.UART_AdvFeatureConfig)
    UART_CheckIdleState                      0x08008c81   Thumb Code   180  stm32h7xx_hal_uart.o(.text.UART_CheckIdleState)
    UART_SetConfig                           0x08008f0d   Thumb Code   924  stm32h7xx_hal_uart.o(.text.UART_SetConfig)
    UART_Start_Receive_DMA                   0x080092a9   Thumb Code   156  stm32h7xx_hal_uart.o(.text.UART_Start_Receive_DMA)
    UART_WaitOnFlagUntilTimeout              0x08009345   Thumb Code   154  stm32h7xx_hal_uart.o(.text.UART_WaitOnFlagUntilTimeout)
    USART1_IRQHandler                        0x080093e1   Thumb Code    12  stm32h7xx_it.o(.text.USART1_IRQHandler)
    UsageFault_Handler                       0x080093ed   Thumb Code     2  stm32h7xx_it.o(.text.UsageFault_Handler)
    _OLED_GetUTF8Len                         0x080093ef   Thumb Code    50  oled.o(.text._OLED_GetUTF8Len)
    arm_mean_f32                             0x08009445   Thumb Code   128  arm_mean_f32.o(.text.arm_mean_f32)
    arm_std_f32                              0x080094c5   Thumb Code   232  arm_std_f32.o(.text.arm_std_f32)
    disk_initialize                          0x08009f65   Thumb Code    44  diskio.o(.text.disk_initialize)
    disk_ioctl                               0x08009f8d   Thumb Code    24  diskio.o(.text.disk_ioctl)
    disk_read                                0x08009fa1   Thumb Code    32  diskio.o(.text.disk_read)
    disk_status                              0x08009fbd   Thumb Code    20  diskio.o(.text.disk_status)
    disk_write                               0x08009fcd   Thumb Code    32  diskio.o(.text.disk_write)
    f_close                                  0x08009fed   Thumb Code    36  ff.o(.text.f_close)
    f_closedir                               0x0800a011   Thumb Code    30  ff.o(.text.f_closedir)
    f_getfree                                0x0800a02f   Thumb Code   248  ff.o(.text.f_getfree)
    f_gets                                   0x0800a127   Thumb Code    90  ff.o(.text.f_gets)
    f_mkfs                                   0x0800a181   Thumb Code  1540  ff.o(.text.f_mkfs)
    f_mount                                  0x0800a781   Thumb Code    84  ff.o(.text.f_mount)
    f_open                                   0x0800a7d5   Thumb Code   568  ff.o(.text.f_open)
    f_opendir                                0x0800aa0d   Thumb Code   144  ff.o(.text.f_opendir)
    f_puts                                   0x0800aa9d   Thumb Code    42  ff.o(.text.f_puts)
    f_read                                   0x0800aac7   Thumb Code   378  ff.o(.text.f_read)
    f_readdir                                0x0800ac41   Thumb Code    86  ff.o(.text.f_readdir)
    f_stat                                   0x0800ac97   Thumb Code    68  ff.o(.text.f_stat)
    f_sync                                   0x0800acdb   Thumb Code   144  ff.o(.text.f_sync)
    f_unlink                                 0x0800ad6b   Thumb Code   160  ff.o(.text.f_unlink)
    f_write                                  0x0800ae0b   Thumb Code   414  ff.o(.text.f_write)
    ff_convert                               0x0800afa9   Thumb Code    64  ccsbcs.o(.text.ff_convert)
    ff_wtoupper                              0x0800afe9   Thumb Code   136  ccsbcs.o(.text.ff_wtoupper)
    fputc                                    0x0800b559   Thumb Code    36  setup.o(.text.fputc)
    get_fattime                              0x0800b635   Thumb Code     4  fatfs.o(.text.get_fattime)
    main                                     0x0800b831   Thumb Code   228  main.o(.text.main)
    memory_alloc                             0x0800b929   Thumb Code   104  bsp_memory.o(.text.memory_alloc)
    memory_free                              0x0800b98d   Thumb Code   100  bsp_memory.o(.text.memory_free)
    memory_init                              0x0800b9ed   Thumb Code    20  bsp_memory.o(.text.memory_init)
    memory_management_test                   0x0800ba01   Thumb Code    84  bsp_memory.o(.text.memory_management_test)
    __0printf                                0x0800bda5   Thumb Code    22  printfa.o(i.__0printf)
    __1printf                                0x0800bda5   Thumb Code     0  printfa.o(i.__0printf)
    __2printf                                0x0800bda5   Thumb Code     0  printfa.o(i.__0printf)
    __c89printf                              0x0800bda5   Thumb Code     0  printfa.o(i.__0printf)
    printf                                   0x0800bda5   Thumb Code     0  printfa.o(i.__0printf)
    __0sprintf                               0x0800bdc5   Thumb Code    34  printfa.o(i.__0sprintf)
    __1sprintf                               0x0800bdc5   Thumb Code     0  printfa.o(i.__0sprintf)
    __2sprintf                               0x0800bdc5   Thumb Code     0  printfa.o(i.__0sprintf)
    __c89sprintf                             0x0800bdc5   Thumb Code     0  printfa.o(i.__0sprintf)
    sprintf                                  0x0800bdc5   Thumb Code     0  printfa.o(i.__0sprintf)
    __ARM_fpclassify                         0x0800bded   Thumb Code    48  fpclassify.o(i.__ARM_fpclassify)
    __hardfp_atan                            0x0800be21   Thumb Code   402  atan.o(i.__hardfp_atan)
    __hardfp_atan2                           0x0800bff9   Thumb Code   392  atan2.o(i.__hardfp_atan2)
    __hardfp_fabs                            0x0800c1c1   Thumb Code    20  fabs.o(i.__hardfp_fabs)
    __hardfp_pow                             0x0800c1d9   Thumb Code  2108  pow.o(i.__hardfp_pow)
    __hardfp_sqrt                            0x0800ca9d   Thumb Code   102  sqrt.o(i.__hardfp_sqrt)
    __hardfp_sqrtf                           0x0800cb03   Thumb Code    58  sqrtf.o(i.__hardfp_sqrtf)
    __kernel_poly                            0x0800cb3d   Thumb Code   112  poly.o(i.__kernel_poly)
    __mathlib_dbl_divzero                    0x0800cbb1   Thumb Code    14  dunder.o(i.__mathlib_dbl_divzero)
    __mathlib_dbl_infnan                     0x0800cbc9   Thumb Code     6  dunder.o(i.__mathlib_dbl_infnan)
    __mathlib_dbl_infnan2                    0x0800cbcf   Thumb Code     6  dunder.o(i.__mathlib_dbl_infnan2)
    __mathlib_dbl_invalid                    0x0800cbd9   Thumb Code    10  dunder.o(i.__mathlib_dbl_invalid)
    __mathlib_dbl_overflow                   0x0800cbf1   Thumb Code    10  dunder.o(i.__mathlib_dbl_overflow)
    __mathlib_dbl_underflow                  0x0800cc09   Thumb Code    10  dunder.o(i.__mathlib_dbl_underflow)
    __scatterload_copy                       0x0800cc21   Thumb Code    14  handlers.o(i.__scatterload_copy)
    __scatterload_null                       0x0800cc2f   Thumb Code     2  handlers.o(i.__scatterload_null)
    __scatterload_zeroinit                   0x0800cc31   Thumb Code    14  handlers.o(i.__scatterload_zeroinit)
    __set_errno                              0x0800cc41   Thumb Code     6  errno.o(i.__set_errno)
    atan                                     0x0800d509   Thumb Code    16  atan.o(i.atan)
    fabs                                     0x0800d519   Thumb Code    24  fabs.o(i.fabs)
    free                                     0x0800d531   Thumb Code    76  malloc.o(i.free)
    malloc                                   0x0800d581   Thumb Code    92  malloc.o(i.malloc)
    puts                                     0x0800d5ed   Thumb Code    30  puts.o(i.puts)
    sqrt                                     0x0800d611   Thumb Code   106  sqrt.o(i.sqrt)
    __mathlib_zero                           0x0800d7a0   Data           8  qnan.o(.constdata)
    D1CorePrescTable                         0x0800d7a8   Data          16  system_stm32h7xx.o(.rodata.D1CorePrescTable)
    SD_Driver                                0x0800d848   Data          20  sd_diskio.o(.rodata.SD_Driver)
    UARTPrescTable                           0x0800d95c   Data          24  stm32h7xx_hal_uart.o(.rodata.UARTPrescTable)
    afont16x8                                0x0800d974   Data           8  font.o(.rodata.afont16x8)
    afont8x6                                 0x0800d97c   Data           8  font.o(.rodata.afont8x6)
    ascii_16x8                               0x0800d984   Data        1520  font.o(.rodata.ascii_16x8)
    ascii_8x6                                0x0800df74   Data         552  font.o(.rodata.ascii_8x6)
    copilotData                              0x0800e19c   Data         300  font.o(.rodata.copilotData)
    copilotImg                               0x0800e2c8   Data           8  font.o(.rodata.copilotImg)
    font16x16                                0x0800e2e8   Data          16  font.o(.rodata.font16x16)
    zh16x16                                  0x0800ed72   Data         144  font.o(.rodata.zh16x16)
    Region$$Table$$Base                      0x0800ee04   Number         0  anon$$obj.o(Region$$Table)
    Region$$Table$$Limit                     0x0800ee24   Number         0  anon$$obj.o(Region$$Table)
    __stdout                                 0x24000000   Data           4  stdout.o(.data)
    __microlib_freelist                      0x24000004   Data           4  mvars.o(.data)
    __microlib_freelist_initialised          0x24000008   Data           4  mvars.o(.data)
    uwTickFreq                               0x24000010   Data           1  stm32h7xx_hal.o(.data..L_MergedGlobals)
    uwTickPrio                               0x24000014   Data           4  stm32h7xx_hal.o(.data..L_MergedGlobals)
    SystemCoreClock                          0x24000018   Data           4  system_stm32h7xx.o(.data..L_MergedGlobals)
    SystemD2Clock                            0x2400001c   Data           4  system_stm32h7xx.o(.data..L_MergedGlobals)
    IMU_Calibration_Instance                 0x24000020   Data          36  setup.o(.data.IMU_Calibration_Instance)
    Init_Gap                                 0x24000044   Data           4  setup.o(.data.Init_Gap)
    KalmanX                                  0x24000048   Data          72  mpu6050.o(.data.KalmanX)
    KalmanY                                  0x24000090   Data          72  mpu6050.o(.data.KalmanY)
    retSD                                    0x240000e8   Data           1  fatfs.o(.bss..L_MergedGlobals)
    SDPath                                   0x240000e9   Data           4  fatfs.o(.bss..L_MergedGlobals)
    IMU_Temp                                 0x24000124   Data          13  mpu6050.o(.bss.IMU_Temp)
    MPU6050                                  0x24000138   Data          88  mpu6050.o(.bss.MPU6050)
    OLED_GRAM                                0x24000190   Data        1024  oled.o(.bss.OLED_GRAM)
    RX_IDLE_BUF                              0x24000613   Data         512  bsp_usart.o(.bss.RX_IDLE_BUF)
    SDFatFS                                  0x24000818   Data         564  fatfs.o(.bss.SDFatFS)
    acc_x_str                                0x24000a50   Data          13  mpu6050.o(.bss.acc_x_str)
    acc_y_str                                0x24000a5d   Data          13  mpu6050.o(.bss.acc_y_str)
    acc_z_str                                0x24000a6a   Data          13  mpu6050.o(.bss.acc_z_str)
    disk                                     0x24000a78   Data          12  ff_gen_drv.o(.bss.disk)
    hdma_usart1_rx                           0x24000a84   Data         120  usart.o(.bss.hdma_usart1_rx)
    hdma_usart1_tx                           0x24000afc   Data         120  usart.o(.bss.hdma_usart1_tx)
    hi2c1                                    0x24000b74   Data          84  i2c.o(.bss.hi2c1)
    hi2c2                                    0x24000bc8   Data          84  i2c.o(.bss.hi2c2)
    hmdma_mdma_channel0_sdmmc1_end_data_0    0x24000c1c   Data         108  mdma.o(.bss.hmdma_mdma_channel0_sdmmc1_end_data_0)
    hrtc                                     0x24000c88   Data          36  rtc.o(.bss.hrtc)
    hsd1                                     0x24000cac   Data         124  sdmmc.o(.bss.hsd1)
    hsdram1                                  0x24000d28   Data          52  fmc.o(.bss.hsdram1)
    huart1                                   0x24000d5c   Data         148  usart.o(.bss.huart1)
    init_test_mode                           0x24000df0   Data           4  setup.o(.bss.init_test_mode)
    timer                                    0x24001000   Data           4  mpu6050.o(.bss.timer)
    uwTick                                   0x24001004   Data           4  stm32h7xx_hal.o(.bss.uwTick)
    workBuffer                               0x24001008   Data        2048  bsp_file.o(.bss.workBuffer)
    __heap_base                              0x24001808   Data           0  startup_stm32h743xx.o(HEAP)
    __heap_limit                             0x24003808   Data           0  startup_stm32h743xx.o(HEAP)
    __initial_sp                             0x24005808   Data           0  startup_stm32h743xx.o(STACK)



==============================================================================

Memory Map of the image

  Image Entry point : 0x08000299

  Load Region LR_IROM1 (Base: 0x08000000, Size: 0x0000ef20, Max: 0x00200000, ABSOLUTE)

    Execution Region ER_IROM1 (Exec base: 0x08000000, Load base: 0x08000000, Size: 0x0000ee24, Max: 0x00200000, ABSOLUTE)

    Exec Addr    Load Addr    Size         Type   Attr      Idx    E Section Name        Object

    0x08000000   0x08000000   0x00000298   Data   RO         2405    RESET               startup_stm32h743xx.o
    0x08000298   0x08000298   0x00000000   Code   RO         2696  * .ARM.Collect$$$$00000000  mc_w.l(entry.o)
    0x08000298   0x08000298   0x00000004   Code   RO         3029    .ARM.Collect$$$$00000001  mc_w.l(entry2.o)
    0x0800029c   0x0800029c   0x00000004   Code   RO         3032    .ARM.Collect$$$$00000004  mc_w.l(entry5.o)
    0x080002a0   0x080002a0   0x00000000   Code   RO         3034    .ARM.Collect$$$$00000008  mc_w.l(entry7b.o)
    0x080002a0   0x080002a0   0x00000000   Code   RO         3036    .ARM.Collect$$$$0000000A  mc_w.l(entry8b.o)
    0x080002a0   0x080002a0   0x00000008   Code   RO         3037    .ARM.Collect$$$$0000000B  mc_w.l(entry9a.o)
    0x080002a8   0x080002a8   0x00000000   Code   RO         3039    .ARM.Collect$$$$0000000D  mc_w.l(entry10a.o)
    0x080002a8   0x080002a8   0x00000000   Code   RO         3041    .ARM.Collect$$$$0000000F  mc_w.l(entry11a.o)
    0x080002a8   0x080002a8   0x00000004   Code   RO         3030    .ARM.Collect$$$$00002712  mc_w.l(entry2.o)
    0x080002ac   0x080002ac   0x00000024   Code   RO         2406    .text               startup_stm32h743xx.o
    0x080002d0   0x080002d0   0x00000062   Code   RO         2703    .text               mc_w.l(uldiv.o)
    0x08000332   0x08000332   0x00000040   Code   RO         2709    .text               mc_w.l(memmovea.o)
    0x08000372   0x08000372   0x00000024   Code   RO         2711    .text               mc_w.l(memseta.o)
    0x08000396   0x08000396   0x0000001a   Code   RO         2715    .text               mc_w.l(memcmp.o)
    0x080003b0   0x080003b0   0x0000002c   Code   RO         3044    .text               mc_w.l(uidiv.o)
    0x080003dc   0x080003dc   0x0000001e   Code   RO         3046    .text               mc_w.l(llshl.o)
    0x080003fa   0x080003fa   0x00000020   Code   RO         3048    .text               mc_w.l(llushr.o)
    0x0800041a   0x0800041a   0x00000000   Code   RO         3059    .text               mc_w.l(iusefp.o)
    0x0800041a   0x0800041a   0x0000014e   Code   RO         3060    .text               mf_w.l(dadd.o)
    0x08000568   0x08000568   0x000000e4   Code   RO         3062    .text               mf_w.l(dmul.o)
    0x0800064c   0x0800064c   0x000000de   Code   RO         3064    .text               mf_w.l(ddiv.o)
    0x0800072a   0x0800072a   0x0000002e   Code   RO         3066    .text               mf_w.l(dscalb.o)
    0x08000758   0x08000758   0x00000030   Code   RO         3068    .text               mf_w.l(dfixul.o)
    0x08000788   0x08000788   0x00000030   Code   RO         3070    .text               mf_w.l(cdrcmple.o)
    0x080007b8   0x080007b8   0x00000024   Code   RO         3072    .text               mc_w.l(init.o)
    0x080007dc   0x080007dc   0x00000024   Code   RO         3074    .text               mc_w.l(llsshr.o)
    0x08000800   0x08000800   0x000000ba   Code   RO         3076    .text               mf_w.l(depilogue.o)
    0x080008ba   0x080008ba   0x00000002   PAD
    0x080008bc   0x080008bc   0x0000000c   Code   RO         2334    .text.BSP_SD_GetCardInfo  bsp_driver_sd.o
    0x080008c8   0x080008c8   0x00000010   Code   RO         2332    .text.BSP_SD_GetCardState  bsp_driver_sd.o
    0x080008d8   0x080008d8   0x0000002c   Code   RO         2316    .text.BSP_SD_Init   bsp_driver_sd.o
    0x08000904   0x08000904   0x00000010   Code   RO         2318    .text.BSP_SD_IsDetected  bsp_driver_sd.o
    0x08000914   0x08000914   0x00000068   Code   RO         1651    .text.BSP_SD_ReadBlocks_DMA  bsp_file.o
    0x0800097c   0x0800097c   0x0000000c   Code   RO         2373    .text.BSP_SD_ReadCpltCallback  sd_diskio.o
    0x08000988   0x08000988   0x00000070   Code   RO         1653    .text.BSP_SD_WriteBlocks_DMA  bsp_file.o
    0x080009f8   0x080009f8   0x0000000c   Code   RO         2371    .text.BSP_SD_WriteCpltCallback  sd_diskio.o
    0x08000a04   0x08000a04   0x00000002   Code   RO         2553    .text.BusFault_Handler  stm32h7xx_it.o
    0x08000a06   0x08000a06   0x00000002   PAD
    0x08000a08   0x08000a08   0x0000000c   Code   RO         2565    .text.DMA1_Stream0_IRQHandler  stm32h7xx_it.o
    0x08000a14   0x08000a14   0x0000000c   Code   RO         2567    .text.DMA1_Stream1_IRQHandler  stm32h7xx_it.o
    0x08000a20   0x08000a20   0x000000a4   Code   RO          309    .text.DMA_CalcBaseAndBitshift  stm32h7xx_hal_dma.o
    0x08000ac4   0x08000ac4   0x00000090   Code   RO          311    .text.DMA_CalcDMAMUXChannelBaseAndMask  stm32h7xx_hal_dma.o
    0x08000b54   0x08000b54   0x00000064   Code   RO          313    .text.DMA_CalcDMAMUXRequestGenBaseAndMask  stm32h7xx_hal_dma.o
    0x08000bb8   0x08000bb8   0x000001f4   Code   RO          319    .text.DMA_SetConfig  stm32h7xx_hal_dma.o
    0x08000dac   0x08000dac   0x00000002   Code   RO         2559    .text.DebugMon_Handler  stm32h7xx_it.o
    0x08000dae   0x08000dae   0x00000008   Code   RO         2417    .text.Error_Handler  main.o
    0x08000db6   0x08000db6   0x00000006   Code   RO         1931    .text.FATFS_LinkDriver  ff_gen_drv.o
    0x08000dbc   0x08000dbc   0x00000050   Code   RO         1929    .text.FATFS_LinkDriverEx  ff_gen_drv.o
    0x08000e0c   0x08000e0c   0x00000062   Code   RO          905    .text.FMC_SDRAM_Init  stm32h7xx_ll_fmc.o
    0x08000e6e   0x08000e6e   0x00000014   Code   RO          917    .text.FMC_SDRAM_ProgramRefreshRate  stm32h7xx_ll_fmc.o
    0x08000e82   0x08000e82   0x0000002e   Code   RO          915    .text.FMC_SDRAM_SendCommand  stm32h7xx_ll_fmc.o
    0x08000eb0   0x08000eb0   0x00000094   Code   RO          907    .text.FMC_SDRAM_Timing_Init  stm32h7xx_ll_fmc.o
    0x08000f44   0x08000f44   0x000000c4   Code   RO         1649    .text.FatFs_DeleteFile  bsp_file.o
    0x08001008   0x08001008   0x0000014c   Code   RO         1637    .text.FatFs_GetDiskInfo  bsp_file.o
    0x08001154   0x08001154   0x000000ec   Code   RO         1645    .text.FatFs_GetFileInfo  bsp_file.o
    0x08001240   0x08001240   0x00000060   Code   RO         1647    .text.FatFs_PrintfFileDate  bsp_file.o
    0x080012a0   0x080012a0   0x000000b8   Code   RO         1641    .text.FatFs_ReadTXTFile  bsp_file.o
    0x08001358   0x08001358   0x000000e8   Code   RO         1643    .text.FatFs_ScanDir  bsp_file.o
    0x08001440   0x08001440   0x000000cc   Code   RO         1639    .text.FatFs_WriteTXTFile  bsp_file.o
    0x0800150c   0x0800150c   0x00000310   Code   RO          323    .text.HAL_DMA_Abort  stm32h7xx_hal_dma.o
    0x0800181c   0x0800181c   0x000001d8   Code   RO          325    .text.HAL_DMA_Abort_IT  stm32h7xx_hal_dma.o
    0x080019f4   0x080019f4   0x00000574   Code   RO          329    .text.HAL_DMA_IRQHandler  stm32h7xx_hal_dma.o
    0x08001f68   0x08001f68   0x00000368   Code   RO          307    .text.HAL_DMA_Init  stm32h7xx_hal_dma.o
    0x080022d0   0x080022d0   0x0000027c   Code   RO          321    .text.HAL_DMA_Start_IT  stm32h7xx_hal_dma.o
    0x0800254c   0x0800254c   0x00000024   Code   RO          577    .text.HAL_Delay     stm32h7xx_hal.o
    0x08002570   0x08002570   0x00000190   Code   RO          251    .text.HAL_GPIO_Init  stm32h7xx_hal_gpio.o
    0x08002700   0x08002700   0x0000000a   Code   RO          255    .text.HAL_GPIO_ReadPin  stm32h7xx_hal_gpio.o
    0x0800270a   0x0800270a   0x0000000a   Code   RO          257    .text.HAL_GPIO_WritePin  stm32h7xx_hal_gpio.o
    0x08002714   0x08002714   0x0000000c   Code   RO          585    .text.HAL_GetREVID  stm32h7xx_hal.o
    0x08002720   0x08002720   0x0000000c   Code   RO          569    .text.HAL_GetTick   stm32h7xx_hal.o
    0x0800272c   0x0800272c   0x0000004a   Code   RO          831    .text.HAL_I2CEx_ConfigAnalogFilter  stm32h7xx_hal_i2c_ex.o
    0x08002776   0x08002776   0x00000048   Code   RO          833    .text.HAL_I2CEx_ConfigDigitalFilter  stm32h7xx_hal_i2c_ex.o
    0x080027be   0x080027be   0x00000002   PAD
    0x080027c0   0x080027c0   0x000000b0   Code   RO          664    .text.HAL_I2C_Init  stm32h7xx_hal_i2c.o
    0x08002870   0x08002870   0x00000148   Code   RO          672    .text.HAL_I2C_Master_Transmit  stm32h7xx_hal_i2c.o
    0x080029b8   0x080029b8   0x000001b4   Code   RO          730    .text.HAL_I2C_Mem_Read  stm32h7xx_hal_i2c.o
    0x08002b6c   0x08002b6c   0x000001ac   Code   RO          728    .text.HAL_I2C_Mem_Write  stm32h7xx_hal_i2c.o
    0x08002d18   0x08002d18   0x00000118   Code   RO         2472    .text.HAL_I2C_MspInit  i2c.o
    0x08002e30   0x08002e30   0x00000014   Code   RO          567    .text.HAL_IncTick   stm32h7xx_hal.o
    0x08002e44   0x08002e44   0x00000058   Code   RO          557    .text.HAL_Init      stm32h7xx_hal.o
    0x08002e9c   0x08002e9c   0x00000044   Code   RO          559    .text.HAL_InitTick  stm32h7xx_hal.o
    0x08002ee0   0x08002ee0   0x00000066   Code   RO          380    .text.HAL_MDMA_ConfigPostRequestMask  stm32h7xx_hal_mdma.o
    0x08002f46   0x08002f46   0x00000002   PAD
    0x08002f48   0x08002f48   0x0000017c   Code   RO          410    .text.HAL_MDMA_IRQHandler  stm32h7xx_hal_mdma.o
    0x080030c4   0x080030c4   0x000000f0   Code   RO          376    .text.HAL_MDMA_Init  stm32h7xx_hal_mdma.o
    0x080031b4   0x080031b4   0x00000014   Code   RO           41    .text.HAL_MPU_Disable  stm32h7xx_hal_cortex.o
    0x080031c8   0x080031c8   0x00000020   Code   RO           43    .text.HAL_MPU_Enable  stm32h7xx_hal_cortex.o
    0x080031e8   0x080031e8   0x00000020   Code   RO         2583    .text.HAL_MspInit   stm32h7xx_hal_msp.o
    0x08003208   0x08003208   0x0000001c   Code   RO           31    .text.HAL_NVIC_EnableIRQ  stm32h7xx_hal_cortex.o
    0x08003224   0x08003224   0x00000040   Code   RO           27    .text.HAL_NVIC_SetPriority  stm32h7xx_hal_cortex.o
    0x08003264   0x08003264   0x00000020   Code   RO           25    .text.HAL_NVIC_SetPriorityGrouping  stm32h7xx_hal_cortex.o
    0x08003284   0x08003284   0x00000048   Code   RO          468    .text.HAL_PWREx_ConfigSupply  stm32h7xx_hal_pwr_ex.o
    0x080032cc   0x080032cc   0x00000024   Code   RO          133    .text.HAL_RCCEx_GetD3PCLK1Freq  stm32h7xx_hal_rcc_ex.o
    0x080032f0   0x080032f0   0x00000110   Code   RO          127    .text.HAL_RCCEx_GetPLL1ClockFreq  stm32h7xx_hal_rcc_ex.o
    0x08003400   0x08003400   0x0000010c   Code   RO          129    .text.HAL_RCCEx_GetPLL2ClockFreq  stm32h7xx_hal_rcc_ex.o
    0x0800350c   0x0800350c   0x0000010c   Code   RO          131    .text.HAL_RCCEx_GetPLL3ClockFreq  stm32h7xx_hal_rcc_ex.o
    0x08003618   0x08003618   0x00000290   Code   RO          125    .text.HAL_RCCEx_GetPeriphCLKFreq  stm32h7xx_hal_rcc_ex.o
    0x080038a8   0x080038a8   0x00000998   Code   RO          117    .text.HAL_RCCEx_PeriphCLKConfig  stm32h7xx_hal_rcc_ex.o
    0x08004240   0x08004240   0x00000218   Code   RO           84    .text.HAL_RCC_ClockConfig  stm32h7xx_hal_rcc.o
    0x08004458   0x08004458   0x00000040   Code   RO           94    .text.HAL_RCC_GetHCLKFreq  stm32h7xx_hal_rcc.o
    0x08004498   0x08004498   0x0000001c   Code   RO           96    .text.HAL_RCC_GetPCLK1Freq  stm32h7xx_hal_rcc.o
    0x080044b4   0x080044b4   0x00000024   Code   RO           98    .text.HAL_RCC_GetPCLK2Freq  stm32h7xx_hal_rcc.o
    0x080044d8   0x080044d8   0x000000fc   Code   RO           86    .text.HAL_RCC_GetSysClockFreq  stm32h7xx_hal_rcc.o
    0x080045d4   0x080045d4   0x00000522   Code   RO           82    .text.HAL_RCC_OscConfig  stm32h7xx_hal_rcc.o
    0x08004af6   0x08004af6   0x00000002   PAD
    0x08004af8   0x08004af8   0x00000094   Code   RO          993    .text.HAL_RTC_Init  stm32h7xx_hal_rtc.o
    0x08004b8c   0x08004b8c   0x00000048   Code   RO         2499    .text.HAL_RTC_MspInit  rtc.o
    0x08004bd4   0x08004bd4   0x000000a8   Code   RO         1013    .text.HAL_RTC_SetDate  stm32h7xx_hal_rtc.o
    0x08004c7c   0x08004c7c   0x000000dc   Code   RO         1005    .text.HAL_RTC_SetTime  stm32h7xx_hal_rtc.o
    0x08004d58   0x08004d58   0x00000030   Code   RO         1031    .text.HAL_RTC_WaitForSynchro  stm32h7xx_hal_rtc.o
    0x08004d88   0x08004d88   0x00000002   Code   RO         1291    .text.HAL_SDEx_Read_DMADoubleBuf0CpltCallback  stm32h7xx_hal_sd.o
    0x08004d8a   0x08004d8a   0x00000002   Code   RO         1287    .text.HAL_SDEx_Read_DMADoubleBuf1CpltCallback  stm32h7xx_hal_sd.o
    0x08004d8c   0x08004d8c   0x00000002   Code   RO         1289    .text.HAL_SDEx_Write_DMADoubleBuf0CpltCallback  stm32h7xx_hal_sd.o
    0x08004d8e   0x08004d8e   0x00000002   Code   RO         1285    .text.HAL_SDEx_Write_DMADoubleBuf1CpltCallback  stm32h7xx_hal_sd.o
    0x08004d90   0x08004d90   0x00000050   Code   RO          932    .text.HAL_SDRAM_Init  stm32h7xx_hal_sdram.o
    0x08004de0   0x08004de0   0x000000ec   Code   RO         2452    .text.HAL_SDRAM_MspInit  fmc.o
    0x08004ecc   0x08004ecc   0x00000030   Code   RO          976    .text.HAL_SDRAM_ProgramRefreshRate  stm32h7xx_hal_sdram.o
    0x08004efc   0x08004efc   0x0000003c   Code   RO          974    .text.HAL_SDRAM_SendCommand  stm32h7xx_hal_sdram.o
    0x08004f38   0x08004f38   0x0000018c   Code   RO         1255    .text.HAL_SD_ConfigWideBusOperation  stm32h7xx_hal_sd.o
    0x080050c4   0x080050c4   0x00000002   Code   RO         1279    .text.HAL_SD_ErrorCallback  stm32h7xx_hal_sd.o
    0x080050c6   0x080050c6   0x00000002   PAD
    0x080050c8   0x080050c8   0x0000018c   Code   RO         1301    .text.HAL_SD_GetCardCSD  stm32h7xx_hal_sd.o
    0x08005254   0x08005254   0x00000022   Code   RO         1303    .text.HAL_SD_GetCardInfo  stm32h7xx_hal_sd.o
    0x08005276   0x08005276   0x00000028   Code   RO         1257    .text.HAL_SD_GetCardState  stm32h7xx_hal_sd.o
    0x0800529e   0x0800529e   0x00000002   PAD
    0x080052a0   0x080052a0   0x00000188   Code   RO         1253    .text.HAL_SD_GetCardStatus  stm32h7xx_hal_sd.o
    0x08005428   0x08005428   0x0000025c   Code   RO         1277    .text.HAL_SD_IRQHandler  stm32h7xx_hal_sd.o
    0x08005684   0x08005684   0x0000009a   Code   RO         1247    .text.HAL_SD_Init   stm32h7xx_hal_sd.o
    0x0800571e   0x0800571e   0x00000002   PAD
    0x08005720   0x08005720   0x00000280   Code   RO         1251    .text.HAL_SD_InitCard  stm32h7xx_hal_sd.o
    0x080059a0   0x080059a0   0x000000d0   Code   RO         2515    .text.HAL_SD_MspInit  sdmmc.o
    0x08005a70   0x08005a70   0x000000cc   Code   RO         1271    .text.HAL_SD_ReadBlocks_DMA  stm32h7xx_hal_sd.o
    0x08005b3c   0x08005b3c   0x00000004   Code   RO         2344    .text.HAL_SD_RxCpltCallback  bsp_driver_sd.o
    0x08005b40   0x08005b40   0x00000004   Code   RO         2340    .text.HAL_SD_TxCpltCallback  bsp_driver_sd.o
    0x08005b44   0x08005b44   0x000000d0   Code   RO         1273    .text.HAL_SD_WriteBlocks_DMA  stm32h7xx_hal_sd.o
    0x08005c14   0x08005c14   0x00000028   Code   RO           39    .text.HAL_SYSTICK_Config  stm32h7xx_hal_cortex.o
    0x08005c3c   0x08005c3c   0x00000036   Code   RO         1511    .text.HAL_UARTEx_DisableFifoMode  stm32h7xx_hal_uart_ex.o
    0x08005c72   0x08005c72   0x0000005a   Code   RO         1521    .text.HAL_UARTEx_ReceiveToIdle_DMA  stm32h7xx_hal_uart_ex.o
    0x08005ccc   0x08005ccc   0x0000002c   Code   RO         1588    .text.HAL_UARTEx_RxEventCallback  bsp_usart.o
    0x08005cf8   0x08005cf8   0x00000002   Code   RO         1495    .text.HAL_UARTEx_RxFifoFullCallback  stm32h7xx_hal_uart_ex.o
    0x08005cfa   0x08005cfa   0x0000004a   Code   RO         1515    .text.HAL_UARTEx_SetRxFifoThreshold  stm32h7xx_hal_uart_ex.o
    0x08005d44   0x08005d44   0x0000004a   Code   RO         1513    .text.HAL_UARTEx_SetTxFifoThreshold  stm32h7xx_hal_uart_ex.o
    0x08005d8e   0x08005d8e   0x00000002   Code   RO         1497    .text.HAL_UARTEx_TxFifoEmptyCallback  stm32h7xx_hal_uart_ex.o
    0x08005d90   0x08005d90   0x00000002   Code   RO         1493    .text.HAL_UARTEx_WakeupCallback  stm32h7xx_hal_uart_ex.o
    0x08005d92   0x08005d92   0x00000002   Code   RO         1435    .text.HAL_UART_ErrorCallback  stm32h7xx_hal_uart.o
    0x08005d94   0x08005d94   0x0000031c   Code   RO         1431    .text.HAL_UART_IRQHandler  stm32h7xx_hal_uart.o
    0x080060b0   0x080060b0   0x00000066   Code   RO         1343    .text.HAL_UART_Init  stm32h7xx_hal_uart.o
    0x08006116   0x08006116   0x00000002   PAD
    0x08006118   0x08006118   0x00000108   Code   RO         2531    .text.HAL_UART_MspInit  usart.o
    0x08006220   0x08006220   0x00000002   Code   RO         1443    .text.HAL_UART_RxCpltCallback  stm32h7xx_hal_uart.o
    0x08006222   0x08006222   0x00000002   Code   RO         1445    .text.HAL_UART_RxHalfCpltCallback  stm32h7xx_hal_uart.o
    0x08006224   0x08006224   0x000000bc   Code   RO         1363    .text.HAL_UART_Transmit  stm32h7xx_hal_uart.o
    0x080062e0   0x080062e0   0x00000088   Code   RO         1383    .text.HAL_UART_Transmit_DMA  stm32h7xx_hal_uart.o
    0x08006368   0x08006368   0x00000002   Code   RO         1439    .text.HAL_UART_TxCpltCallback  stm32h7xx_hal_uart.o
    0x0800636a   0x0800636a   0x00000002   Code   RO         1441    .text.HAL_UART_TxHalfCpltCallback  stm32h7xx_hal_uart.o
    0x0800636c   0x0800636c   0x00000002   Code   RO         2549    .text.HardFault_Handler  stm32h7xx_it.o
    0x0800636e   0x0800636e   0x0000001e   Code   RO          688    .text.I2C_Flush_TXDR  stm32h7xx_hal_i2c.o
    0x0800638c   0x0800638c   0x000000f8   Code   RO          820    .text.I2C_IsErrorOccurred  stm32h7xx_hal_i2c.o
    0x08006484   0x08006484   0x00000028   Code   RO          676    .text.I2C_TransferConfig  stm32h7xx_hal_i2c.o
    0x080064ac   0x080064ac   0x0000007c   Code   RO          674    .text.I2C_WaitOnFlagUntilTimeout  stm32h7xx_hal_i2c.o
    0x08006528   0x08006528   0x00000050   Code   RO          680    .text.I2C_WaitOnSTOPFlagUntilTimeout  stm32h7xx_hal_i2c.o
    0x08006578   0x08006578   0x00000058   Code   RO          678    .text.I2C_WaitOnTXISFlagUntilTimeout  stm32h7xx_hal_i2c.o
    0x080065d0   0x080065d0   0x0000009a   Code   RO         1676    .text.Kalman_getAngle  mpu6050.o
    0x0800666a   0x0800666a   0x00000002   PAD
    0x0800666c   0x0800666c   0x00000014   Code   RO         1550    .text.LED           bsp_led.o
    0x08006680   0x08006680   0x00000024   Code   RO         1552    .text.LED_Toggle    bsp_led.o
    0x080066a4   0x080066a4   0x00000014   Code   RO         1584    .text.MCU_send      bsp_usart.o
    0x080066b8   0x080066b8   0x0000000c   Code   RO         2573    .text.MDMA_IRQHandler  stm32h7xx_it.o
    0x080066c4   0x080066c4   0x00000004   PAD
    0x080066c8   0x080066c8   0x00000288   Code   RO         2592    .text.MPU6050_Gravity_Projection  sensing.o
    0x08006950   0x08006950   0x0000009c   Code   RO         1666    .text.MPU6050_Init  mpu6050.o
    0x080069ec   0x080069ec   0x00000004   PAD
    0x080069f0   0x080069f0   0x00000088   Code   RO         1668    .text.MPU6050_Read_Accel  mpu6050.o
    0x08006a78   0x08006a78   0x0000028c   Code   RO         1674    .text.MPU6050_Read_All  mpu6050.o
    0x08006d04   0x08006d04   0x000001a8   Code   RO         2594    .text.MPU6050_Read_Show  sensing.o
    0x08006eac   0x08006eac   0x00000040   Code   RO         2440    .text.MX_DMA_Init   dma.o
    0x08006eec   0x08006eec   0x00000018   Code   RO         2389    .text.MX_FATFS_Init  fatfs.o
    0x08006f04   0x08006f04   0x00000068   Code   RO         2450    .text.MX_FMC_Init   fmc.o
    0x08006f6c   0x08006f6c   0x000000c8   Code   RO         2429    .text.MX_GPIO_Init  gpio.o
    0x08007034   0x08007034   0x00000054   Code   RO         2468    .text.MX_I2C1_Init  i2c.o
    0x08007088   0x08007088   0x00000058   Code   RO         2470    .text.MX_I2C2_Init  i2c.o
    0x080070e0   0x080070e0   0x00000080   Code   RO         2487    .text.MX_MDMA_Init  mdma.o
    0x08007160   0x08007160   0x00000074   Code   RO         2497    .text.MX_RTC_Init   rtc.o
    0x080071d4   0x080071d4   0x00000024   Code   RO         2513    .text.MX_SDMMC1_SD_Init  sdmmc.o
    0x080071f8   0x080071f8   0x00000068   Code   RO         2529    .text.MX_USART1_UART_Init  usart.o
    0x08007260   0x08007260   0x00000002   Code   RO         2551    .text.MemManage_Handler  stm32h7xx_it.o
    0x08007262   0x08007262   0x00000002   PAD
    0x08007264   0x08007264   0x00000104   Code   RO         1635    .text.Mount_FatFs   bsp_file.o
    0x08007368   0x08007368   0x00000002   Code   RO         2547    .text.NMI_Handler   stm32h7xx_it.o
    0x0800736a   0x0800736a   0x00000002   PAD
    0x0800736c   0x0800736c   0x000002bc   Code   RO            2    .text.Node_Init     setup.o
    0x08007628   0x08007628   0x00000018   Code   RO         1763    .text.OLED_DrawImage  oled.o
    0x08007640   0x08007640   0x00000080   Code   RO         1723    .text.OLED_Init     oled.o
    0x080076c0   0x080076c0   0x00000010   Code   RO         1731    .text.OLED_NewFrame  oled.o
    0x080076d0   0x080076d0   0x0000002a   Code   RO         1765    .text.OLED_PrintASCIIChar  oled.o
    0x080076fa   0x080076fa   0x00000030   Code   RO         1767    .text.OLED_PrintASCIIString  oled.o
    0x0800772a   0x0800772a   0x000000ee   Code   RO         1771    .text.OLED_PrintString  oled.o
    0x08007818   0x08007818   0x0000001c   Code   RO         1719    .text.OLED_Send     oled.o
    0x08007834   0x08007834   0x00000010   Code   RO         1721    .text.OLED_SendCmd  oled.o
    0x08007844   0x08007844   0x0000004a   Code   RO         1743    .text.OLED_SetBits  oled.o
    0x0800788e   0x0800788e   0x0000006a   Code   RO         1741    .text.OLED_SetBits_Fine  oled.o
    0x080078f8   0x080078f8   0x00000080   Code   RO         1745    .text.OLED_SetBlock  oled.o
    0x08007978   0x08007978   0x0000005c   Code   RO         1737    .text.OLED_SetByte_Fine  oled.o
    0x080079d4   0x080079d4   0x00000054   Code   RO         1733    .text.OLED_ShowFrame  oled.o
    0x08007a28   0x08007a28   0x00000002   Code   RO         2561    .text.PendSV_Handler  stm32h7xx_it.o
    0x08007a2a   0x08007a2a   0x00000002   PAD
    0x08007a2c   0x08007a2c   0x00000100   Code   RO          119    .text.RCCEx_PLL2_Config  stm32h7xx_hal_rcc_ex.o
    0x08007b2c   0x08007b2c   0x00000104   Code   RO          121    .text.RCCEx_PLL3_Config  stm32h7xx_hal_rcc_ex.o
    0x08007c30   0x08007c30   0x0000002c   Code   RO         1007    .text.RTC_ByteToBcd2  stm32h7xx_hal_rtc.o
    0x08007c5c   0x08007c5c   0x00000044   Code   RO          997    .text.RTC_EnterInitMode  stm32h7xx_hal_rtc.o
    0x08007ca0   0x08007ca0   0x00000050   Code   RO          999    .text.RTC_ExitInitMode  stm32h7xx_hal_rtc.o
    0x08007cf0   0x08007cf0   0x0000000c   Code   RO         2571    .text.SDMMC1_IRQHandler  stm32h7xx_it.o
    0x08007cfc   0x08007cfc   0x00000032   Code   RO         1187    .text.SDMMC_CmdAppCommand  stm32h7xx_ll_sdmmc.o
    0x08007d2e   0x08007d2e   0x0000002c   Code   RO         1189    .text.SDMMC_CmdAppOperCommand  stm32h7xx_ll_sdmmc.o
    0x08007d5a   0x08007d5a   0x00000032   Code   RO         1155    .text.SDMMC_CmdBlockLength  stm32h7xx_ll_sdmmc.o
    0x08007d8c   0x08007d8c   0x00000032   Code   RO         1193    .text.SDMMC_CmdBusWidth  stm32h7xx_ll_sdmmc.o
    0x08007dbe   0x08007dbe   0x00000002   PAD
    0x08007dc0   0x08007dc0   0x00000054   Code   RO         1181    .text.SDMMC_CmdGoIdleState  stm32h7xx_ll_sdmmc.o
    0x08007e14   0x08007e14   0x00000030   Code   RO         1183    .text.SDMMC_CmdOperCond  stm32h7xx_ll_sdmmc.o
    0x08007e44   0x08007e44   0x00000032   Code   RO         1161    .text.SDMMC_CmdReadMultiBlock  stm32h7xx_ll_sdmmc.o
    0x08007e76   0x08007e76   0x00000032   Code   RO         1159    .text.SDMMC_CmdReadSingleBlock  stm32h7xx_ll_sdmmc.o
    0x08007ea8   0x08007ea8   0x00000032   Code   RO         1179    .text.SDMMC_CmdSelDesel  stm32h7xx_ll_sdmmc.o
    0x08007eda   0x08007eda   0x0000002c   Code   RO         1197    .text.SDMMC_CmdSendCID  stm32h7xx_ll_sdmmc.o
    0x08007f06   0x08007f06   0x0000002c   Code   RO         1201    .text.SDMMC_CmdSendCSD  stm32h7xx_ll_sdmmc.o
    0x08007f32   0x08007f32   0x00000032   Code   RO         1195    .text.SDMMC_CmdSendSCR  stm32h7xx_ll_sdmmc.o
    0x08007f64   0x08007f64   0x00000032   Code   RO         1211    .text.SDMMC_CmdSendStatus  stm32h7xx_ll_sdmmc.o
    0x08007f96   0x08007f96   0x00000032   Code   RO         1203    .text.SDMMC_CmdSetRelAdd  stm32h7xx_ll_sdmmc.o
    0x08007fc8   0x08007fc8   0x00000032   Code   RO         1213    .text.SDMMC_CmdStatusRegister  stm32h7xx_ll_sdmmc.o
    0x08007ffa   0x08007ffa   0x00000002   PAD
    0x08007ffc   0x08007ffc   0x00000058   Code   RO         1177    .text.SDMMC_CmdStopTransfer  stm32h7xx_ll_sdmmc.o
    0x08008054   0x08008054   0x00000032   Code   RO         1165    .text.SDMMC_CmdWriteMultiBlock  stm32h7xx_ll_sdmmc.o
    0x08008086   0x08008086   0x00000032   Code   RO         1163    .text.SDMMC_CmdWriteSingleBlock  stm32h7xx_ll_sdmmc.o
    0x080080b8   0x080080b8   0x0000002a   Code   RO         1147    .text.SDMMC_ConfigData  stm32h7xx_ll_sdmmc.o
    0x080080e2   0x080080e2   0x00000002   PAD
    0x080080e4   0x080080e4   0x00000120   Code   RO         1157    .text.SDMMC_GetCmdResp1  stm32h7xx_ll_sdmmc.o
    0x08008204   0x08008204   0x0000004c   Code   RO         1199    .text.SDMMC_GetCmdResp2  stm32h7xx_ll_sdmmc.o
    0x08008250   0x08008250   0x00000044   Code   RO         1191    .text.SDMMC_GetCmdResp3  stm32h7xx_ll_sdmmc.o
    0x08008294   0x08008294   0x0000008c   Code   RO         1205    .text.SDMMC_GetCmdResp6  stm32h7xx_ll_sdmmc.o
    0x08008320   0x08008320   0x00000058   Code   RO         1185    .text.SDMMC_GetCmdResp7  stm32h7xx_ll_sdmmc.o
    0x08008378   0x08008378   0x00000008   Code   RO         1139    .text.SDMMC_GetPowerState  stm32h7xx_ll_sdmmc.o
    0x08008380   0x08008380   0x00000006   Code   RO         1145    .text.SDMMC_GetResponse  stm32h7xx_ll_sdmmc.o
    0x08008386   0x08008386   0x00000002   PAD
    0x08008388   0x08008388   0x00000028   Code   RO         1127    .text.SDMMC_Init    stm32h7xx_ll_sdmmc.o
    0x080083b0   0x080083b0   0x0000000e   Code   RO         1133    .text.SDMMC_PowerState_ON  stm32h7xx_ll_sdmmc.o
    0x080083be   0x080083be   0x00000006   Code   RO         1129    .text.SDMMC_ReadFIFO  stm32h7xx_ll_sdmmc.o
    0x080083c4   0x080083c4   0x0000002c   Code   RO         1141    .text.SDMMC_SendCommand  stm32h7xx_ll_sdmmc.o
    0x080083f0   0x080083f0   0x0000000c   Code   RO         1131    .text.SDMMC_WriteFIFO  stm32h7xx_ll_sdmmc.o
    0x080083fc   0x080083fc   0x00000088   Code   RO         1563    .text.SDRAM_InitSequence  bsp_sdram.o
    0x08008484   0x08008484   0x00000154   Code   RO         1569    .text.SDRAM_Test    bsp_sdram.o
    0x080085d8   0x080085d8   0x0000001c   Code   RO         2367    .text.SD_CheckStatus  sd_diskio.o
    0x080085f4   0x080085f4   0x00000028   Code   RO         2369    .text.SD_CheckStatusWithTimeout  sd_diskio.o
    0x0800861c   0x0800861c   0x000000d4   Code   RO         1313    .text.SD_FindSCR    stm32h7xx_hal_sd.o
    0x080086f0   0x080086f0   0x00000018   Code   RO         2357    .text.SD_initialize  sd_diskio.o
    0x08008708   0x08008708   0x00000050   Code   RO         2365    .text.SD_ioctl      sd_diskio.o
    0x08008758   0x08008758   0x00000128   Code   RO         2361    .text.SD_read       sd_diskio.o
    0x08008880   0x08008880   0x00000004   Code   RO         2359    .text.SD_status     sd_diskio.o
    0x08008884   0x08008884   0x00000120   Code   RO         2363    .text.SD_write      sd_diskio.o
    0x080089a4   0x080089a4   0x00000002   Code   RO         2557    .text.SVC_Handler   stm32h7xx_it.o
    0x080089a6   0x080089a6   0x00000004   Code   RO         2563    .text.SysTick_Handler  stm32h7xx_it.o
    0x080089aa   0x080089aa   0x00000002   PAD
    0x080089ac   0x080089ac   0x00000104   Code   RO         2415    .text.SystemClock_Config  main.o
    0x08008ab0   0x08008ab0   0x000000b4   Code   RO         1535    .text.SystemInit    system_stm32h7xx.o
    0x08008b64   0x08008b64   0x00000054   Code   RO         1509    .text.UARTEx_SetNbDataToProcess  stm32h7xx_hal_uart_ex.o
    0x08008bb8   0x08008bb8   0x000000c6   Code   RO         1347    .text.UART_AdvFeatureConfig  stm32h7xx_hal_uart.o
    0x08008c7e   0x08008c7e   0x00000002   PAD
    0x08008c80   0x08008c80   0x000000b4   Code   RO         1351    .text.UART_CheckIdleState  stm32h7xx_hal_uart.o
    0x08008d34   0x08008d34   0x00000010   Code   RO         1433    .text.UART_DMAAbortOnError  stm32h7xx_hal_uart.o
    0x08008d44   0x08008d44   0x0000005a   Code   RO         1389    .text.UART_DMAError  stm32h7xx_hal_uart.o
    0x08008d9e   0x08008d9e   0x00000082   Code   RO         1477    .text.UART_DMAReceiveCplt  stm32h7xx_hal_uart.o
    0x08008e20   0x08008e20   0x0000001a   Code   RO         1479    .text.UART_DMARxHalfCplt  stm32h7xx_hal_uart.o
    0x08008e3a   0x08008e3a   0x0000003e   Code   RO         1385    .text.UART_DMATransmitCplt  stm32h7xx_hal_uart.o
    0x08008e78   0x08008e78   0x00000006   Code   RO         1387    .text.UART_DMATxHalfCplt  stm32h7xx_hal_uart.o
    0x08008e7e   0x08008e7e   0x00000002   PAD
    0x08008e80   0x08008e80   0x0000005c   Code   RO         1403    .text.UART_EndRxTransfer  stm32h7xx_hal_uart.o
    0x08008edc   0x08008edc   0x00000030   Code   RO         1401    .text.UART_EndTxTransfer  stm32h7xx_hal_uart.o
    0x08008f0c   0x08008f0c   0x0000039c   Code   RO         1349    .text.UART_SetConfig  stm32h7xx_hal_uart.o
    0x080092a8   0x080092a8   0x0000009c   Code   RO         1393    .text.UART_Start_Receive_DMA  stm32h7xx_hal_uart.o
    0x08009344   0x08009344   0x0000009a   Code   RO         1365    .text.UART_WaitOnFlagUntilTimeout  stm32h7xx_hal_uart.o
    0x080093de   0x080093de   0x00000002   PAD
    0x080093e0   0x080093e0   0x0000000c   Code   RO         2569    .text.USART1_IRQHandler  stm32h7xx_it.o
    0x080093ec   0x080093ec   0x00000002   Code   RO         2555    .text.UsageFault_Handler  stm32h7xx_it.o
    0x080093ee   0x080093ee   0x00000032   Code   RO         1769    .text._OLED_GetUTF8Len  oled.o
    0x08009420   0x08009420   0x00000024   Code   RO           29    .text.__NVIC_SetPriority  stm32h7xx_hal_cortex.o
    0x08009444   0x08009444   0x00000080   Code   RO         2606    .text.arm_mean_f32  arm_cortexM7lfdp_math.lib(arm_mean_f32.o)
    0x080094c4   0x080094c4   0x000000e8   Code   RO         2616    .text.arm_std_f32   arm_cortexM7lfdp_math.lib(arm_std_f32.o)
    0x080095ac   0x080095ac   0x0000006c   Code   RO         1906    .text.check_fs      ff.o
    0x08009618   0x08009618   0x00000070   Code   RO         1818    .text.chk_lock      ff.o
    0x08009688   0x08009688   0x0000001c   Code   RO         1810    .text.clear_lock    ff.o
    0x080096a4   0x080096a4   0x00000028   Code   RO         1844    .text.clmt_clust    ff.o
    0x080096cc   0x080096cc   0x00000018   Code   RO         1838    .text.clust2sect    ff.o
    0x080096e4   0x080096e4   0x000000ce   Code   RO         1850    .text.create_chain  ff.o
    0x080097b2   0x080097b2   0x00000002   PAD
    0x080097b4   0x080097b4   0x00000040   Code   RO         1858    .text.dec_lock      ff.o
    0x080097f4   0x080097f4   0x00000180   Code   RO         1908    .text.dir_find      ff.o
    0x08009974   0x08009974   0x00000120   Code   RO         1874    .text.dir_next      ff.o
    0x08009a94   0x08009a94   0x00000128   Code   RO         1870    .text.dir_read      ff.o
    0x08009bbc   0x08009bbc   0x000002b4   Code   RO         1820    .text.dir_register  ff.o
    0x08009e70   0x08009e70   0x00000056   Code   RO         1884    .text.dir_remove    ff.o
    0x08009ec6   0x08009ec6   0x00000002   PAD
    0x08009ec8   0x08009ec8   0x0000009c   Code   RO         1864    .text.dir_sdi       ff.o
    0x08009f64   0x08009f64   0x00000028   Code   RO         1787    .text.disk_initialize  diskio.o
    0x08009f8c   0x08009f8c   0x00000014   Code   RO         1793    .text.disk_ioctl    diskio.o
    0x08009fa0   0x08009fa0   0x0000001c   Code   RO         1789    .text.disk_read     diskio.o
    0x08009fbc   0x08009fbc   0x00000010   Code   RO         1785    .text.disk_status   diskio.o
    0x08009fcc   0x08009fcc   0x00000020   Code   RO         1791    .text.disk_write    diskio.o
    0x08009fec   0x08009fec   0x00000024   Code   RO         1856    .text.f_close       ff.o
    0x0800a010   0x0800a010   0x0000001e   Code   RO         1866    .text.f_closedir    ff.o
    0x0800a02e   0x0800a02e   0x000000f8   Code   RO         1878    .text.f_getfree     ff.o
    0x0800a126   0x0800a126   0x0000005a   Code   RO         1894    .text.f_gets        ff.o
    0x0800a180   0x0800a180   0x00000600   Code   RO         1892    .text.f_mkfs        ff.o
    0x0800a780   0x0800a780   0x00000054   Code   RO         1806    .text.f_mount       ff.o
    0x0800a7d4   0x0800a7d4   0x00000238   Code   RO         1814    .text.f_open        ff.o
    0x0800aa0c   0x0800aa0c   0x00000090   Code   RO         1862    .text.f_opendir     ff.o
    0x0800aa9c   0x0800aa9c   0x0000002a   Code   RO         1902    .text.f_puts        ff.o
    0x0800aac6   0x0800aac6   0x0000017a   Code   RO         1840    .text.f_read        ff.o
    0x0800ac40   0x0800ac40   0x00000056   Code   RO         1868    .text.f_readdir     ff.o
    0x0800ac96   0x0800ac96   0x00000044   Code   RO         1876    .text.f_stat        ff.o
    0x0800acda   0x0800acda   0x00000090   Code   RO         1852    .text.f_sync        ff.o
    0x0800ad6a   0x0800ad6a   0x000000a0   Code   RO         1882    .text.f_unlink      ff.o
    0x0800ae0a   0x0800ae0a   0x0000019e   Code   RO         1848    .text.f_write       ff.o
    0x0800afa8   0x0800afa8   0x00000040   Code   RO         1950    .text.ff_convert    ccsbcs.o
    0x0800afe8   0x0800afe8   0x00000088   Code   RO         1952    .text.ff_wtoupper   ccsbcs.o
    0x0800b070   0x0800b070   0x00000260   Code   RO         1812    .text.find_volume   ff.o
    0x0800b2d0   0x0800b2d0   0x00000288   Code   RO         1816    .text.follow_path   ff.o
    0x0800b558   0x0800b558   0x00000024   Code   RO            4    .text.fputc         setup.o
    0x0800b57c   0x0800b57c   0x000000b8   Code   RO         1836    .text.get_fat       ff.o
    0x0800b634   0x0800b634   0x00000004   Code   RO         2391    .text.get_fattime   fatfs.o
    0x0800b638   0x0800b638   0x00000108   Code   RO         1872    .text.get_fileinfo  ff.o
    0x0800b740   0x0800b740   0x00000042   Code   RO         1808    .text.get_ldnumber  ff.o
    0x0800b782   0x0800b782   0x00000002   PAD
    0x0800b784   0x0800b784   0x00000088   Code   RO         1832    .text.inc_lock      ff.o
    0x0800b80c   0x0800b80c   0x0000001e   Code   RO         1824    .text.ld_clust      ff.o
    0x0800b82a   0x0800b82a   0x00000004   Code   RO         1834    .text.ld_dword      ff.o
    0x0800b82e   0x0800b82e   0x00000002   PAD
    0x0800b830   0x0800b830   0x000000e4   Code   RO         2413    .text.main          main.o
    0x0800b914   0x0800b914   0x00000014   Code   RO         1846    .text.mem_cpy       ff.o
    0x0800b928   0x0800b928   0x00000064   Code   RO         1603    .text.memory_alloc  bsp_memory.o
    0x0800b98c   0x0800b98c   0x00000060   Code   RO         1605    .text.memory_free   bsp_memory.o
    0x0800b9ec   0x0800b9ec   0x00000014   Code   RO         1601    .text.memory_init   bsp_memory.o
    0x0800ba00   0x0800ba00   0x00000054   Code   RO         1607    .text.memory_management_test  bsp_memory.o
    0x0800ba54   0x0800ba54   0x00000036   Code   RO         1830    .text.move_window   ff.o
    0x0800ba8a   0x0800ba8a   0x000000f2   Code   RO         1912    .text.put_fat       ff.o
    0x0800bb7c   0x0800bb7c   0x00000046   Code   RO         1898    .text.putc_bfd      ff.o
    0x0800bbc2   0x0800bbc2   0x0000002c   Code   RO         1900    .text.putc_flush    ff.o
    0x0800bbee   0x0800bbee   0x0000006c   Code   RO         1828    .text.remove_chain  ff.o
    0x0800bc5a   0x0800bc5a   0x00000018   Code   RO         1826    .text.st_clust      ff.o
    0x0800bc72   0x0800bc72   0x00000010   Code   RO         1822    .text.st_dword      ff.o
    0x0800bc82   0x0800bc82   0x0000001a   Code   RO         1910    .text.sum_sfn       ff.o
    0x0800bc9c   0x0800bc9c   0x00000088   Code   RO         1854    .text.sync_fs       ff.o
    0x0800bd24   0x0800bd24   0x0000004e   Code   RO         1888    .text.sync_window   ff.o
    0x0800bd72   0x0800bd72   0x00000032   Code   RO         1842    .text.validate      ff.o
    0x0800bda4   0x0800bda4   0x00000020   Code   RO         2954    i.__0printf         mc_w.l(printfa.o)
    0x0800bdc4   0x0800bdc4   0x00000028   Code   RO         2956    i.__0sprintf        mc_w.l(printfa.o)
    0x0800bdec   0x0800bdec   0x00000030   Code   RO         3024    i.__ARM_fpclassify  m_wv.l(fpclassify.o)
    0x0800be1c   0x0800be1c   0x00000004   PAD
    0x0800be20   0x0800be20   0x000001d4   Code   RO         2626    i.__hardfp_atan     m_wv.l(atan.o)
    0x0800bff4   0x0800bff4   0x00000004   PAD
    0x0800bff8   0x0800bff8   0x000001c8   Code   RO         2640    i.__hardfp_atan2    m_wv.l(atan2.o)
    0x0800c1c0   0x0800c1c0   0x00000014   Code   RO         2652    i.__hardfp_fabs     m_wv.l(fabs.o)
    0x0800c1d4   0x0800c1d4   0x00000004   PAD
    0x0800c1d8   0x0800c1d8   0x000008c4   Code   RO         2658    i.__hardfp_pow      m_wv.l(pow.o)
    0x0800ca9c   0x0800ca9c   0x00000066   Code   RO         2672    i.__hardfp_sqrt     m_wv.l(sqrt.o)
    0x0800cb02   0x0800cb02   0x0000003a   Code   RO         2684    i.__hardfp_sqrtf    m_wv.l(sqrtf.o)
    0x0800cb3c   0x0800cb3c   0x00000070   Code   RO         3026    i.__kernel_poly     m_wv.l(poly.o)
    0x0800cbac   0x0800cbac   0x00000004   PAD
    0x0800cbb0   0x0800cbb0   0x00000018   Code   RO         3010    i.__mathlib_dbl_divzero  m_wv.l(dunder.o)
    0x0800cbc8   0x0800cbc8   0x00000006   Code   RO         3011    i.__mathlib_dbl_infnan  m_wv.l(dunder.o)
    0x0800cbce   0x0800cbce   0x00000006   Code   RO         3012    i.__mathlib_dbl_infnan2  m_wv.l(dunder.o)
    0x0800cbd4   0x0800cbd4   0x00000004   PAD
    0x0800cbd8   0x0800cbd8   0x00000018   Code   RO         3013    i.__mathlib_dbl_invalid  m_wv.l(dunder.o)
    0x0800cbf0   0x0800cbf0   0x00000018   Code   RO         3014    i.__mathlib_dbl_overflow  m_wv.l(dunder.o)
    0x0800cc08   0x0800cc08   0x00000018   Code   RO         3016    i.__mathlib_dbl_underflow  m_wv.l(dunder.o)
    0x0800cc20   0x0800cc20   0x0000000e   Code   RO         3080    i.__scatterload_copy  mc_w.l(handlers.o)
    0x0800cc2e   0x0800cc2e   0x00000002   Code   RO         3081    i.__scatterload_null  mc_w.l(handlers.o)
    0x0800cc30   0x0800cc30   0x0000000e   Code   RO         3082    i.__scatterload_zeroinit  mc_w.l(handlers.o)
    0x0800cc3e   0x0800cc3e   0x00000002   PAD
    0x0800cc40   0x0800cc40   0x0000000c   Code   RO         3054    i.__set_errno       mc_w.l(errno.o)
    0x0800cc4c   0x0800cc4c   0x00000184   Code   RO         2961    i._fp_digits        mc_w.l(printfa.o)
    0x0800cdd0   0x0800cdd0   0x000006dc   Code   RO         2962    i._printf_core      mc_w.l(printfa.o)
    0x0800d4ac   0x0800d4ac   0x00000024   Code   RO         2963    i._printf_post_padding  mc_w.l(printfa.o)
    0x0800d4d0   0x0800d4d0   0x0000002e   Code   RO         2964    i._printf_pre_padding  mc_w.l(printfa.o)
    0x0800d4fe   0x0800d4fe   0x0000000a   Code   RO         2966    i._sputc            mc_w.l(printfa.o)
    0x0800d508   0x0800d508   0x00000010   Code   RO         2628    i.atan              m_wv.l(atan.o)
    0x0800d518   0x0800d518   0x00000018   Code   RO         2654    i.fabs              m_wv.l(fabs.o)
    0x0800d530   0x0800d530   0x00000050   Code   RO         2982    i.free              mc_w.l(malloc.o)
    0x0800d580   0x0800d580   0x0000006c   Code   RO         2983    i.malloc            mc_w.l(malloc.o)
    0x0800d5ec   0x0800d5ec   0x00000024   Code   RO         2699    i.puts              mc_w.l(puts.o)
    0x0800d610   0x0800d610   0x0000006a   Code   RO         2674    i.sqrt              m_wv.l(sqrt.o)
    0x0800d67a   0x0800d67a   0x00000006   PAD
    0x0800d680   0x0800d680   0x00000098   Data   RO         2629    .constdata          m_wv.l(atan.o)
    0x0800d718   0x0800d718   0x00000088   Data   RO         2661    .constdata          m_wv.l(pow.o)
    0x0800d7a0   0x0800d7a0   0x00000008   Data   RO         3028    .constdata          m_wv.l(qnan.o)
    0x0800d7a8   0x0800d7a8   0x00000010   Data   RO         1539    .rodata.D1CorePrescTable  system_stm32h7xx.o
    0x0800d7b8   0x0800d7b8   0x00000080   Data   RO         1917    .rodata.ExCvt       ff.o
    0x0800d838   0x0800d838   0x0000000d   Data   RO         1918    .rodata.LfnOfs      ff.o
    0x0800d845   0x0800d845   0x00000003   PAD
    0x0800d848   0x0800d848   0x00000014   Data   RO         2375    .rodata.SD_Driver   sd_diskio.o
    0x0800d85c   0x0800d85c   0x00000100   Data   RO         1954    .rodata.Tbl         ccsbcs.o
    0x0800d95c   0x0800d95c   0x00000018   Data   RO         1481    .rodata.UARTPrescTable  stm32h7xx_hal_uart.o
    0x0800d974   0x0800d974   0x00000008   Data   RO         1704    .rodata.afont16x8   font.o
    0x0800d97c   0x0800d97c   0x00000008   Data   RO         1700    .rodata.afont8x6    font.o
    0x0800d984   0x0800d984   0x000005f0   Data   RO         1703    .rodata.ascii_16x8  font.o
    0x0800df74   0x0800df74   0x00000228   Data   RO         1699    .rodata.ascii_8x6   font.o
    0x0800e19c   0x0800e19c   0x0000012c   Data   RO         1711    .rodata.copilotData  font.o
    0x0800e2c8   0x0800e2c8   0x00000008   Data   RO         1712    .rodata.copilotImg  font.o
    0x0800e2d0   0x0800e2d0   0x00000008   Data   RO          339    .rodata.cst8        stm32h7xx_hal_dma.o
    0x0800e2d8   0x0800e2d8   0x00000010   Data   RO         1525    .rodata.cst8        stm32h7xx_hal_uart_ex.o
    0x0800e2e8   0x0800e2e8   0x00000010   Data   RO         1708    .rodata.font16x16   font.o
    0x0800e2f8   0x0800e2f8   0x000004bd   Data   RO           15    .rodata.str1.1      setup.o
    0x0800e7b5   0x0800e7b5   0x000000b8   Data   RO         1572    .rodata.str1.1      bsp_sdram.o
    0x0800e86d   0x0800e86d   0x00000185   Data   RO         1656    .rodata.str1.1      bsp_file.o
    0x0800e9f2   0x0800e9f2   0x00000044   Data   RO         1915    .rodata.str1.1      ff.o
    0x0800ea36   0x0800ea36   0x00000072   Data   RO         2596    .rodata.str1.1      sensing.o
    0x0800eaa8   0x0800eaa8   0x0000001c   Data   RO         1914    .rodata.str2.2      ff.o
    0x0800eac4   0x0800eac4   0x000002ae   Data   RO         1955    .rodata.str2.2      ccsbcs.o
    0x0800ed72   0x0800ed72   0x00000090   Data   RO         1707    .rodata.zh16x16     font.o
    0x0800ee02   0x0800ee02   0x00000002   PAD
    0x0800ee04   0x0800ee04   0x00000020   Data   RO         3079    Region$$Table       anon$$obj.o


    Execution Region RW_IRAM1 (Exec base: 0x20000000, Load base: 0x0800ee24, Size: 0x00000000, Max: 0x00020000, ABSOLUTE)

    **** No section assigned to this execution region ****


    Execution Region RW_IRAM2 (Exec base: 0x24000000, Load base: 0x0800ee40, Size: 0x00005808, Max: 0x00080000, ABSOLUTE)

    Exec Addr    Load Addr    Size         Type   Attr      Idx    E Section Name        Object

    0x24000000   0x0800ee40   0x00000004   Data   RW         3043    .data               mc_w.l(stdout.o)
    0x24000004   0x0800ee44   0x00000004   Data   RW         3050    .data               mc_w.l(mvars.o)
    0x24000008   0x0800ee48   0x00000004   Data   RW         3051    .data               mc_w.l(mvars.o)
    0x2400000c   0x0800ee4c   0x00000004   Data   RW         3055    .data               mc_w.l(errno.o)
    0x24000010   0x0800ee50   0x00000008   Data   RW          654    .data..L_MergedGlobals  stm32h7xx_hal.o
    0x24000018   0x0800ee58   0x00000008   Data   RW         1540    .data..L_MergedGlobals  system_stm32h7xx.o
    0x24000020   0x0800ee60   0x00000024   Data   RW           14    .data.IMU_Calibration_Instance  setup.o
    0x24000044   0x0800ee84   0x00000004   Data   RW           13    .data.Init_Gap      setup.o
    0x24000048   0x0800ee88   0x00000048   Data   RW         1682    .data.KalmanX       mpu6050.o
    0x24000090   0x0800eed0   0x00000048   Data   RW         1683    .data.KalmanY       mpu6050.o
    0x240000d8   0x0800ef18   0x00000001   Data   RW         2376    .data.Stat          sd_diskio.o
    0x240000d9   0x0800ef19   0x00000003   PAD
    0x240000dc   0x0800ef1c   0x00000004   Data   RW         1609    .data.freeList      bsp_memory.o
    0x240000e0        -       0x00000008   Zero   RW         1919    .bss..L_MergedGlobals  ff.o
    0x240000e8        -       0x00000005   Zero   RW         2395    .bss..L_MergedGlobals  fatfs.o
    0x240000ed   0x0800ef20   0x00000003   PAD
    0x240000f0        -       0x00000010   Zero   RW         1571    .bss.Command        bsp_sdram.o
    0x24000100        -       0x00000001   Zero   RW         2457    .bss.FMC_Initialized  fmc.o
    0x24000101   0x0800ef20   0x00000003   PAD
    0x24000104        -       0x00000020   Zero   RW         1916    .bss.Files          ff.o
    0x24000124        -       0x0000000d   Zero   RW         1688    .bss.IMU_Temp       mpu6050.o
    0x24000131   0x0800ef20   0x00000007   PAD
    0x24000138        -       0x00000058   Zero   RW         1689    .bss.MPU6050        mpu6050.o
    0x24000190        -       0x00000400   Zero   RW         1774    .bss.OLED_GRAM      oled.o
    0x24000590        -       0x00000002   Zero   RW         1773    .bss.OLED_SendCmd.sendBuffer  oled.o
    0x24000592        -       0x00000081   Zero   RW         1775    .bss.OLED_ShowFrame.sendBuffer  oled.o
    0x24000613        -       0x00000200   Zero   RW         1590    .bss.RX_IDLE_BUF    bsp_usart.o
    0x24000813   0x0800ef20   0x00000001   PAD
    0x24000814        -       0x00000004   Zero   RW         2377    .bss.ReadStatus     sd_diskio.o
    0x24000818        -       0x00000234   Zero   RW         2393    .bss.SDFatFS        fatfs.o
    0x24000a4c        -       0x00000004   Zero   RW         2379    .bss.WriteStatus    sd_diskio.o
    0x24000a50        -       0x0000000d   Zero   RW         1685    .bss.acc_x_str      mpu6050.o
    0x24000a5d        -       0x0000000d   Zero   RW         1686    .bss.acc_y_str      mpu6050.o
    0x24000a6a        -       0x0000000d   Zero   RW         1687    .bss.acc_z_str      mpu6050.o
    0x24000a77   0x0800ef20   0x00000001   PAD
    0x24000a78        -       0x0000000c   Zero   RW         1939    .bss.disk           ff_gen_drv.o
    0x24000a84        -       0x00000078   Zero   RW         2536    .bss.hdma_usart1_rx  usart.o
    0x24000afc        -       0x00000078   Zero   RW         2537    .bss.hdma_usart1_tx  usart.o
    0x24000b74        -       0x00000054   Zero   RW         2476    .bss.hi2c1          i2c.o
    0x24000bc8        -       0x00000054   Zero   RW         2477    .bss.hi2c2          i2c.o
    0x24000c1c        -       0x0000006c   Zero   RW         2489    .bss.hmdma_mdma_channel0_sdmmc1_end_data_0  mdma.o
    0x24000c88        -       0x00000024   Zero   RW         2503    .bss.hrtc           rtc.o
    0x24000cac        -       0x0000007c   Zero   RW         2519    .bss.hsd1           sdmmc.o
    0x24000d28        -       0x00000034   Zero   RW         2456    .bss.hsdram1        fmc.o
    0x24000d5c        -       0x00000094   Zero   RW         2535    .bss.huart1         usart.o
    0x24000df0        -       0x00000004   Zero   RW           12    .bss.init_test_mode  setup.o
    0x24000df4   0x0800ef20   0x0000000c   PAD
    0x24000e00        -       0x00000200   Zero   RW         2378    .bss.scratch        sd_diskio.o
    0x24001000        -       0x00000004   Zero   RW         1684    .bss.timer          mpu6050.o
    0x24001004        -       0x00000004   Zero   RW          653    .bss.uwTick         stm32h7xx_hal.o
    0x24001008        -       0x00000800   Zero   RW         1655    .bss.workBuffer     bsp_file.o
    0x24001808        -       0x00002000   Zero   RW         2404    HEAP                startup_stm32h743xx.o
    0x24003808        -       0x00002000   Zero   RW         2403    STACK               startup_stm32h743xx.o


==============================================================================

Image component sizes


      Code (inc. data)   RO Data    RW Data    ZI Data      Debug   Object Name

        96          0          0          0          0       5430   bsp_driver_sd.o
      1956        972        389          0       2048       7885   bsp_file.o
        56          4          0          0          0       1275   bsp_led.o
       300         20          0          4          0       2040   bsp_memory.o
       476        132        184          0         16       2621   bsp_sdram.o
        64         12          0          0        512       4833   bsp_usart.o
       200         22        942          0          0       1666   ccsbcs.o
       136          4          0          0          0       1854   diskio.o
        64          4          0          0          0       5315   dma.o
        28          8          0          0        569       1860   fatfs.o
      9320        140        237          0         40      46532   ff.o
        86          4          0          0         12       2429   ff_gen_drv.o
       340         24          0          0         53       8274   fmc.o
         0          0       2556          0          0       1344   font.o
       200          8          0          0          0       3077   gpio.o
       452         36          0          0        168       8390   i2c.o
       496         20          0          0          0       6258   main.o
       128         12          0          0        108       7328   mdma.o
      1098         88          0        144        144       7499   mpu6050.o
      1074         20          0          0       1155      12119   oled.o
       188         20          0          0         36       6499   rtc.o
       784         32         20          1        520       6901   sd_diskio.o
       244         20          0          0        124       9817   sdmmc.o
      1072        332        114          0          0       2440   sensing.o
       736        264       1213         40          4       2198   setup.o
        36          8        664          0      16384        848   startup_stm32h743xx.o
       236         32          0          8          4      14597   stm32h7xx_hal.o
       252         32          0          0          0      12053   stm32h7xx_hal_cortex.o
      5068        608          8          0          0      14267   stm32h7xx_hal_dma.o
       420         20          0          0          0       6738   stm32h7xx_hal_gpio.o
      1978         28          0          0          0      38220   stm32h7xx_hal_i2c.o
       146          0          0          0          0       7216   stm32h7xx_hal_i2c_ex.o
       722          8          0          0          0      11608   stm32h7xx_hal_mdma.o
        32          4          0          0          0       2226   stm32h7xx_hal_msp.o
        72          4          0          0          0      10267   stm32h7xx_hal_pwr_ex.o
      2230         64          0          0          0      10977   stm32h7xx_hal_rcc.o
      4472        252          0          0          0      17421   stm32h7xx_hal_rcc_ex.o
       776         20          0          0          0      11862   stm32h7xx_hal_rtc.o
      3290         48          0          0          0      23133   stm32h7xx_hal_sd.o
       188          4          0          0          0      11253   stm32h7xx_hal_sdram.o
      3314        186         24          0          0      31830   stm32h7xx_hal_uart.o
       382          8         16          0          0       9606   stm32h7xx_hal_uart_ex.o
        80         20          0          0          0       1493   stm32h7xx_it.o
       312         16          0          0          0       8263   stm32h7xx_ll_fmc.o
      1784         36          0          0          0      15185   stm32h7xx_ll_sdmmc.o
       180         40         16          8          0       5659   system_stm32h7xx.o
       368         32          0          0        388      11486   usart.o

    ----------------------------------------------------------------------
     45988       3676       6420        208      22312     442092   Object Totals
         0          0         32          0          0          0   (incl. Generated)
        56          8          5          3         27          0   (incl. Padding)

    ----------------------------------------------------------------------

      Code (inc. data)   RO Data    RW Data    ZI Data      Debug   Library Member Name

       128          4          0          0          0       1023   arm_mean_f32.o
       232          4          0          0          0       1892   arm_std_f32.o
       484         66        152          0          0        348   atan.o
       456         64          0          0          0        180   atan2.o
       108         52          0          0          0        696   dunder.o
        44          0          0          0          0        248   fabs.o
        48          0          0          0          0        124   fpclassify.o
       112          0          0          0          0        116   poly.o
      2244        252        136          0          0        320   pow.o
         0          0          8          0          0          0   qnan.o
       208          0          0          0          0        280   sqrt.o
        58          0          0          0          0        136   sqrtf.o
         0          0          0          0          0          0   entry.o
         0          0          0          0          0          0   entry10a.o
         0          0          0          0          0          0   entry11a.o
         8          4          0          0          0          0   entry2.o
         4          0          0          0          0          0   entry5.o
         0          0          0          0          0          0   entry7b.o
         0          0          0          0          0          0   entry8b.o
         8          4          0          0          0          0   entry9a.o
        12          6          0          4          0         68   errno.o
        30          0          0          0          0          0   handlers.o
        36          8          0          0          0         68   init.o
         0          0          0          0          0          0   iusefp.o
        30          0          0          0          0         68   llshl.o
        36          0          0          0          0         68   llsshr.o
        32          0          0          0          0         68   llushr.o
       188         20          0          0          0        160   malloc.o
        26          0          0          0          0         80   memcmp.o
        64          0          0          0          0         76   memmovea.o
        36          0          0          0          0        108   memseta.o
         0          0          0          8          0          0   mvars.o
      2308         96          0          0          0        604   printfa.o
        36          6          0          0          0         80   puts.o
         0          0          0          4          0          0   stdout.o
        44          0          0          0          0         80   uidiv.o
        98          0          0          0          0         92   uldiv.o
        48          0          0          0          0         68   cdrcmple.o
       334          0          0          0          0        148   dadd.o
       222          0          0          0          0        100   ddiv.o
       186          0          0          0          0        176   depilogue.o
        48          0          0          0          0         68   dfixul.o
       228          0          0          0          0         96   dmul.o
        46          0          0          0          0         80   dscalb.o

    ----------------------------------------------------------------------
      8260        590        296         16          0       7719   Library Totals
        30          4          0          0          0          0   (incl. Padding)

    ----------------------------------------------------------------------

      Code (inc. data)   RO Data    RW Data    ZI Data      Debug   Library Name

       360          8          0          0          0       2915   arm_cortexM7lfdp_math.lib
      3762        434        296          0          0       2448   m_wv.l
      2996        144          0         16          0       1620   mc_w.l
      1112          0          0          0          0        736   mf_w.l

    ----------------------------------------------------------------------
      8260        590        296         16          0       7719   Library Totals

    ----------------------------------------------------------------------

==============================================================================


      Code (inc. data)   RO Data    RW Data    ZI Data      Debug   

     54248       4266       6716        224      22312     446431   Grand Totals
     54248       4266       6716        224      22312     446431   ELF Image Totals
     54248       4266       6716        224          0          0   ROM Totals

==============================================================================

    Total RO  Size (Code + RO Data)                60964 (  59.54kB)
    Total RW  Size (RW Data + ZI Data)             22536 (  22.01kB)
    Total ROM Size (Code + RO Data + RW Data)      61188 (  59.75kB)

==============================================================================

