../EdgeIntelligence/CMSIS-DSP/Source/FilteringFunctions/arm_biquad_cascade_df1_32x64_init_q31.c:69:6:arm_biquad_cas_df1_32x64_init_q31	24	static
../EdgeIntelligence/CMSIS-DSP/Source/FilteringFunctions/arm_biquad_cascade_df1_32x64_q31.c:175:6:arm_biquad_cas_df1_32x64_q31	392	static
../EdgeIntelligence/CMSIS-DSP/Source/FilteringFunctions/arm_biquad_cascade_df1_f32.c:319:6:arm_biquad_cascade_df1_f32	96	static
../EdgeIntelligence/CMSIS-DSP/Source/FilteringFunctions/arm_biquad_cascade_df1_fast_q15.c:60:6:arm_biquad_cascade_df1_fast_q15	200	static,ignoring_inline_asm
../EdgeIntelligence/CMSIS-DSP/Source/FilteringFunctions/arm_biquad_cascade_df1_fast_q31.c:62:6:arm_biquad_cascade_df1_fast_q31	320	static
../EdgeIntelligence/CMSIS-DSP/Source/FilteringFunctions/arm_biquad_cascade_df1_init_f32.c:70:6:arm_biquad_cascade_df1_init_f32	24	static
../EdgeIntelligence/CMSIS-DSP/Source/FilteringFunctions/arm_biquad_cascade_df1_init_q15.c:71:6:arm_biquad_cascade_df1_init_q15	24	static
../EdgeIntelligence/CMSIS-DSP/Source/FilteringFunctions/arm_biquad_cascade_df1_init_q31.c:70:6:arm_biquad_cascade_df1_init_q31	24	static
../EdgeIntelligence/CMSIS-DSP/Source/FilteringFunctions/arm_biquad_cascade_df1_q15.c:59:6:arm_biquad_cascade_df1_q15	432	static,ignoring_inline_asm
../EdgeIntelligence/CMSIS-DSP/Source/FilteringFunctions/arm_biquad_cascade_df1_q31.c:59:6:arm_biquad_cascade_df1_q31	264	static
../EdgeIntelligence/CMSIS-DSP/Source/FilteringFunctions/arm_biquad_cascade_df2T_f32.c:219:6:arm_biquad_cascade_df2T_f32	16	static
../EdgeIntelligence/CMSIS-DSP/Source/FilteringFunctions/arm_biquad_cascade_df2T_f64.c:137:6:arm_biquad_cascade_df2T_f64	24	static
../EdgeIntelligence/CMSIS-DSP/Source/FilteringFunctions/arm_biquad_cascade_df2T_init_f32.c:190:6:arm_biquad_cascade_df2T_init_f32	24	static
../EdgeIntelligence/CMSIS-DSP/Source/FilteringFunctions/arm_biquad_cascade_df2T_init_f64.c:65:6:arm_biquad_cascade_df2T_init_f64	24	static
../EdgeIntelligence/CMSIS-DSP/Source/FilteringFunctions/arm_biquad_cascade_stereo_df2T_f32.c:50:6:arm_biquad_cascade_stereo_df2T_f32	16	static
../EdgeIntelligence/CMSIS-DSP/Source/FilteringFunctions/arm_biquad_cascade_stereo_df2T_init_f32.c:65:6:arm_biquad_cascade_stereo_df2T_init_f32	24	static
../EdgeIntelligence/CMSIS-DSP/Source/FilteringFunctions/arm_conv_f32.c:98:6:arm_conv_f32	88	static
../EdgeIntelligence/CMSIS-DSP/Source/FilteringFunctions/arm_conv_fast_opt_q15.c:65:6:arm_conv_fast_opt_q15	80	static,ignoring_inline_asm
../EdgeIntelligence/CMSIS-DSP/Source/FilteringFunctions/arm_conv_fast_q15.c:63:6:arm_conv_fast_q15	848	static,ignoring_inline_asm
../EdgeIntelligence/CMSIS-DSP/Source/FilteringFunctions/arm_conv_fast_q31.c:63:6:arm_conv_fast_q31	1560	static
../EdgeIntelligence/CMSIS-DSP/Source/FilteringFunctions/arm_conv_opt_q15.c:61:6:arm_conv_opt_q15	136	static,ignoring_inline_asm
../EdgeIntelligence/CMSIS-DSP/Source/FilteringFunctions/arm_conv_opt_q7.c:59:6:arm_conv_opt_q7	360	static,ignoring_inline_asm
../EdgeIntelligence/CMSIS-DSP/Source/FilteringFunctions/arm_conv_partial_f32.c:80:12:arm_conv_partial_f32	96	static
../EdgeIntelligence/CMSIS-DSP/Source/FilteringFunctions/arm_conv_partial_fast_opt_q15.c:59:12:arm_conv_partial_fast_opt_q15	128	static,ignoring_inline_asm
../EdgeIntelligence/CMSIS-DSP/Source/FilteringFunctions/arm_conv_partial_fast_q15.c:56:12:arm_conv_partial_fast_q15	856	static,ignoring_inline_asm
../EdgeIntelligence/CMSIS-DSP/Source/FilteringFunctions/arm_conv_partial_fast_q31.c:57:12:arm_conv_partial_fast_q31	256	static
../EdgeIntelligence/CMSIS-DSP/Source/FilteringFunctions/arm_conv_partial_opt_q15.c:59:12:arm_conv_partial_opt_q15	152	static,ignoring_inline_asm
../EdgeIntelligence/CMSIS-DSP/Source/FilteringFunctions/arm_conv_partial_opt_q7.c:56:12:arm_conv_partial_opt_q7	392	static,ignoring_inline_asm
../EdgeIntelligence/CMSIS-DSP/Source/FilteringFunctions/arm_conv_partial_q15.c:59:12:arm_conv_partial_q15	1360	static,ignoring_inline_asm
../EdgeIntelligence/CMSIS-DSP/Source/FilteringFunctions/arm_conv_partial_q31.c:57:12:arm_conv_partial_q31	232	static
../EdgeIntelligence/CMSIS-DSP/Source/FilteringFunctions/arm_conv_partial_q7.c:57:12:arm_conv_partial_q7	128	static,ignoring_inline_asm
../EdgeIntelligence/CMSIS-DSP/Source/FilteringFunctions/arm_conv_q15.c:62:6:arm_conv_q15	1352	static,ignoring_inline_asm
../EdgeIntelligence/CMSIS-DSP/Source/FilteringFunctions/arm_conv_q31.c:63:6:arm_conv_q31	216	static
../EdgeIntelligence/CMSIS-DSP/Source/FilteringFunctions/arm_conv_q7.c:59:6:arm_conv_q7	120	static,ignoring_inline_asm
../EdgeIntelligence/CMSIS-DSP/Source/FilteringFunctions/arm_correlate_f32.c:96:6:arm_correlate_f32	88	static
../EdgeIntelligence/CMSIS-DSP/Source/FilteringFunctions/arm_correlate_fast_opt_q15.c:64:6:arm_correlate_fast_opt_q15	80	static,ignoring_inline_asm
../EdgeIntelligence/CMSIS-DSP/Source/FilteringFunctions/arm_correlate_fast_q15.c:63:6:arm_correlate_fast_q15	800	static,ignoring_inline_asm
../EdgeIntelligence/CMSIS-DSP/Source/FilteringFunctions/arm_correlate_fast_q31.c:65:6:arm_correlate_fast_q31	1568	static
../EdgeIntelligence/CMSIS-DSP/Source/FilteringFunctions/arm_correlate_opt_q15.c:61:6:arm_correlate_opt_q15	128	static,ignoring_inline_asm
../EdgeIntelligence/CMSIS-DSP/Source/FilteringFunctions/arm_correlate_opt_q7.c:59:6:arm_correlate_opt_q7	336	static,ignoring_inline_asm
../EdgeIntelligence/CMSIS-DSP/Source/FilteringFunctions/arm_correlate_q15.c:62:6:arm_correlate_q15	1368	static,ignoring_inline_asm
../EdgeIntelligence/CMSIS-DSP/Source/FilteringFunctions/arm_correlate_q31.c:63:6:arm_correlate_q31	224	static
../EdgeIntelligence/CMSIS-DSP/Source/FilteringFunctions/arm_correlate_q7.c:60:6:arm_correlate_q7	120	static,ignoring_inline_asm
../EdgeIntelligence/CMSIS-DSP/Source/FilteringFunctions/arm_fir_decimate_f32.c:374:6:arm_fir_decimate_f32	80	static
../EdgeIntelligence/CMSIS-DSP/Source/FilteringFunctions/arm_fir_decimate_fast_q15.c:62:6:arm_fir_decimate_fast_q15	216	static,ignoring_inline_asm
../EdgeIntelligence/CMSIS-DSP/Source/FilteringFunctions/arm_fir_decimate_fast_q31.c:62:6:arm_fir_decimate_fast_q31	128	static
../EdgeIntelligence/CMSIS-DSP/Source/FilteringFunctions/arm_fir_decimate_init_f32.c:63:12:arm_fir_decimate_init_f32	32	static
../EdgeIntelligence/CMSIS-DSP/Source/FilteringFunctions/arm_fir_decimate_init_q15.c:64:12:arm_fir_decimate_init_q15	32	static
../EdgeIntelligence/CMSIS-DSP/Source/FilteringFunctions/arm_fir_decimate_init_q31.c:63:12:arm_fir_decimate_init_q31	32	static
../EdgeIntelligence/CMSIS-DSP/Source/FilteringFunctions/arm_fir_decimate_q15.c:62:6:arm_fir_decimate_q15	248	static,ignoring_inline_asm
../EdgeIntelligence/CMSIS-DSP/Source/FilteringFunctions/arm_fir_decimate_q31.c:59:6:arm_fir_decimate_q31	112	static
../EdgeIntelligence/CMSIS-DSP/Source/FilteringFunctions/arm_fir_f32.c:341:6:arm_fir_f32	64	static
../EdgeIntelligence/CMSIS-DSP/Source/FilteringFunctions/arm_fir_fast_q15.c:60:6:arm_fir_fast_q15	72	static,ignoring_inline_asm
../EdgeIntelligence/CMSIS-DSP/Source/FilteringFunctions/arm_fir_fast_q31.c:62:6:arm_fir_fast_q31	112	static
../EdgeIntelligence/CMSIS-DSP/Source/FilteringFunctions/arm_fir_init_f32.c:59:6:arm_fir_init_f32	24	static
../EdgeIntelligence/CMSIS-DSP/Source/FilteringFunctions/arm_fir_init_q15.c:78:12:arm_fir_init_q15	32	static
../EdgeIntelligence/CMSIS-DSP/Source/FilteringFunctions/arm_fir_init_q31.c:58:6:arm_fir_init_q31	24	static
../EdgeIntelligence/CMSIS-DSP/Source/FilteringFunctions/arm_fir_init_q7.c:59:6:arm_fir_init_q7	24	static
../EdgeIntelligence/CMSIS-DSP/Source/FilteringFunctions/arm_fir_interpolate_f32.c:487:6:arm_fir_interpolate_f32	72	static
../EdgeIntelligence/CMSIS-DSP/Source/FilteringFunctions/arm_fir_interpolate_init_f32.c:65:12:arm_fir_interpolate_init_f32	32	static
../EdgeIntelligence/CMSIS-DSP/Source/FilteringFunctions/arm_fir_interpolate_init_q15.c:65:12:arm_fir_interpolate_init_q15	32	static
../EdgeIntelligence/CMSIS-DSP/Source/FilteringFunctions/arm_fir_interpolate_init_q31.c:64:12:arm_fir_interpolate_init_q31	32	static
../EdgeIntelligence/CMSIS-DSP/Source/FilteringFunctions/arm_fir_interpolate_q15.c:57:6:arm_fir_interpolate_q15	112	static,ignoring_inline_asm
../EdgeIntelligence/CMSIS-DSP/Source/FilteringFunctions/arm_fir_interpolate_q31.c:57:6:arm_fir_interpolate_q31	104	static
../EdgeIntelligence/CMSIS-DSP/Source/FilteringFunctions/arm_fir_lattice_f32.c:121:6:arm_fir_lattice_f32	72	static
../EdgeIntelligence/CMSIS-DSP/Source/FilteringFunctions/arm_fir_lattice_init_f32.c:49:6:arm_fir_lattice_init_f32	24	static
../EdgeIntelligence/CMSIS-DSP/Source/FilteringFunctions/arm_fir_lattice_init_q15.c:49:6:arm_fir_lattice_init_q15	24	static
../EdgeIntelligence/CMSIS-DSP/Source/FilteringFunctions/arm_fir_lattice_init_q31.c:49:6:arm_fir_lattice_init_q31	24	static
../EdgeIntelligence/CMSIS-DSP/Source/FilteringFunctions/arm_fir_lattice_q15.c:49:6:arm_fir_lattice_q15	112	static,ignoring_inline_asm
../EdgeIntelligence/CMSIS-DSP/Source/FilteringFunctions/arm_fir_lattice_q31.c:52:6:arm_fir_lattice_q31	168	static
../EdgeIntelligence/CMSIS-DSP/Source/FilteringFunctions/arm_fir_q15.c:60:6:arm_fir_q15	104	static,ignoring_inline_asm
../EdgeIntelligence/CMSIS-DSP/Source/FilteringFunctions/arm_fir_q31.c:59:6:arm_fir_q31	104	static
../EdgeIntelligence/CMSIS-DSP/Source/FilteringFunctions/arm_fir_q7.c:57:6:arm_fir_q7	72	static,ignoring_inline_asm
../EdgeIntelligence/CMSIS-DSP/Source/FilteringFunctions/arm_fir_sparse_f32.c:110:6:arm_fir_sparse_f32	256	static
../EdgeIntelligence/CMSIS-DSP/Source/FilteringFunctions/arm_fir_sparse_init_f32.c:60:6:arm_fir_sparse_init_f32	24	static
../EdgeIntelligence/CMSIS-DSP/Source/FilteringFunctions/arm_fir_sparse_init_q15.c:60:6:arm_fir_sparse_init_q15	24	static
../EdgeIntelligence/CMSIS-DSP/Source/FilteringFunctions/arm_fir_sparse_init_q31.c:59:6:arm_fir_sparse_init_q31	24	static
../EdgeIntelligence/CMSIS-DSP/Source/FilteringFunctions/arm_fir_sparse_init_q7.c:60:6:arm_fir_sparse_init_q7	24	static
../EdgeIntelligence/CMSIS-DSP/Source/FilteringFunctions/arm_fir_sparse_q15.c:59:6:arm_fir_sparse_q15	272	static,ignoring_inline_asm
../EdgeIntelligence/CMSIS-DSP/Source/FilteringFunctions/arm_fir_sparse_q31.c:57:6:arm_fir_sparse_q31	376	static
../EdgeIntelligence/CMSIS-DSP/Source/FilteringFunctions/arm_fir_sparse_q7.c:59:6:arm_fir_sparse_q7	272	static,ignoring_inline_asm
../EdgeIntelligence/CMSIS-DSP/Source/FilteringFunctions/arm_iir_lattice_f32.c:121:6:arm_iir_lattice_f32	80	static
../EdgeIntelligence/CMSIS-DSP/Source/FilteringFunctions/arm_iir_lattice_init_f32.c:51:6:arm_iir_lattice_init_f32	24	static
../EdgeIntelligence/CMSIS-DSP/Source/FilteringFunctions/arm_iir_lattice_init_q15.c:51:6:arm_iir_lattice_init_q15	24	static
../EdgeIntelligence/CMSIS-DSP/Source/FilteringFunctions/arm_iir_lattice_init_q31.c:51:6:arm_iir_lattice_init_q31	24	static
../EdgeIntelligence/CMSIS-DSP/Source/FilteringFunctions/arm_iir_lattice_q15.c:57:6:arm_iir_lattice_q15	176	static,ignoring_inline_asm
../EdgeIntelligence/CMSIS-DSP/Source/FilteringFunctions/arm_iir_lattice_q31.c:56:6:arm_iir_lattice_q31	328	static,ignoring_inline_asm
../EdgeIntelligence/CMSIS-DSP/Source/FilteringFunctions/arm_lms_f32.c:338:6:arm_lms_f32	72	static
../EdgeIntelligence/CMSIS-DSP/Source/FilteringFunctions/arm_lms_init_f32.c:55:6:arm_lms_init_f32	32	static
../EdgeIntelligence/CMSIS-DSP/Source/FilteringFunctions/arm_lms_init_q15.c:62:6:arm_lms_init_q15	24	static
../EdgeIntelligence/CMSIS-DSP/Source/FilteringFunctions/arm_lms_init_q31.c:62:6:arm_lms_init_q31	24	static
../EdgeIntelligence/CMSIS-DSP/Source/FilteringFunctions/arm_lms_norm_f32.c:349:6:arm_lms_norm_f32	88	static
../EdgeIntelligence/CMSIS-DSP/Source/FilteringFunctions/arm_lms_norm_init_f32.c:60:6:arm_lms_norm_init_f32	32	static
../EdgeIntelligence/CMSIS-DSP/Source/FilteringFunctions/arm_lms_norm_init_q15.c:59:6:arm_lms_norm_init_q15	24	static
../EdgeIntelligence/CMSIS-DSP/Source/FilteringFunctions/arm_lms_norm_init_q31.c:58:6:arm_lms_norm_init_q31	24	static
../EdgeIntelligence/CMSIS-DSP/Source/FilteringFunctions/arm_lms_norm_q15.c:65:6:arm_lms_norm_q15	224	static,ignoring_inline_asm
../EdgeIntelligence/CMSIS-DSP/Source/FilteringFunctions/arm_lms_norm_q31.c:65:6:arm_lms_norm_q31	488	static
../EdgeIntelligence/CMSIS-DSP/Source/FilteringFunctions/arm_lms_q15.c:62:6:arm_lms_q15	144	static,ignoring_inline_asm
../EdgeIntelligence/CMSIS-DSP/Source/FilteringFunctions/arm_lms_q31.c:66:6:arm_lms_q31	216	static
