Component: ARM Compiler 6.11 Tool: armlink [5d3b3900]

==============================================================================

Section Cross References

    bsp_init.o(.text.BSP_Init) refers to printfa.o(i.__0printf) for __2printf
    bsp_init.o(.text.BSP_Init) refers to stm32h7xx_hal.o(.text.HAL_Delay) for HAL_Delay
    bsp_init.o(.text.BSP_Init) refers to iusart.o(.text.MCU_serial_init) for MCU_serial_init
    bsp_init.o(.text.BSP_Init) refers to isdram.o(.text.SDRAM_InitSequence) for SDRAM_InitSequence
    bsp_init.o(.text.BSP_Init) refers to isdram.o(.text.SDRAM_Test) for SDRAM_Test
    bsp_init.o(.text.BSP_Init) refers to imemory.o(.text.memory_init) for memory_init
    bsp_init.o(.text.BSP_Init) refers to imemory.o(.text.memory_management_test) for memory_management_test
    bsp_init.o(.text.BSP_Init) refers to ifile.o(.text.Mount_FatFs) for Mount_FatFs
    bsp_init.o(.text.BSP_Init) refers to ifile.o(.text.FatFs_GetDiskInfo) for FatFs_GetDiskInfo
    bsp_init.o(.text.BSP_Init) refers to ifile.o(.text.FatFs_ScanDir) for FatFs_ScanDir
    bsp_init.o(.text.BSP_Init) refers to ifile.o(.text.FatFs_WriteTXTFile) for FatFs_WriteTXTFile
    bsp_init.o(.text.BSP_Init) refers to ifile.o(.text.FatFs_ReadTXTFile) for FatFs_ReadTXTFile
    bsp_init.o(.text.BSP_Init) refers to ifile.o(.text.FatFs_GetFileInfo) for FatFs_GetFileInfo
    bsp_init.o(.text.BSP_Init) refers to ifile.o(.text.FatFs_DeleteFile) for FatFs_DeleteFile
    bsp_init.o(.text.BSP_Init) refers to iled.o(.text.LED) for LED
    bsp_init.o(.text.BSP_Init) refers to bsp_init.o(.data.Init_Gap) for Init_Gap
    bsp_init.o(.text.BSP_Init) refers to bsp_init.o(.rodata.str1.1) for .L.str.1
    bsp_init.o(.ARM.exidx.text.BSP_Init) refers to bsp_init.o(.text.BSP_Init) for [Anonymous Symbol]
    bsp_init.o(.text.fputc) refers to stm32h7xx_hal_uart.o(.text.HAL_UART_Transmit) for HAL_UART_Transmit
    bsp_init.o(.text.fputc) refers to usart.o(.bss.huart1) for huart1
    bsp_init.o(.ARM.exidx.text.fputc) refers to bsp_init.o(.text.fputc) for [Anonymous Symbol]
    bsp_init.o(.text.fgetc) refers to usart.o(.bss.huart1) for huart1
    bsp_init.o(.ARM.exidx.text.fgetc) refers to bsp_init.o(.text.fgetc) for [Anonymous Symbol]
    iled.o(.text.LED) refers to stm32h7xx_hal_gpio.o(.text.HAL_GPIO_WritePin) for HAL_GPIO_WritePin
    iled.o(.ARM.exidx.text.LED) refers to iled.o(.text.LED) for [Anonymous Symbol]
    iled.o(.text.LED_Toggle) refers to stm32h7xx_hal_gpio.o(.text.HAL_GPIO_ReadPin) for HAL_GPIO_ReadPin
    iled.o(.text.LED_Toggle) refers to stm32h7xx_hal_gpio.o(.text.HAL_GPIO_WritePin) for HAL_GPIO_WritePin
    iled.o(.ARM.exidx.text.LED_Toggle) refers to iled.o(.text.LED_Toggle) for [Anonymous Symbol]
    iusart.o(.text.MCU_serial_init) refers to stm32h7xx_hal_uart_ex.o(.text.HAL_UARTEx_ReceiveToIdle_DMA) for HAL_UARTEx_ReceiveToIdle_DMA
    iusart.o(.text.MCU_serial_init) refers to usart.o(.bss.huart1) for huart1
    iusart.o(.text.MCU_serial_init) refers to iusart.o(.bss.RX_IDLE_BUF) for RX_IDLE_BUF
    iusart.o(.ARM.exidx.text.MCU_serial_init) refers to iusart.o(.text.MCU_serial_init) for [Anonymous Symbol]
    iusart.o(.text.MCU_send) refers to stm32h7xx_hal_uart.o(.text.HAL_UART_Transmit_DMA) for HAL_UART_Transmit_DMA
    iusart.o(.text.MCU_send) refers to usart.o(.bss.huart1) for huart1
    iusart.o(.ARM.exidx.text.MCU_send) refers to iusart.o(.text.MCU_send) for [Anonymous Symbol]
    iusart.o(.text.MCU_printf) refers to printfa.o(i.__0vsnprintf) for vsnprintf
    iusart.o(.text.MCU_printf) refers to strlen.o(.text) for strlen
    iusart.o(.text.MCU_printf) refers to iusart.o(.text.MCU_send) for MCU_send
    iusart.o(.ARM.exidx.text.MCU_printf) refers to iusart.o(.text.MCU_printf) for [Anonymous Symbol]
    iusart.o(.text.HAL_UARTEx_RxEventCallback) refers to iusart.o(.text.MCU_send) for MCU_send
    iusart.o(.text.HAL_UARTEx_RxEventCallback) refers to stm32h7xx_hal_uart_ex.o(.text.HAL_UARTEx_ReceiveToIdle_DMA) for HAL_UARTEx_ReceiveToIdle_DMA
    iusart.o(.text.HAL_UARTEx_RxEventCallback) refers to usart.o(.bss.huart1) for huart1
    iusart.o(.text.HAL_UARTEx_RxEventCallback) refers to iusart.o(.bss.RX_IDLE_BUF) for RX_IDLE_BUF
    iusart.o(.ARM.exidx.text.HAL_UARTEx_RxEventCallback) refers to iusart.o(.text.HAL_UARTEx_RxEventCallback) for [Anonymous Symbol]
    isdram.o(.text.SDRAM_InitSequence) refers to stm32h7xx_hal.o(.text.HAL_Delay) for HAL_Delay
    isdram.o(.text.SDRAM_InitSequence) refers to stm32h7xx_hal_sdram.o(.text.HAL_SDRAM_ProgramRefreshRate) for HAL_SDRAM_ProgramRefreshRate
    isdram.o(.text.SDRAM_InitSequence) refers to isdram.o(.bss.Command) for [Anonymous Symbol]
    isdram.o(.text.SDRAM_InitSequence) refers to fmc.o(.bss.hsdram1) for hsdram1
    isdram.o(.text.SDRAM_InitSequence) refers to stm32h7xx_hal_sdram.o(.text.HAL_SDRAM_SendCommand) for HAL_SDRAM_SendCommand
    isdram.o(.ARM.exidx.text.SDRAM_InitSequence) refers to isdram.o(.text.SDRAM_InitSequence) for [Anonymous Symbol]
[...]
    ETH_IRQHandler                           0x080002c7   Thumb Code     0  startup_stm32h743xx.o(.text)
    ETH_WKUP_IRQHandler                      0x080002c7   Thumb Code     0  startup_stm32h743xx.o(.text)
    EXTI0_IRQHandler                         0x080002c7   Thumb Code     0  startup_stm32h743xx.o(.text)
    EXTI15_10_IRQHandler                     0x080002c7   Thumb Code     0  startup_stm32h743xx.o(.text)
    EXTI1_IRQHandler                         0x080002c7   Thumb Code     0  startup_stm32h743xx.o(.text)
    EXTI2_IRQHandler                         0x080002c7   Thumb Code     0  startup_stm32h743xx.o(.text)
    EXTI3_IRQHandler                         0x080002c7   Thumb Code     0  startup_stm32h743xx.o(.text)
    EXTI4_IRQHandler                         0x080002c7   Thumb Code     0  startup_stm32h743xx.o(.text)
    EXTI9_5_IRQHandler                       0x080002c7   Thumb Code     0  startup_stm32h743xx.o(.text)
    FDCAN1_IT0_IRQHandler                    0x080002c7   Thumb Code     0  startup_stm32h743xx.o(.text)
    FDCAN1_IT1_IRQHandler                    0x080002c7   Thumb Code     0  startup_stm32h743xx.o(.text)
    FDCAN2_IT0_IRQHandler                    0x080002c7   Thumb Code     0  startup_stm32h743xx.o(.text)
    FDCAN2_IT1_IRQHandler                    0x080002c7   Thumb Code     0  startup_stm32h743xx.o(.text)
    FDCAN_CAL_IRQHandler                     0x080002c7   Thumb Code     0  startup_stm32h743xx.o(.text)
    FLASH_IRQHandler                         0x080002c7   Thumb Code     0  startup_stm32h743xx.o(.text)
    FMC_IRQHandler                           0x080002c7   Thumb Code     0  startup_stm32h743xx.o(.text)
    FPU_IRQHandler                           0x080002c7   Thumb Code     0  startup_stm32h743xx.o(.text)
    HRTIM1_FLT_IRQHandler                    0x080002c7   Thumb Code     0  startup_stm32h743xx.o(.text)
    HRTIM1_Master_IRQHandler                 0x080002c7   Thumb Code     0  startup_stm32h743xx.o(.text)
    HRTIM1_TIMA_IRQHandler                   0x080002c7   Thumb Code     0  startup_stm32h743xx.o(.text)
    HRTIM1_TIMB_IRQHandler                   0x080002c7   Thumb Code     0  startup_stm32h743xx.o(.text)
    HRTIM1_TIMC_IRQHandler                   0x080002c7   Thumb Code     0  startup_stm32h743xx.o(.text)
    HRTIM1_TIMD_IRQHandler                   0x080002c7   Thumb Code     0  startup_stm32h743xx.o(.text)
    HRTIM1_TIME_IRQHandler                   0x080002c7   Thumb Code     0  startup_stm32h743xx.o(.text)
    HSEM1_IRQHandler                         0x080002c7   Thumb Code     0  startup_stm32h743xx.o(.text)
    I2C1_ER_IRQHandler                       0x080002c7   Thumb Code     0  startup_stm32h743xx.o(.text)
    I2C1_EV_IRQHandler                       0x080002c7   Thumb Code     0  startup_stm32h743xx.o(.text)
    I2C2_ER_IRQHandler                       0x080002c7   Thumb Code     0  startup_stm32h743xx.o(.text)
    I2C2_EV_IRQHandler                       0x080002c7   Thumb Code     0  startup_stm32h743xx.o(.text)
    I2C3_ER_IRQHandler                       0x080002c7   Thumb Code     0  startup_stm32h743xx.o(.text)
    I2C3_EV_IRQHandler                       0x080002c7   Thumb Code     0  startup_stm32h743xx.o(.text)
    I2C4_ER_IRQHandler                       0x080002c7   Thumb Code     0  startup_stm32h743xx.o(.text)
    I2C4_EV_IRQHandler                       0x080002c7   Thumb Code     0  startup_stm32h743xx.o(.text)
    JPEG_IRQHandler                          0x080002c7   Thumb Code     0  startup_stm32h743xx.o(.text)
    LPTIM1_IRQHandler                        0x080002c7   Thumb Code     0  startup_stm32h743xx.o(.text)
    LPTIM2_IRQHandler                        0x080002c7   Thumb Code     0  startup_stm32h743xx.o(.text)
    LPTIM3_IRQHandler                        0x080002c7   Thumb Code     0  startup_stm32h743xx.o(.text)
    LPTIM4_IRQHandler                        0x080002c7   Thumb Code     0  startup_stm32h743xx.o(.text)
    LPTIM5_IRQHandler                        0x080002c7   Thumb Code     0  startup_stm32h743xx.o(.text)
    LPUART1_IRQHandler                       0x080002c7   Thumb Code     0  startup_stm32h743xx.o(.text)
    LTDC_ER_IRQHandler                       0x080002c7   Thumb Code     0  startup_stm32h743xx.o(.text)
    LTDC_IRQHandler                          0x080002c7   Thumb Code     0  startup_stm32h743xx.o(.text)
    MDIOS_IRQHandler                         0x080002c7   Thumb Code     0  startup_stm32h743xx.o(.text)
    MDIOS_WKUP_IRQHandler                    0x080002c7   Thumb Code     0  startup_stm32h743xx.o(.text)
    OTG_FS_EP1_IN_IRQHandler                 0x080002c7   Thumb Code     0  startup_stm32h743xx.o(.text)
    OTG_FS_EP1_OUT_IRQHandler                0x080002c7   Thumb Code     0  startup_stm32h743xx.o(.text)
    OTG_FS_IRQHandler                        0x080002c7   Thumb Code     0  startup_stm32h743xx.o(.text)
    OTG_FS_WKUP_IRQHandler                   0x080002c7   Thumb Code     0  startup_stm32h743xx.o(.text)
    OTG_HS_EP1_IN_IRQHandler                 0x080002c7   Thumb Code     0  startup_stm32h743xx.o(.text)
    OTG_HS_EP1_OUT_IRQHandler                0x080002c7   Thumb Code     0  startup_stm32h743xx.o(.text)
    OTG_HS_IRQHandler                        0x080002c7   Thumb Code     0  startup_stm32h743xx.o(.text)
    OTG_HS_WKUP_IRQHandler                   0x080002c7   Thumb Code     0  startup_stm32h743xx.o(.text)
    PVD_AVD_IRQHandler                       0x080002c7   Thumb Code     0  startup_stm32h743xx.o(.text)
    QUADSPI_IRQHandler                       0x080002c7   Thumb Code     0  startup_stm32h743xx.o(.text)
    RCC_IRQHandler                           0x080002c7   Thumb Code     0  startup_stm32h743xx.o(.text)
    RNG_IRQHandler                           0x080002c7   Thumb Code     0  startup_stm32h743xx.o(.text)
    RTC_Alarm_IRQHandler                     0x080002c7   Thumb Code     0  startup_stm32h743xx.o(.text)
    RTC_WKUP_IRQHandler                      0x080002c7   Thumb Code     0  startup_stm32h743xx.o(.text)
    SAI1_IRQHandler                          0x080002c7   Thumb Code     0  startup_stm32h743xx.o(.text)
    SAI2_IRQHandler                          0x080002c7   Thumb Code     0  startup_stm32h743xx.o(.text)
    SAI3_IRQHandler                          0x080002c7   Thumb Code     0  startup_stm32h743xx.o(.text)
    SAI4_IRQHandler                          0x080002c7   Thumb Code     0  startup_stm32h743xx.o(.text)
    SDMMC2_IRQHandler                        0x080002c7   Thumb Code     0  startup_stm32h743xx.o(.text)
    SPDIF_RX_IRQHandler                      0x080002c7   Thumb Code     0  startup_stm32h743xx.o(.text)
    SPI2_IRQHandler                          0x080002c7   Thumb Code     0  startup_stm32h743xx.o(.text)
    SPI3_IRQHandler                          0x080002c7   Thumb Code     0  startup_stm32h743xx.o(.text)
    SPI4_IRQHandler                          0x080002c7   Thumb Code     0  startup_stm32h743xx.o(.text)
    SPI5_IRQHandler                          0x080002c7   Thumb Code     0  startup_stm32h743xx.o(.text)
    SPI6_IRQHandler                          0x080002c7   Thumb Code     0  startup_stm32h743xx.o(.text)
    SWPMI1_IRQHandler                        0x080002c7   Thumb Code     0  startup_stm32h743xx.o(.text)
    TAMP_STAMP_IRQHandler                    0x080002c7   Thumb Code     0  startup_stm32h743xx.o(.text)
    TIM15_IRQHandler                         0x080002c7   Thumb Code     0  startup_stm32h743xx.o(.text)
    TIM16_IRQHandler                         0x080002c7   Thumb Code     0  startup_stm32h743xx.o(.text)
    TIM17_IRQHandler                         0x080002c7   Thumb Code     0  startup_stm32h743xx.o(.text)
    TIM1_BRK_IRQHandler                      0x080002c7   Thumb Code     0  startup_stm32h743xx.o(.text)
    TIM1_CC_IRQHandler                       0x080002c7   Thumb Code     0  startup_stm32h743xx.o(.text)
    TIM1_TRG_COM_IRQHandler                  0x080002c7   Thumb Code     0  startup_stm32h743xx.o(.text)
    TIM1_UP_IRQHandler                       0x080002c7   Thumb Code     0  startup_stm32h743xx.o(.text)
    TIM2_IRQHandler                          0x080002c7   Thumb Code     0  startup_stm32h743xx.o(.text)
    TIM3_IRQHandler                          0x080002c7   Thumb Code     0  startup_stm32h743xx.o(.text)
    TIM4_IRQHandler                          0x080002c7   Thumb Code     0  startup_stm32h743xx.o(.text)
    TIM5_IRQHandler                          0x080002c7   Thumb Code     0  startup_stm32h743xx.o(.text)
    TIM6_DAC_IRQHandler                      0x080002c7   Thumb Code     0  startup_stm32h743xx.o(.text)
    TIM7_IRQHandler                          0x080002c7   Thumb Code     0  startup_stm32h743xx.o(.text)
    TIM8_BRK_TIM12_IRQHandler                0x080002c7   Thumb Code     0  startup_stm32h743xx.o(.text)
    TIM8_CC_IRQHandler                       0x080002c7   Thumb Code     0  startup_stm32h743xx.o(.text)
    TIM8_TRG_COM_TIM14_IRQHandler            0x080002c7   Thumb Code     0  startup_stm32h743xx.o(.text)
    TIM8_UP_TIM13_IRQHandler                 0x080002c7   Thumb Code     0  startup_stm32h743xx.o(.text)
    UART4_IRQHandler                         0x080002c7   Thumb Code     0  startup_stm32h743xx.o(.text)
    UART5_IRQHandler                         0x080002c7   Thumb Code     0  startup_stm32h743xx.o(.text)
    UART7_IRQHandler                         0x080002c7   Thumb Code     0  startup_stm32h743xx.o(.text)
    UART8_IRQHandler                         0x080002c7   Thumb Code     0  startup_stm32h743xx.o(.text)
    USART2_IRQHandler                        0x080002c7   Thumb Code     0  startup_stm32h743xx.o(.text)
    USART3_IRQHandler                        0x080002c7   Thumb Code     0  startup_stm32h743xx.o(.text)
    USART6_IRQHandler                        0x080002c7   Thumb Code     0  startup_stm32h743xx.o(.text)
    WAKEUP_PIN_IRQHandler                    0x080002c7   Thumb Code     0  startup_stm32h743xx.o(.text)
    WWDG_IRQHandler                          0x080002c7   Thumb Code     0  startup_stm32h743xx.o(.text)
    __aeabi_uldivmod                         0x080002d1   Thumb Code    98  uldiv.o(.text)
    ___aeabi_memcpy4$move                    0x08000333   Thumb Code     0  memmovea.o(.text)
    ___aeabi_memcpy8$move                    0x08000333   Thumb Code     0  memmovea.o(.text)
    __aeabi_memcpy                           0x08000333   Thumb Code    64  memmovea.o(.text)
    __aeabi_memmove                          0x08000333   Thumb Code     0  memmovea.o(.text)
    __aeabi_memmove4                         0x08000333   Thumb Code     0  memmovea.o(.text)
    __aeabi_memmove8                         0x08000333   Thumb Code     0  memmovea.o(.text)
    __aeabi_memset                           0x08000373   Thumb Code    14  memseta.o(.text)
    __aeabi_memset4                          0x08000373   Thumb Code     0  memseta.o(.text)
    __aeabi_memset8                          0x08000373   Thumb Code     0  memseta.o(.text)
    __aeabi_memclr                           0x08000381   Thumb Code     4  memseta.o(.text)
    __aeabi_memclr4                          0x08000381   Thumb Code     0  memseta.o(.text)
    __aeabi_memclr8                          0x08000381   Thumb Code     0  memseta.o(.text)
    _memset$wrapper                          0x08000385   Thumb Code    18  memseta.o(.text)
    __aeabi_uidiv                            0x08000397   Thumb Code     0  uidiv.o(.text)
    __aeabi_uidivmod                         0x08000397   Thumb Code    44  uidiv.o(.text)
    __aeabi_llsl                             0x080003c3   Thumb Code    30  llshl.o(.text)
    _ll_shift_l                              0x080003c3   Thumb Code     0  llshl.o(.text)
    __aeabi_llsr                             0x080003e1   Thumb Code    32  llushr.o(.text)
    _ll_ushift_r                             0x080003e1   Thumb Code     0  llushr.o(.text)
    __I$use$fp                               0x08000401   Thumb Code     0  iusefp.o(.text)
    __aeabi_dadd                             0x08000401   Thumb Code   322  dadd.o(.text)
    __aeabi_dsub                             0x08000543   Thumb Code     6  dadd.o(.text)
    __aeabi_drsub                            0x08000549   Thumb Code     6  dadd.o(.text)
    __aeabi_dmul                             0x0800054f   Thumb Code   228  dmul.o(.text)
    __aeabi_ddiv                             0x08000633   Thumb Code   222  ddiv.o(.text)
    __aeabi_d2ulz                            0x08000711   Thumb Code    48  dfixul.o(.text)
    __aeabi_cdrcmple                         0x08000741   Thumb Code    48  cdrcmple.o(.text)
    __scatterload                            0x08000771   Thumb Code    28  init.o(.text)
    __scatterload_rt2                        0x08000771   Thumb Code     0  init.o(.text)
    __aeabi_lasr                             0x08000795   Thumb Code    36  llsshr.o(.text)
    _ll_sshift_r                             0x08000795   Thumb Code     0  llsshr.o(.text)
    _double_round                            0x080007b9   Thumb Code    30  depilogue.o(.text)
    _double_epilogue                         0x080007d7   Thumb Code   156  depilogue.o(.text)
    ADXL362_Init                             0x08000875   Thumb Code   112  adxl362.o(.text.ADXL362_Init)
    ADXL362_ReadXYZ_8                        0x080008e5   Thumb Code    40  adxl362.o(.text.ADXL362_ReadXYZ_8)
    BSP_Init                                 0x0800090d   Thumb Code   516  bsp_init.o(.text.BSP_Init)
    BSP_SD_GetCardInfo                       0x08000b11   Thumb Code    16  bsp_driver_sd.o(.text.BSP_SD_GetCardInfo)
    BSP_SD_GetCardState                      0x08000b1d   Thumb Code    20  bsp_driver_sd.o(.text.BSP_SD_GetCardState)
    BSP_SD_Init                              0x08000b2d   Thumb Code    48  bsp_driver_sd.o(.text.BSP_SD_Init)
    BSP_SD_IsDetected                        0x08000b59   Thumb Code    16  bsp_driver_sd.o(.text.BSP_SD_IsDetected)
    BSP_SD_ReadBlocks_DMA                    0x08000b69   Thumb Code   112  ifile.o(.text.BSP_SD_ReadBlocks_DMA)
    BSP_SD_ReadCpltCallback                  0x08000bd1   Thumb Code    12  sd_diskio.o(.text.BSP_SD_ReadCpltCallback)
    BSP_SD_WriteBlocks_DMA                   0x08000bdd   Thumb Code   112  ifile.o(.text.BSP_SD_WriteBlocks_DMA)
    BSP_SD_WriteCpltCallback                 0x08000c4d   Thumb Code    12  sd_diskio.o(.text.BSP_SD_WriteCpltCallback)
    BusFault_Handler                         0x08000c59   Thumb Code     2  stm32h7xx_it.o(.text.BusFault_Handler)
    DMA1_Stream0_IRQHandler                  0x08000c5d   Thumb Code    12  stm32h7xx_it.o(.text.DMA1_Stream0_IRQHandler)
    DMA1_Stream1_IRQHandler                  0x08000c69   Thumb Code    12  stm32h7xx_it.o(.text.DMA1_Stream1_IRQHandler)
    DMA1_Stream2_IRQHandler                  0x08000c75   Thumb Code    12  stm32h7xx_it.o(.text.DMA1_Stream2_IRQHandler)
    DMA1_Stream3_IRQHandler                  0x08000c81   Thumb Code    12  stm32h7xx_it.o(.text.DMA1_Stream3_IRQHandler)
    DebugMon_Handler                         0x08001019   Thumb Code     2  stm32h7xx_it.o(.text.DebugMon_Handler)
    Error_Handler                            0x0800101b   Thumb Code     8  main.o(.text.Error_Handler)
    FATFS_LinkDriver                         0x08001023   Thumb Code     6  ff_gen_drv.o(.text.FATFS_LinkDriver)
    FATFS_LinkDriverEx                       0x08001029   Thumb Code    80  ff_gen_drv.o(.text.FATFS_LinkDriverEx)
    FMC_SDRAM_Init                           0x08001079   Thumb Code    98  stm32h7xx_ll_fmc.o(.text.FMC_SDRAM_Init)
    FMC_SDRAM_ProgramRefreshRate             0x080010db   Thumb Code    20  stm32h7xx_ll_fmc.o(.text.FMC_SDRAM_ProgramRefreshRate)
    FMC_SDRAM_SendCommand                    0x080010ef   Thumb Code    46  stm32h7xx_ll_fmc.o(.text.FMC_SDRAM_SendCommand)
    FMC_SDRAM_Timing_Init                    0x0800111d   Thumb Code   148  stm32h7xx_ll_fmc.o(.text.FMC_SDRAM_Timing_Init)
    FatFs_DeleteFile                         0x080011b1   Thumb Code   196  ifile.o(.text.FatFs_DeleteFile)
    FatFs_GetDiskInfo                        0x08001275   Thumb Code   332  ifile.o(.text.FatFs_GetDiskInfo)
    FatFs_GetFileInfo                        0x080013c1   Thumb Code   236  ifile.o(.text.FatFs_GetFileInfo)
    FatFs_PrintfFileDate                     0x080014ad   Thumb Code    96  ifile.o(.text.FatFs_PrintfFileDate)
    FatFs_ReadTXTFile                        0x0800150d   Thumb Code   184  ifile.o(.text.FatFs_ReadTXTFile)
    FatFs_ScanDir                            0x080015c5   Thumb Code   232  ifile.o(.text.FatFs_ScanDir)
    FatFs_WriteTXTFile                       0x080016ad   Thumb Code   204  ifile.o(.text.FatFs_WriteTXTFile)
    HAL_DMA_Abort                            0x08001779   Thumb Code   816  stm32h7xx_hal_dma.o(.text.HAL_DMA_Abort)
    HAL_DMA_Abort_IT                         0x08001a89   Thumb Code   472  stm32h7xx_hal_dma.o(.text.HAL_DMA_Abort_IT)
    HAL_DMA_GetError                         0x08001c61   Thumb Code     4  stm32h7xx_hal_dma.o(.text.HAL_DMA_GetError)
    HAL_DMA_IRQHandler                       0x08001c65   Thumb Code  1404  stm32h7xx_hal_dma.o(.text.HAL_DMA_IRQHandler)
    HAL_DMA_Init                             0x080021d5   Thumb Code   896  stm32h7xx_hal_dma.o(.text.HAL_DMA_Init)
    HAL_DMA_Start_IT                         0x0800253d   Thumb Code   636  stm32h7xx_hal_dma.o(.text.HAL_DMA_Start_IT)
    HAL_Delay                                0x080027b9   Thumb Code    36  stm32h7xx_hal.o(.text.HAL_Delay)
    HAL_GPIO_Init                            0x080027d9   Thumb Code   400  stm32h7xx_hal_gpio.o(.text.HAL_GPIO_Init)
    HAL_GPIO_ReadPin                         0x08002969   Thumb Code    10  stm32h7xx_hal_gpio.o(.text.HAL_GPIO_ReadPin)
    HAL_GPIO_WritePin                        0x08002973   Thumb Code    10  stm32h7xx_hal_gpio.o(.text.HAL_GPIO_WritePin)
    HAL_GetREVID                             0x0800297d   Thumb Code    12  stm32h7xx_hal.o(.text.HAL_GetREVID)
    HAL_GetTick                              0x08002989   Thumb Code    12  stm32h7xx_hal.o(.text.HAL_GetTick)
    HAL_IncTick                              0x08002991   Thumb Code    24  stm32h7xx_hal.o(.text.HAL_IncTick)
    HAL_Init                                 0x080029a5   Thumb Code    92  stm32h7xx_hal.o(.text.HAL_Init)
    HAL_InitTick                             0x080029fd   Thumb Code    72  stm32h7xx_hal.o(.text.HAL_InitTick)
    HAL_MDMA_ConfigPostRequestMask           0x08002a41   Thumb Code   102  stm32h7xx_hal_mdma.o(.text.HAL_MDMA_ConfigPostRequestMask)
    HAL_MDMA_IRQHandler                      0x08002aa9   Thumb Code   380  stm32h7xx_hal_mdma.o(.text.HAL_MDMA_IRQHandler)
    HAL_MDMA_Init                            0x08002c25   Thumb Code   240  stm32h7xx_hal_mdma.o(.text.HAL_MDMA_Init)
    HAL_MPU_Disable                          0x08002d15   Thumb Code    24  stm32h7xx_hal_cortex.o(.text.HAL_MPU_Disable)
    HAL_MPU_Enable                           0x08002d29   Thumb Code    32  stm32h7xx_hal_cortex.o(.text.HAL_MPU_Enable)
    HAL_MspInit                              0x08002d49   Thumb Code    32  stm32h7xx_hal_msp.o(.text.HAL_MspInit)
    HAL_NVIC_EnableIRQ                       0x08002d69   Thumb Code    28  stm32h7xx_hal_cortex.o(.text.HAL_NVIC_EnableIRQ)
    HAL_NVIC_SetPriority                     0x08002d85   Thumb Code    68  stm32h7xx_hal_cortex.o(.text.HAL_NVIC_SetPriority)
    HAL_NVIC_SetPriorityGrouping             0x08002dc5   Thumb Code    32  stm32h7xx_hal_cortex.o(.text.HAL_NVIC_SetPriorityGrouping)
    HAL_PWREx_ConfigSupply                   0x08002de5   Thumb Code    72  stm32h7xx_hal_pwr_ex.o(.text.HAL_PWREx_ConfigSupply)
    HAL_RCCEx_GetD3PCLK1Freq                 0x08002e2d   Thumb Code    36  stm32h7xx_hal_rcc_ex.o(.text.HAL_RCCEx_GetD3PCLK1Freq)
    HAL_RCCEx_GetPLL1ClockFreq               0x08002e51   Thumb Code   272  stm32h7xx_hal_rcc_ex.o(.text.HAL_RCCEx_GetPLL1ClockFreq)
    HAL_RCCEx_GetPLL2ClockFreq               0x08002f61   Thumb Code   268  stm32h7xx_hal_rcc_ex.o(.text.HAL_RCCEx_GetPLL2ClockFreq)
    HAL_RCCEx_GetPLL3ClockFreq               0x0800306d   Thumb Code   268  stm32h7xx_hal_rcc_ex.o(.text.HAL_RCCEx_GetPLL3ClockFreq)
    HAL_RCCEx_GetPeriphCLKFreq               0x08003179   Thumb Code   656  stm32h7xx_hal_rcc_ex.o(.text.HAL_RCCEx_GetPeriphCLKFreq)
    HAL_RCCEx_PeriphCLKConfig                0x08003409   Thumb Code  2456  stm32h7xx_hal_rcc_ex.o(.text.HAL_RCCEx_PeriphCLKConfig)
    HAL_RCC_ClockConfig                      0x08003da1   Thumb Code   552  stm32h7xx_hal_rcc.o(.text.HAL_RCC_ClockConfig)
    HAL_RCC_GetHCLKFreq                      0x08003fb9   Thumb Code    68  stm32h7xx_hal_rcc.o(.text.HAL_RCC_GetHCLKFreq)
    HAL_RCC_GetPCLK1Freq                     0x08003ff9   Thumb Code    36  stm32h7xx_hal_rcc.o(.text.HAL_RCC_GetPCLK1Freq)
    HAL_RCC_GetPCLK2Freq                     0x08004015   Thumb Code    36  stm32h7xx_hal_rcc.o(.text.HAL_RCC_GetPCLK2Freq)
    HAL_RCC_GetSysClockFreq                  0x08004039   Thumb Code   252  stm32h7xx_hal_rcc.o(.text.HAL_RCC_GetSysClockFreq)
    HAL_RCC_OscConfig                        0x08004135   Thumb Code  1314  stm32h7xx_hal_rcc.o(.text.HAL_RCC_OscConfig)
    HAL_RTC_Init                             0x08004659   Thumb Code   148  stm32h7xx_hal_rtc.o(.text.HAL_RTC_Init)
    HAL_RTC_MspInit                          0x080046ed   Thumb Code    72  rtc.o(.text.HAL_RTC_MspInit)
    HAL_RTC_SetDate                          0x08004735   Thumb Code   172  stm32h7xx_hal_rtc.o(.text.HAL_RTC_SetDate)
    HAL_RTC_SetTime                          0x080047dd   Thumb Code   220  stm32h7xx_hal_rtc.o(.text.HAL_RTC_SetTime)
    HAL_RTC_WaitForSynchro                   0x080048b9   Thumb Code    48  stm32h7xx_hal_rtc.o(.text.HAL_RTC_WaitForSynchro)
    HAL_SDEx_Read_DMADoubleBuf0CpltCallback  0x080048e9   Thumb Code     2  stm32h7xx_hal_sd.o(.text.HAL_SDEx_Read_DMADoubleBuf0CpltCallback)
    HAL_SDEx_Read_DMADoubleBuf1CpltCallback  0x080048eb   Thumb Code     2  stm32h7xx_hal_sd.o(.text.HAL_SDEx_Read_DMADoubleBuf1CpltCallback)
    HAL_SDEx_Write_DMADoubleBuf0CpltCallback 0x080048ed   Thumb Code     2  stm32h7xx_hal_sd.o(.text.HAL_SDEx_Write_DMADoubleBuf0CpltCallback)
    HAL_SDEx_Write_DMADoubleBuf1CpltCallback 0x080048ef   Thumb Code     2  stm32h7xx_hal_sd.o(.text.HAL_SDEx_Write_DMADoubleBuf1CpltCallback)
    HAL_SDRAM_Init                           0x080048f1   Thumb Code    80  stm32h7xx_hal_sdram.o(.text.HAL_SDRAM_Init)
    HAL_SDRAM_MspInit                        0x08004941   Thumb Code   236  fmc.o(.text.HAL_SDRAM_MspInit)
    HAL_SDRAM_ProgramRefreshRate             0x08004a2d   Thumb Code    48  stm32h7xx_hal_sdram.o(.text.HAL_SDRAM_ProgramRefreshRate)
    HAL_SDRAM_SendCommand                    0x08004a5d   Thumb Code    60  stm32h7xx_hal_sdram.o(.text.HAL_SDRAM_SendCommand)
    HAL_SD_ConfigWideBusOperation            0x08004a99   Thumb Code   400  stm32h7xx_hal_sd.o(.text.HAL_SD_ConfigWideBusOperation)
    HAL_SD_ErrorCallback                     0x08004c25   Thumb Code     2  stm32h7xx_hal_sd.o(.text.HAL_SD_ErrorCallback)
    HAL_SD_GetCardCSD                        0x08004c29   Thumb Code   396  stm32h7xx_hal_sd.o(.text.HAL_SD_GetCardCSD)
    HAL_SD_GetCardInfo                       0x08004db5   Thumb Code    34  stm32h7xx_hal_sd.o(.text.HAL_SD_GetCardInfo)
    HAL_SD_GetCardState                      0x08004dd7   Thumb Code    40  stm32h7xx_hal_sd.o(.text.HAL_SD_GetCardState)
    HAL_SD_GetCardStatus                     0x08004e01   Thumb Code   396  stm32h7xx_hal_sd.o(.text.HAL_SD_GetCardStatus)
    HAL_SD_IRQHandler                        0x08004f89   Thumb Code   604  stm32h7xx_hal_sd.o(.text.HAL_SD_IRQHandler)
    HAL_SD_Init                              0x080051e5   Thumb Code   154  stm32h7xx_hal_sd.o(.text.HAL_SD_Init)
    HAL_SD_InitCard                          0x08005281   Thumb Code   644  stm32h7xx_hal_sd.o(.text.HAL_SD_InitCard)
    HAL_SD_MspInit                           0x08005501   Thumb Code   208  sdmmc.o(.text.HAL_SD_MspInit)
    HAL_SD_ReadBlocks_DMA                    0x080055d1   Thumb Code   208  stm32h7xx_hal_sd.o(.text.HAL_SD_ReadBlocks_DMA)
    HAL_SD_RxCpltCallback                    0x0800569d   Thumb Code     4  bsp_driver_sd.o(.text.HAL_SD_RxCpltCallback)
    HAL_SD_TxCpltCallback                    0x080056a1   Thumb Code     4  bsp_driver_sd.o(.text.HAL_SD_TxCpltCallback)
    HAL_SD_WriteBlocks_DMA                   0x080056a5   Thumb Code   208  stm32h7xx_hal_sd.o(.text.HAL_SD_WriteBlocks_DMA)
    HAL_SPI_ErrorCallback                    0x08005775   Thumb Code     2  stm32h7xx_hal_spi.o(.text.HAL_SPI_ErrorCallback)
    HAL_SPI_IRQHandler                       0x08005779   Thumb Code   548  stm32h7xx_hal_spi.o(.text.HAL_SPI_IRQHandler)
    HAL_SPI_Init                             0x0800599d   Thumb Code   412  stm32h7xx_hal_spi.o(.text.HAL_SPI_Init)
    HAL_SPI_MspInit                          0x08005b35   Thumb Code   264  spi.o(.text.HAL_SPI_MspInit)
    HAL_SPI_Receive_DMA                      0x08005c3d   Thumb Code   368  stm32h7xx_hal_spi.o(.text.HAL_SPI_Receive_DMA)
    HAL_SPI_RxCpltCallback                   0x08005da9   Thumb Code     2  stm32h7xx_hal_spi.o(.text.HAL_SPI_RxCpltCallback)
    HAL_SPI_RxHalfCpltCallback               0x08005dab   Thumb Code     2  stm32h7xx_hal_spi.o(.text.HAL_SPI_RxHalfCpltCallback)
    HAL_SPI_SuspendCallback                  0x08005dad   Thumb Code     2  stm32h7xx_hal_spi.o(.text.HAL_SPI_SuspendCallback)
    HAL_SPI_Transmit_DMA                     0x08005db1   Thumb Code   340  stm32h7xx_hal_spi.o(.text.HAL_SPI_Transmit_DMA)
    HAL_SPI_TxCpltCallback                   0x08005f05   Thumb Code     2  stm32h7xx_hal_spi.o(.text.HAL_SPI_TxCpltCallback)
    HAL_SPI_TxHalfCpltCallback               0x08005f07   Thumb Code     2  stm32h7xx_hal_spi.o(.text.HAL_SPI_TxHalfCpltCallback)
    HAL_SPI_TxRxCpltCallback                 0x08005f09   Thumb Code     2  stm32h7xx_hal_spi.o(.text.HAL_SPI_TxRxCpltCallback)
    HAL_SYSTICK_Config                       0x08005f0d   Thumb Code    40  stm32h7xx_hal_cortex.o(.text.HAL_SYSTICK_Config)
    HAL_UARTEx_DisableFifoMode               0x08005f35   Thumb Code    54  stm32h7xx_hal_uart_ex.o(.text.HAL_UARTEx_DisableFifoMode)
    HAL_UARTEx_ReceiveToIdle_DMA             0x08005f6b   Thumb Code    90  stm32h7xx_hal_uart_ex.o(.text.HAL_UARTEx_ReceiveToIdle_DMA)
    HAL_UARTEx_RxEventCallback               0x08005fc5   Thumb Code    44  iusart.o(.text.HAL_UARTEx_RxEventCallback)
    HAL_UARTEx_RxFifoFullCallback            0x08005ff1   Thumb Code     2  stm32h7xx_hal_uart_ex.o(.text.HAL_UARTEx_RxFifoFullCallback)
    HAL_UARTEx_SetRxFifoThreshold            0x08005ff3   Thumb Code    74  stm32h7xx_hal_uart_ex.o(.text.HAL_UARTEx_SetRxFifoThreshold)
    HAL_UARTEx_SetTxFifoThreshold            0x0800603d   Thumb Code    74  stm32h7xx_hal_uart_ex.o(.text.HAL_UARTEx_SetTxFifoThreshold)
    HAL_UARTEx_TxFifoEmptyCallback           0x08006087   Thumb Code     2  stm32h7xx_hal_uart_ex.o(.text.HAL_UARTEx_TxFifoEmptyCallback)
    HAL_UARTEx_WakeupCallback                0x08006089   Thumb Code     2  stm32h7xx_hal_uart_ex.o(.text.HAL_UARTEx_WakeupCallback)
    HAL_UART_ErrorCallback                   0x0800608b   Thumb Code     2  stm32h7xx_hal_uart.o(.text.HAL_UART_ErrorCallback)
    HAL_UART_IRQHandler                      0x0800608d   Thumb Code   796  stm32h7xx_hal_uart.o(.text.HAL_UART_IRQHandler)
    HAL_UART_Init                            0x080063a9   Thumb Code   102  stm32h7xx_hal_uart.o(.text.HAL_UART_Init)
    HAL_UART_MspInit                         0x08006411   Thumb Code   264  usart.o(.text.HAL_UART_MspInit)
    HAL_UART_RxCpltCallback                  0x08006519   Thumb Code     2  stm32h7xx_hal_uart.o(.text.HAL_UART_RxCpltCallback)
    HAL_UART_RxHalfCpltCallback              0x0800651b   Thumb Code     2  stm32h7xx_hal_uart.o(.text.HAL_UART_RxHalfCpltCallback)
    HAL_UART_Transmit                        0x0800651d   Thumb Code   188  stm32h7xx_hal_uart.o(.text.HAL_UART_Transmit)
    HAL_UART_Transmit_DMA                    0x080065d9   Thumb Code   136  stm32h7xx_hal_uart.o(.text.HAL_UART_Transmit_DMA)
    HAL_UART_TxCpltCallback                  0x08006661   Thumb Code     2  stm32h7xx_hal_uart.o(.text.HAL_UART_TxCpltCallback)
    HAL_UART_TxHalfCpltCallback              0x08006663   Thumb Code     2  stm32h7xx_hal_uart.o(.text.HAL_UART_TxHalfCpltCallback)
    HardFault_Handler                        0x08006665   Thumb Code     2  stm32h7xx_it.o(.text.HardFault_Handler)
    LED                                      0x08006669   Thumb Code    24  iled.o(.text.LED)
    LED_Toggle                               0x0800667d   Thumb Code    36  iled.o(.text.LED_Toggle)
    MCU_send                                 0x080066a1   Thumb Code    20  iusart.o(.text.MCU_send)
    MCU_serial_init                          0x080066b1   Thumb Code    20  iusart.o(.text.MCU_serial_init)
    MDMA_IRQHandler                          0x080066c1   Thumb Code    12  stm32h7xx_it.o(.text.MDMA_IRQHandler)
    MX_DMA_Init                              0x080066c9   Thumb Code    92  dma.o(.text.MX_DMA_Init)
    MX_FATFS_Init                            0x08006725   Thumb Code    24  fatfs.o(.text.MX_FATFS_Init)
    MX_FMC_Init                              0x0800673d   Thumb Code   104  fmc.o(.text.MX_FMC_Init)
    MX_GPIO_Init                             0x080067a5   Thumb Code   224  gpio.o(.text.MX_GPIO_Init)
    MX_MDMA_Init                             0x08006885   Thumb Code   128  mdma.o(.text.MX_MDMA_Init)
    MX_RTC_Init                              0x08006905   Thumb Code   116  rtc.o(.text.MX_RTC_Init)
    MX_SDMMC1_SD_Init                        0x08006979   Thumb Code    36  sdmmc.o(.text.MX_SDMMC1_SD_Init)
    MX_SPI1_Init                             0x0800699d   Thumb Code    84  spi.o(.text.MX_SPI1_Init)
    MX_USART1_UART_Init                      0x080069f1   Thumb Code   104  usart.o(.text.MX_USART1_UART_Init)
    MemManage_Handler                        0x08006a59   Thumb Code     2  stm32h7xx_it.o(.text.MemManage_Handler)
    Mount_FatFs                              0x08006a5d   Thumb Code   260  ifile.o(.text.Mount_FatFs)
    NMI_Handler                              0x08006b61   Thumb Code     2  stm32h7xx_it.o(.text.NMI_Handler)
    PendSV_Handler                           0x08006b63   Thumb Code     2  stm32h7xx_it.o(.text.PendSV_Handler)
    RTC_ByteToBcd2                           0x08006d69   Thumb Code    44  stm32h7xx_hal_rtc.o(.text.RTC_ByteToBcd2)
    RTC_EnterInitMode                        0x08006d95   Thumb Code    68  stm32h7xx_hal_rtc.o(.text.RTC_EnterInitMode)
    RTC_ExitInitMode                         0x08006dd9   Thumb Code    80  stm32h7xx_hal_rtc.o(.text.RTC_ExitInitMode)
    SDMMC1_IRQHandler                        0x08006e29   Thumb Code    12  stm32h7xx_it.o(.text.SDMMC1_IRQHandler)
    SDMMC_CmdAppCommand                      0x08006e35   Thumb Code    50  stm32h7xx_ll_sdmmc.o(.text.SDMMC_CmdAppCommand)
    SDMMC_CmdAppOperCommand                  0x08006e67   Thumb Code    44  stm32h7xx_ll_sdmmc.o(.text.SDMMC_CmdAppOperCommand)
    SDMMC_CmdBlockLength                     0x08006e93   Thumb Code    50  stm32h7xx_ll_sdmmc.o(.text.SDMMC_CmdBlockLength)
    SDMMC_CmdBusWidth                        0x08006ec5   Thumb Code    50  stm32h7xx_ll_sdmmc.o(.text.SDMMC_CmdBusWidth)
    SDMMC_CmdGoIdleState                     0x08006ef9   Thumb Code    84  stm32h7xx_ll_sdmmc.o(.text.SDMMC_CmdGoIdleState)
    SDMMC_CmdOperCond                        0x08006f4d   Thumb Code    48  stm32h7xx_ll_sdmmc.o(.text.SDMMC_CmdOperCond)
    SDMMC_CmdReadMultiBlock                  0x08006f7d   Thumb Code    50  stm32h7xx_ll_sdmmc.o(.text.SDMMC_CmdReadMultiBlock)
    SDMMC_CmdReadSingleBlock                 0x08006faf   Thumb Code    50  stm32h7xx_ll_sdmmc.o(.text.SDMMC_CmdReadSingleBlock)
    SDMMC_CmdSelDesel                        0x08006fe1   Thumb Code    50  stm32h7xx_ll_sdmmc.o(.text.SDMMC_CmdSelDesel)
    SDMMC_CmdSendCID                         0x08007013   Thumb Code    44  stm32h7xx_ll_sdmmc.o(.text.SDMMC_CmdSendCID)
    SDMMC_CmdSendCSD                         0x0800703f   Thumb Code    44  stm32h7xx_ll_sdmmc.o(.text.SDMMC_CmdSendCSD)
    SDMMC_CmdSendSCR                         0x0800706b   Thumb Code    50  stm32h7xx_ll_sdmmc.o(.text.SDMMC_CmdSendSCR)
    SDMMC_CmdSendStatus                      0x0800709d   Thumb Code    50  stm32h7xx_ll_sdmmc.o(.text.SDMMC_CmdSendStatus)
    SDMMC_CmdSetRelAdd                       0x080070cf   Thumb Code    50  stm32h7xx_ll_sdmmc.o(.text.SDMMC_CmdSetRelAdd)
    SDMMC_CmdStatusRegister                  0x08007101   Thumb Code    50  stm32h7xx_ll_sdmmc.o(.text.SDMMC_CmdStatusRegister)
    SDMMC_CmdStopTransfer                    0x08007135   Thumb Code    88  stm32h7xx_ll_sdmmc.o(.text.SDMMC_CmdStopTransfer)
    SDMMC_CmdWriteMultiBlock                 0x0800718d   Thumb Code    50  stm32h7xx_ll_sdmmc.o(.text.SDMMC_CmdWriteMultiBlock)
    SDMMC_CmdWriteSingleBlock                0x080071bf   Thumb Code    50  stm32h7xx_ll_sdmmc.o(.text.SDMMC_CmdWriteSingleBlock)
    SDMMC_ConfigData                         0x080071f1   Thumb Code    42  stm32h7xx_ll_sdmmc.o(.text.SDMMC_ConfigData)
    SDMMC_GetCmdResp1                        0x0800721d   Thumb Code   292  stm32h7xx_ll_sdmmc.o(.text.SDMMC_GetCmdResp1)
    SDMMC_GetCmdResp2                        0x0800733d   Thumb Code    84  stm32h7xx_ll_sdmmc.o(.text.SDMMC_GetCmdResp2)
    SDMMC_GetCmdResp3                        0x08007389   Thumb Code    72  stm32h7xx_ll_sdmmc.o(.text.SDMMC_GetCmdResp3)
    SDMMC_GetCmdResp6                        0x080073cd   Thumb Code   144  stm32h7xx_ll_sdmmc.o(.text.SDMMC_GetCmdResp6)
    SDMMC_GetCmdResp7                        0x08007459   Thumb Code    88  stm32h7xx_ll_sdmmc.o(.text.SDMMC_GetCmdResp7)
    SDMMC_GetPowerState                      0x080074b1   Thumb Code     8  stm32h7xx_ll_sdmmc.o(.text.SDMMC_GetPowerState)
    SDMMC_GetResponse                        0x080074b9   Thumb Code     6  stm32h7xx_ll_sdmmc.o(.text.SDMMC_GetResponse)
    SDMMC_Init                               0x080074c1   Thumb Code    40  stm32h7xx_ll_sdmmc.o(.text.SDMMC_Init)
    SDMMC_PowerState_ON                      0x080074e9   Thumb Code    14  stm32h7xx_ll_sdmmc.o(.text.SDMMC_PowerState_ON)
    SDMMC_ReadFIFO                           0x080074f7   Thumb Code     6  stm32h7xx_ll_sdmmc.o(.text.SDMMC_ReadFIFO)
    SDMMC_SendCommand                        0x080074fd   Thumb Code    44  stm32h7xx_ll_sdmmc.o(.text.SDMMC_SendCommand)
    SDMMC_WriteFIFO                          0x08007529   Thumb Code    12  stm32h7xx_ll_sdmmc.o(.text.SDMMC_WriteFIFO)
    SDRAM_InitSequence                       0x08007535   Thumb Code   136  isdram.o(.text.SDRAM_InitSequence)
    SDRAM_Test                               0x080075bd   Thumb Code   332  isdram.o(.text.SDRAM_Test)
    SD_initialize                            0x08007821   Thumb Code    28  sd_diskio.o(.text.SD_initialize)
    SD_ioctl                                 0x08007839   Thumb Code    80  sd_diskio.o(.text.SD_ioctl)
    SD_read                                  0x08007889   Thumb Code   304  sd_diskio.o(.text.SD_read)
    SD_status                                0x080079b1   Thumb Code     4  sd_diskio.o(.text.SD_status)
    SD_write                                 0x080079b5   Thumb Code   288  sd_diskio.o(.text.SD_write)
    SPI1_IRQHandler                          0x08007ad5   Thumb Code    12  stm32h7xx_it.o(.text.SPI1_IRQHandler)
    SVC_Handler                              0x08007ce1   Thumb Code     2  stm32h7xx_it.o(.text.SVC_Handler)
    SysTick_Handler                          0x08007ce3   Thumb Code     4  stm32h7xx_it.o(.text.SysTick_Handler)
    SystemClock_Config                       0x08007ce9   Thumb Code   260  main.o(.text.SystemClock_Config)
    SystemInit                               0x08007ded   Thumb Code   180  system_stm32h7xx.o(.text.SystemInit)
    UART_AdvFeatureConfig                    0x08007ef5   Thumb Code   198  stm32h7xx_hal_uart.o(.text.UART_AdvFeatureConfig)
    UART_CheckIdleState                      0x08007fbd   Thumb Code   180  stm32h7xx_hal_uart.o(.text.UART_CheckIdleState)
    UART_SetConfig                           0x08008249   Thumb Code   924  stm32h7xx_hal_uart.o(.text.UART_SetConfig)
    UART_Start_Receive_DMA                   0x080085e5   Thumb Code   156  stm32h7xx_hal_uart.o(.text.UART_Start_Receive_DMA)
    UART_WaitOnFlagUntilTimeout              0x08008681   Thumb Code   154  stm32h7xx_hal_uart.o(.text.UART_WaitOnFlagUntilTimeout)
    USART1_IRQHandler                        0x0800871d   Thumb Code    12  stm32h7xx_it.o(.text.USART1_IRQHandler)
    UsageFault_Handler                       0x08008729   Thumb Code     2  stm32h7xx_it.o(.text.UsageFault_Handler)
    disk_initialize                          0x08009109   Thumb Code    44  diskio.o(.text.disk_initialize)
    disk_ioctl                               0x08009131   Thumb Code    24  diskio.o(.text.disk_ioctl)
    disk_read                                0x08009145   Thumb Code    32  diskio.o(.text.disk_read)
    disk_status                              0x08009161   Thumb Code    20  diskio.o(.text.disk_status)
    disk_write                               0x08009171   Thumb Code    32  diskio.o(.text.disk_write)
    f_close                                  0x08009191   Thumb Code    36  ff.o(.text.f_close)
    f_closedir                               0x080091b5   Thumb Code    30  ff.o(.text.f_closedir)
    f_getfree                                0x080091d3   Thumb Code   248  ff.o(.text.f_getfree)
    f_gets                                   0x080092cb   Thumb Code    90  ff.o(.text.f_gets)
    f_mkfs                                   0x08009325   Thumb Code  1540  ff.o(.text.f_mkfs)
    f_mount                                  0x08009925   Thumb Code    84  ff.o(.text.f_mount)
    f_open                                   0x08009979   Thumb Code   568  ff.o(.text.f_open)
    f_opendir                                0x08009bb1   Thumb Code   144  ff.o(.text.f_opendir)
    f_puts                                   0x08009c41   Thumb Code    42  ff.o(.text.f_puts)
    f_read                                   0x08009c6b   Thumb Code   378  ff.o(.text.f_read)
    f_readdir                                0x08009de5   Thumb Code    86  ff.o(.text.f_readdir)
    f_stat                                   0x08009e3b   Thumb Code    68  ff.o(.text.f_stat)
    f_sync                                   0x08009e7f   Thumb Code   144  ff.o(.text.f_sync)
    f_unlink                                 0x08009f0f   Thumb Code   160  ff.o(.text.f_unlink)
    f_write                                  0x08009faf   Thumb Code   414  ff.o(.text.f_write)
    ff_convert                               0x0800a14d   Thumb Code    64  ccsbcs.o(.text.ff_convert)
    ff_wtoupper                              0x0800a18d   Thumb Code   136  ccsbcs.o(.text.ff_wtoupper)
    fputc                                    0x0800a6fd   Thumb Code    36  bsp_init.o(.text.fputc)
    get_fattime                              0x0800a7d9   Thumb Code     4  fatfs.o(.text.get_fattime)
    main                                     0x0800a9d5   Thumb Code   408  main.o(.text.main)
    memory_alloc                             0x0800ab81   Thumb Code   104  imemory.o(.text.memory_alloc)
    memory_free                              0x0800abe5   Thumb Code   100  imemory.o(.text.memory_free)
    memory_init                              0x0800ac45   Thumb Code    20  imemory.o(.text.memory_init)
    memory_management_test                   0x0800ac59   Thumb Code    84  imemory.o(.text.memory_management_test)
    ping                                     0x0800ace5   Thumb Code    44  main.o(.text.ping)
    __0printf                                0x0800b02d   Thumb Code    22  printfa.o(i.__0printf)
    __1printf                                0x0800b02d   Thumb Code     0  printfa.o(i.__0printf)
    __2printf                                0x0800b02d   Thumb Code     0  printfa.o(i.__0printf)
    __c89printf                              0x0800b02d   Thumb Code     0  printfa.o(i.__0printf)
    printf                                   0x0800b02d   Thumb Code     0  printfa.o(i.__0printf)
    __scatterload_copy                       0x0800b04d   Thumb Code    14  handlers.o(i.__scatterload_copy)
    __scatterload_null                       0x0800b05b   Thumb Code     2  handlers.o(i.__scatterload_null)
    __scatterload_zeroinit                   0x0800b05d   Thumb Code    14  handlers.o(i.__scatterload_zeroinit)
    puts                                     0x0800b921   Thumb Code    30  puts.o(i.puts)
    D1CorePrescTable                         0x0800b944   Data          16  system_stm32h7xx.o(.rodata.D1CorePrescTable)
    SD_Driver                                0x0800b9e4   Data          20  sd_diskio.o(.rodata.SD_Driver)
    UARTPrescTable                           0x0800baf8   Data          24  stm32h7xx_hal_uart.o(.rodata.UARTPrescTable)
    Region$$Table$$Base                      0x0800c420   Number         0  anon$$obj.o(Region$$Table)
    Region$$Table$$Limit                     0x0800c440   Number         0  anon$$obj.o(Region$$Table)
    __stdout                                 0x24000000   Data           4  stdout.o(.data)
    uwTickFreq                               0x24000004   Data           1  stm32h7xx_hal.o(.data..L_MergedGlobals)
    uwTickPrio                               0x24000008   Data           4  stm32h7xx_hal.o(.data..L_MergedGlobals)
    SystemCoreClock                          0x2400000c   Data           4  system_stm32h7xx.o(.data..L_MergedGlobals)
    SystemD2Clock                            0x24000010   Data           4  system_stm32h7xx.o(.data..L_MergedGlobals)
    Init_Gap                                 0x24000014   Data           4  bsp_init.o(.data.Init_Gap)
    spiTxComplete                            0x24000020   Data           1  adxl362.o(.bss..L_MergedGlobals)
    spiRxComplete                            0x24000021   Data           1  adxl362.o(.bss..L_MergedGlobals)
    retSD                                    0x24000038   Data           1  fatfs.o(.bss..L_MergedGlobals)
    SDPath                                   0x24000039   Data           4  fatfs.o(.bss..L_MergedGlobals)
    RX_IDLE_BUF                              0x24000074   Data         512  iusart.o(.bss.RX_IDLE_BUF)
    SDFatFS                                  0x24000278   Data         564  fatfs.o(.bss.SDFatFS)
    disk                                     0x240004b0   Data          12  ff_gen_drv.o(.bss.disk)
    hdma_spi1_rx                             0x240004bc   Data         120  spi.o(.bss.hdma_spi1_rx)
    hdma_spi1_tx                             0x24000534   Data         120  spi.o(.bss.hdma_spi1_tx)
    hdma_usart1_rx                           0x240005ac   Data         120  usart.o(.bss.hdma_usart1_rx)
    hdma_usart1_tx                           0x24000624   Data         120  usart.o(.bss.hdma_usart1_tx)
    hmdma_mdma_channel0_sdmmc1_end_data_0    0x2400069c   Data         108  mdma.o(.bss.hmdma_mdma_channel0_sdmmc1_end_data_0)
    hrtc                                     0x24000708   Data          36  rtc.o(.bss.hrtc)
    hsd1                                     0x2400072c   Data         124  sdmmc.o(.bss.hsd1)
    hsdram1                                  0x240007a8   Data          52  fmc.o(.bss.hsdram1)
    hspi1                                    0x240007dc   Data         136  spi.o(.bss.hspi1)
    huart1                                   0x24000864   Data         148  usart.o(.bss.huart1)
    uwTick                                   0x24000b00   Data           4  stm32h7xx_hal.o(.bss.uwTick)
    workBuffer                               0x24000b04   Data        2048  ifile.o(.bss.workBuffer)
    __initial_sp                             0x24003308   Data           0  startup_stm32h743xx.o(STACK)



==============================================================================

Memory Map of the image

  Image Entry point : 0x08000299

  Load Region LR_IROM1 (Base: 0x08000000, Size: 0x0000c460, Max: 0x00200000, ABSOLUTE)

    Execution Region ER_IROM1 (Exec base: 0x08000000, Load base: 0x08000000, Size: 0x0000c440, Max: 0x00200000, ABSOLUTE)

    Exec Addr    Load Addr    Size         Type   Attr      Idx    E Section Name        Object

    0x08000000   0x08000000   0x00000298   Data   RO         2422    RESET               startup_stm32h743xx.o
    0x08000298   0x08000298   0x00000000   Code   RO         2620  * .ARM.Collect$$$$00000000  mc_w.l(entry.o)
    0x08000298   0x08000298   0x00000004   Code   RO         2904    .ARM.Collect$$$$00000001  mc_w.l(entry2.o)
    0x0800029c   0x0800029c   0x00000004   Code   RO         2907    .ARM.Collect$$$$00000004  mc_w.l(entry5.o)
    0x080002a0   0x080002a0   0x00000000   Code   RO         2909    .ARM.Collect$$$$00000008  mc_w.l(entry7b.o)
    0x080002a0   0x080002a0   0x00000000   Code   RO         2911    .ARM.Collect$$$$0000000A  mc_w.l(entry8b.o)
    0x080002a0   0x080002a0   0x00000008   Code   RO         2912    .ARM.Collect$$$$0000000B  mc_w.l(entry9a.o)
    0x080002a8   0x080002a8   0x00000000   Code   RO         2914    .ARM.Collect$$$$0000000D  mc_w.l(entry10a.o)
    0x080002a8   0x080002a8   0x00000000   Code   RO         2916    .ARM.Collect$$$$0000000F  mc_w.l(entry11a.o)
    0x080002a8   0x080002a8   0x00000004   Code   RO         2905    .ARM.Collect$$$$00002712  mc_w.l(entry2.o)
    0x080002ac   0x080002ac   0x00000024   Code   RO         2423    .text               startup_stm32h743xx.o
    0x080002d0   0x080002d0   0x00000062   Code   RO         2627    .text               mc_w.l(uldiv.o)
    0x08000332   0x08000332   0x00000040   Code   RO         2633    .text               mc_w.l(memmovea.o)
    0x08000372   0x08000372   0x00000024   Code   RO         2635    .text               mc_w.l(memseta.o)
    0x08000396   0x08000396   0x0000002c   Code   RO         2919    .text               mc_w.l(uidiv.o)
    0x080003c2   0x080003c2   0x0000001e   Code   RO         2921    .text               mc_w.l(llshl.o)
    0x080003e0   0x080003e0   0x00000020   Code   RO         2923    .text               mc_w.l(llushr.o)
    0x08000400   0x08000400   0x00000000   Code   RO         2925    .text               mc_w.l(iusefp.o)
    0x08000400   0x08000400   0x0000014e   Code   RO         2926    .text               mf_w.l(dadd.o)
    0x0800054e   0x0800054e   0x000000e4   Code   RO         2928    .text               mf_w.l(dmul.o)
    0x08000632   0x08000632   0x000000de   Code   RO         2930    .text               mf_w.l(ddiv.o)
    0x08000710   0x08000710   0x00000030   Code   RO         2932    .text               mf_w.l(dfixul.o)
    0x08000740   0x08000740   0x00000030   Code   RO         2934    .text               mf_w.l(cdrcmple.o)
    0x08000770   0x08000770   0x00000024   Code   RO         2936    .text               mc_w.l(init.o)
    0x08000794   0x08000794   0x00000024   Code   RO         2938    .text               mc_w.l(llsshr.o)
    0x080007b8   0x080007b8   0x000000ba   Code   RO         2940    .text               mf_w.l(depilogue.o)
    0x08000872   0x08000872   0x00000002   PAD
    0x08000874   0x08000874   0x00000070   Code   RO          135    .text.ADXL362_Init  adxl362.o
    0x080008e4   0x080008e4   0x00000028   Code   RO          143    .text.ADXL362_ReadXYZ_8  adxl362.o
    0x0800090c   0x0800090c   0x00000204   Code   RO            2    .text.BSP_Init      bsp_init.o
    0x08000b10   0x08000b10   0x0000000c   Code   RO         2351    .text.BSP_SD_GetCardInfo  bsp_driver_sd.o
    0x08000b1c   0x08000b1c   0x00000010   Code   RO         2349    .text.BSP_SD_GetCardState  bsp_driver_sd.o
    0x08000b2c   0x08000b2c   0x0000002c   Code   RO         2333    .text.BSP_SD_Init   bsp_driver_sd.o
    0x08000b58   0x08000b58   0x00000010   Code   RO         2335    .text.BSP_SD_IsDetected  bsp_driver_sd.o
    0x08000b68   0x08000b68   0x00000068   Code   RO          120    .text.BSP_SD_ReadBlocks_DMA  ifile.o
    0x08000bd0   0x08000bd0   0x0000000c   Code   RO         2390    .text.BSP_SD_ReadCpltCallback  sd_diskio.o
    0x08000bdc   0x08000bdc   0x00000070   Code   RO          122    .text.BSP_SD_WriteBlocks_DMA  ifile.o
    0x08000c4c   0x08000c4c   0x0000000c   Code   RO         2388    .text.BSP_SD_WriteCpltCallback  sd_diskio.o
    0x08000c58   0x08000c58   0x00000002   Code   RO         2576    .text.BusFault_Handler  stm32h7xx_it.o
    0x08000c5a   0x08000c5a   0x00000002   PAD
    0x08000c5c   0x08000c5c   0x0000000c   Code   RO         2588    .text.DMA1_Stream0_IRQHandler  stm32h7xx_it.o
    0x08000c68   0x08000c68   0x0000000c   Code   RO         2590    .text.DMA1_Stream1_IRQHandler  stm32h7xx_it.o
    0x08000c74   0x08000c74   0x0000000c   Code   RO         2592    .text.DMA1_Stream2_IRQHandler  stm32h7xx_it.o
    0x08000c80   0x08000c80   0x0000000c   Code   RO         2594    .text.DMA1_Stream3_IRQHandler  stm32h7xx_it.o
    0x08000c8c   0x08000c8c   0x000000a4   Code   RO          439    .text.DMA_CalcBaseAndBitshift  stm32h7xx_hal_dma.o
    0x08000d30   0x08000d30   0x00000090   Code   RO          441    .text.DMA_CalcDMAMUXChannelBaseAndMask  stm32h7xx_hal_dma.o
    0x08000dc0   0x08000dc0   0x00000064   Code   RO          443    .text.DMA_CalcDMAMUXRequestGenBaseAndMask  stm32h7xx_hal_dma.o
    0x08000e24   0x08000e24   0x000001f4   Code   RO          449    .text.DMA_SetConfig  stm32h7xx_hal_dma.o
    0x08001018   0x08001018   0x00000002   Code   RO         2582    .text.DebugMon_Handler  stm32h7xx_it.o
    0x0800101a   0x0800101a   0x00000008   Code   RO         2436    .text.Error_Handler  main.o
    0x08001022   0x08001022   0x00000006   Code   RO         1948    .text.FATFS_LinkDriver  ff_gen_drv.o
    0x08001028   0x08001028   0x00000050   Code   RO         1946    .text.FATFS_LinkDriverEx  ff_gen_drv.o
    0x08001078   0x08001078   0x00000062   Code   RO         1035    .text.FMC_SDRAM_Init  stm32h7xx_ll_fmc.o
    0x080010da   0x080010da   0x00000014   Code   RO         1047    .text.FMC_SDRAM_ProgramRefreshRate  stm32h7xx_ll_fmc.o
    0x080010ee   0x080010ee   0x0000002e   Code   RO         1045    .text.FMC_SDRAM_SendCommand  stm32h7xx_ll_fmc.o
    0x0800111c   0x0800111c   0x00000094   Code   RO         1037    .text.FMC_SDRAM_Timing_Init  stm32h7xx_ll_fmc.o
    0x080011b0   0x080011b0   0x000000c4   Code   RO          118    .text.FatFs_DeleteFile  ifile.o
    0x08001274   0x08001274   0x0000014c   Code   RO          106    .text.FatFs_GetDiskInfo  ifile.o
    0x080013c0   0x080013c0   0x000000ec   Code   RO          114    .text.FatFs_GetFileInfo  ifile.o
    0x080014ac   0x080014ac   0x00000060   Code   RO          116    .text.FatFs_PrintfFileDate  ifile.o
    0x0800150c   0x0800150c   0x000000b8   Code   RO          110    .text.FatFs_ReadTXTFile  ifile.o
    0x080015c4   0x080015c4   0x000000e8   Code   RO          112    .text.FatFs_ScanDir  ifile.o
    0x080016ac   0x080016ac   0x000000cc   Code   RO          108    .text.FatFs_WriteTXTFile  ifile.o
    0x08001778   0x08001778   0x00000310   Code   RO          453    .text.HAL_DMA_Abort  stm32h7xx_hal_dma.o
    0x08001a88   0x08001a88   0x000001d8   Code   RO          455    .text.HAL_DMA_Abort_IT  stm32h7xx_hal_dma.o
    0x08001c60   0x08001c60   0x00000004   Code   RO          467    .text.HAL_DMA_GetError  stm32h7xx_hal_dma.o
    0x08001c64   0x08001c64   0x00000570   Code   RO          459    .text.HAL_DMA_IRQHandler  stm32h7xx_hal_dma.o
    0x080021d4   0x080021d4   0x00000368   Code   RO          437    .text.HAL_DMA_Init  stm32h7xx_hal_dma.o
    0x0800253c   0x0800253c   0x0000027c   Code   RO          451    .text.HAL_DMA_Start_IT  stm32h7xx_hal_dma.o
    0x080027b8   0x080027b8   0x00000020   Code   RO          707    .text.HAL_Delay     stm32h7xx_hal.o
    0x080027d8   0x080027d8   0x00000190   Code   RO          381    .text.HAL_GPIO_Init  stm32h7xx_hal_gpio.o
    0x08002968   0x08002968   0x0000000a   Code   RO          385    .text.HAL_GPIO_ReadPin  stm32h7xx_hal_gpio.o
    0x08002972   0x08002972   0x0000000a   Code   RO          387    .text.HAL_GPIO_WritePin  stm32h7xx_hal_gpio.o
    0x0800297c   0x0800297c   0x0000000c   Code   RO          715    .text.HAL_GetREVID  stm32h7xx_hal.o
    0x08002988   0x08002988   0x00000008   Code   RO          699    .text.HAL_GetTick   stm32h7xx_hal.o
    0x08002990   0x08002990   0x00000014   Code   RO          697    .text.HAL_IncTick   stm32h7xx_hal.o
    0x080029a4   0x080029a4   0x00000058   Code   RO          687    .text.HAL_Init      stm32h7xx_hal.o
    0x080029fc   0x080029fc   0x00000044   Code   RO          689    .text.HAL_InitTick  stm32h7xx_hal.o
    0x08002a40   0x08002a40   0x00000066   Code   RO          510    .text.HAL_MDMA_ConfigPostRequestMask  stm32h7xx_hal_mdma.o
    0x08002aa6   0x08002aa6   0x00000002   PAD
    0x08002aa8   0x08002aa8   0x0000017c   Code   RO          540    .text.HAL_MDMA_IRQHandler  stm32h7xx_hal_mdma.o
    0x08002c24   0x08002c24   0x000000f0   Code   RO          506    .text.HAL_MDMA_Init  stm32h7xx_hal_mdma.o
    0x08002d14   0x08002d14   0x00000014   Code   RO          171    .text.HAL_MPU_Disable  stm32h7xx_hal_cortex.o
    0x08002d28   0x08002d28   0x00000020   Code   RO          173    .text.HAL_MPU_Enable  stm32h7xx_hal_cortex.o
    0x08002d48   0x08002d48   0x00000020   Code   RO         2612    .text.HAL_MspInit   stm32h7xx_hal_msp.o
    0x08002d68   0x08002d68   0x0000001c   Code   RO          161    .text.HAL_NVIC_EnableIRQ  stm32h7xx_hal_cortex.o
    0x08002d84   0x08002d84   0x00000040   Code   RO          157    .text.HAL_NVIC_SetPriority  stm32h7xx_hal_cortex.o
    0x08002dc4   0x08002dc4   0x00000020   Code   RO          155    .text.HAL_NVIC_SetPriorityGrouping  stm32h7xx_hal_cortex.o
    0x08002de4   0x08002de4   0x00000048   Code   RO          598    .text.HAL_PWREx_ConfigSupply  stm32h7xx_hal_pwr_ex.o
    0x08002e2c   0x08002e2c   0x00000024   Code   RO          263    .text.HAL_RCCEx_GetD3PCLK1Freq  stm32h7xx_hal_rcc_ex.o
    0x08002e50   0x08002e50   0x00000110   Code   RO          257    .text.HAL_RCCEx_GetPLL1ClockFreq  stm32h7xx_hal_rcc_ex.o
    0x08002f60   0x08002f60   0x0000010c   Code   RO          259    .text.HAL_RCCEx_GetPLL2ClockFreq  stm32h7xx_hal_rcc_ex.o
    0x0800306c   0x0800306c   0x0000010c   Code   RO          261    .text.HAL_RCCEx_GetPLL3ClockFreq  stm32h7xx_hal_rcc_ex.o
    0x08003178   0x08003178   0x00000290   Code   RO          255    .text.HAL_RCCEx_GetPeriphCLKFreq  stm32h7xx_hal_rcc_ex.o
    0x08003408   0x08003408   0x00000998   Code   RO          247    .text.HAL_RCCEx_PeriphCLKConfig  stm32h7xx_hal_rcc_ex.o
    0x08003da0   0x08003da0   0x00000218   Code   RO          214    .text.HAL_RCC_ClockConfig  stm32h7xx_hal_rcc.o
    0x08003fb8   0x08003fb8   0x00000040   Code   RO          224    .text.HAL_RCC_GetHCLKFreq  stm32h7xx_hal_rcc.o
    0x08003ff8   0x08003ff8   0x0000001c   Code   RO          226    .text.HAL_RCC_GetPCLK1Freq  stm32h7xx_hal_rcc.o
    0x08004014   0x08004014   0x00000024   Code   RO          228    .text.HAL_RCC_GetPCLK2Freq  stm32h7xx_hal_rcc.o
    0x08004038   0x08004038   0x000000fc   Code   RO          216    .text.HAL_RCC_GetSysClockFreq  stm32h7xx_hal_rcc.o
    0x08004134   0x08004134   0x00000522   Code   RO          212    .text.HAL_RCC_OscConfig  stm32h7xx_hal_rcc.o
    0x08004656   0x08004656   0x00000002   PAD
    0x08004658   0x08004658   0x00000094   Code   RO         1123    .text.HAL_RTC_Init  stm32h7xx_hal_rtc.o
    0x080046ec   0x080046ec   0x00000048   Code   RO         2504    .text.HAL_RTC_MspInit  rtc.o
    0x08004734   0x08004734   0x000000a8   Code   RO         1143    .text.HAL_RTC_SetDate  stm32h7xx_hal_rtc.o
    0x080047dc   0x080047dc   0x000000dc   Code   RO         1135    .text.HAL_RTC_SetTime  stm32h7xx_hal_rtc.o
    0x080048b8   0x080048b8   0x00000030   Code   RO         1161    .text.HAL_RTC_WaitForSynchro  stm32h7xx_hal_rtc.o
    0x080048e8   0x080048e8   0x00000002   Code   RO         1421    .text.HAL_SDEx_Read_DMADoubleBuf0CpltCallback  stm32h7xx_hal_sd.o
    0x080048ea   0x080048ea   0x00000002   Code   RO         1417    .text.HAL_SDEx_Read_DMADoubleBuf1CpltCallback  stm32h7xx_hal_sd.o
    0x080048ec   0x080048ec   0x00000002   Code   RO         1419    .text.HAL_SDEx_Write_DMADoubleBuf0CpltCallback  stm32h7xx_hal_sd.o
    0x080048ee   0x080048ee   0x00000002   Code   RO         1415    .text.HAL_SDEx_Write_DMADoubleBuf1CpltCallback  stm32h7xx_hal_sd.o
    0x080048f0   0x080048f0   0x00000050   Code   RO         1062    .text.HAL_SDRAM_Init  stm32h7xx_hal_sdram.o
    0x08004940   0x08004940   0x000000ec   Code   RO         2476    .text.HAL_SDRAM_MspInit  fmc.o
    0x08004a2c   0x08004a2c   0x00000030   Code   RO         1106    .text.HAL_SDRAM_ProgramRefreshRate  stm32h7xx_hal_sdram.o
    0x08004a5c   0x08004a5c   0x0000003c   Code   RO         1104    .text.HAL_SDRAM_SendCommand  stm32h7xx_hal_sdram.o
    0x08004a98   0x08004a98   0x0000018c   Code   RO         1385    .text.HAL_SD_ConfigWideBusOperation  stm32h7xx_hal_sd.o
    0x08004c24   0x08004c24   0x00000002   Code   RO         1409    .text.HAL_SD_ErrorCallback  stm32h7xx_hal_sd.o
    0x08004c26   0x08004c26   0x00000002   PAD
    0x08004c28   0x08004c28   0x0000018c   Code   RO         1431    .text.HAL_SD_GetCardCSD  stm32h7xx_hal_sd.o
    0x08004db4   0x08004db4   0x00000022   Code   RO         1433    .text.HAL_SD_GetCardInfo  stm32h7xx_hal_sd.o
    0x08004dd6   0x08004dd6   0x00000028   Code   RO         1387    .text.HAL_SD_GetCardState  stm32h7xx_hal_sd.o
    0x08004dfe   0x08004dfe   0x00000002   PAD
    0x08004e00   0x08004e00   0x00000188   Code   RO         1383    .text.HAL_SD_GetCardStatus  stm32h7xx_hal_sd.o
    0x08004f88   0x08004f88   0x0000025c   Code   RO         1407    .text.HAL_SD_IRQHandler  stm32h7xx_hal_sd.o
    0x080051e4   0x080051e4   0x0000009a   Code   RO         1377    .text.HAL_SD_Init   stm32h7xx_hal_sd.o
    0x0800527e   0x0800527e   0x00000002   PAD
    0x08005280   0x08005280   0x00000280   Code   RO         1381    .text.HAL_SD_InitCard  stm32h7xx_hal_sd.o
    0x08005500   0x08005500   0x000000d0   Code   RO         2520    .text.HAL_SD_MspInit  sdmmc.o
    0x080055d0   0x080055d0   0x000000cc   Code   RO         1401    .text.HAL_SD_ReadBlocks_DMA  stm32h7xx_hal_sd.o
    0x0800569c   0x0800569c   0x00000004   Code   RO         2361    .text.HAL_SD_RxCpltCallback  bsp_driver_sd.o
    0x080056a0   0x080056a0   0x00000004   Code   RO         2357    .text.HAL_SD_TxCpltCallback  bsp_driver_sd.o
    0x080056a4   0x080056a4   0x000000d0   Code   RO         1403    .text.HAL_SD_WriteBlocks_DMA  stm32h7xx_hal_sd.o
    0x08005774   0x08005774   0x00000002   Code   RO         1549    .text.HAL_SPI_ErrorCallback  stm32h7xx_hal_spi.o
    0x08005776   0x08005776   0x00000002   PAD
    0x08005778   0x08005778   0x00000224   Code   RO         1545    .text.HAL_SPI_IRQHandler  stm32h7xx_hal_spi.o
    0x0800599c   0x0800599c   0x00000198   Code   RO         1471    .text.HAL_SPI_Init  stm32h7xx_hal_spi.o
    0x08005b34   0x08005b34   0x00000108   Code   RO         2536    .text.HAL_SPI_MspInit  spi.o
    0x08005c3c   0x08005c3c   0x0000016c   Code   RO         1515    .text.HAL_SPI_Receive_DMA  stm32h7xx_hal_spi.o
    0x08005da8   0x08005da8   0x00000002   Code   RO         1553    .text.HAL_SPI_RxCpltCallback  stm32h7xx_hal_spi.o
    0x08005daa   0x08005daa   0x00000002   Code   RO         1561    .text.HAL_SPI_RxHalfCpltCallback  stm32h7xx_hal_spi.o
    0x08005dac   0x08005dac   0x00000002   Code   RO         1547    .text.HAL_SPI_SuspendCallback  stm32h7xx_hal_spi.o
    0x08005dae   0x08005dae   0x00000002   PAD
    0x08005db0   0x08005db0   0x00000154   Code   RO         1507    .text.HAL_SPI_Transmit_DMA  stm32h7xx_hal_spi.o
    0x08005f04   0x08005f04   0x00000002   Code   RO         1555    .text.HAL_SPI_TxCpltCallback  stm32h7xx_hal_spi.o
    0x08005f06   0x08005f06   0x00000002   Code   RO         1559    .text.HAL_SPI_TxHalfCpltCallback  stm32h7xx_hal_spi.o
    0x08005f08   0x08005f08   0x00000002   Code   RO         1551    .text.HAL_SPI_TxRxCpltCallback  stm32h7xx_hal_spi.o
    0x08005f0a   0x08005f0a   0x00000002   PAD
    0x08005f0c   0x08005f0c   0x00000028   Code   RO          169    .text.HAL_SYSTICK_Config  stm32h7xx_hal_cortex.o
    0x08005f34   0x08005f34   0x00000036   Code   RO         1763    .text.HAL_UARTEx_DisableFifoMode  stm32h7xx_hal_uart_ex.o
    0x08005f6a   0x08005f6a   0x0000005a   Code   RO         1773    .text.HAL_UARTEx_ReceiveToIdle_DMA  stm32h7xx_hal_uart_ex.o
    0x08005fc4   0x08005fc4   0x0000002c   Code   RO           38    .text.HAL_UARTEx_RxEventCallback  iusart.o
    0x08005ff0   0x08005ff0   0x00000002   Code   RO         1747    .text.HAL_UARTEx_RxFifoFullCallback  stm32h7xx_hal_uart_ex.o
    0x08005ff2   0x08005ff2   0x0000004a   Code   RO         1767    .text.HAL_UARTEx_SetRxFifoThreshold  stm32h7xx_hal_uart_ex.o
    0x0800603c   0x0800603c   0x0000004a   Code   RO         1765    .text.HAL_UARTEx_SetTxFifoThreshold  stm32h7xx_hal_uart_ex.o
    0x08006086   0x08006086   0x00000002   Code   RO         1749    .text.HAL_UARTEx_TxFifoEmptyCallback  stm32h7xx_hal_uart_ex.o
    0x08006088   0x08006088   0x00000002   Code   RO         1745    .text.HAL_UARTEx_WakeupCallback  stm32h7xx_hal_uart_ex.o
    0x0800608a   0x0800608a   0x00000002   Code   RO         1687    .text.HAL_UART_ErrorCallback  stm32h7xx_hal_uart.o
    0x0800608c   0x0800608c   0x0000031c   Code   RO         1683    .text.HAL_UART_IRQHandler  stm32h7xx_hal_uart.o
    0x080063a8   0x080063a8   0x00000066   Code   RO         1595    .text.HAL_UART_Init  stm32h7xx_hal_uart.o
    0x0800640e   0x0800640e   0x00000002   PAD
    0x08006410   0x08006410   0x00000108   Code   RO         2554    .text.HAL_UART_MspInit  usart.o
    0x08006518   0x08006518   0x00000002   Code   RO         1695    .text.HAL_UART_RxCpltCallback  stm32h7xx_hal_uart.o
    0x0800651a   0x0800651a   0x00000002   Code   RO         1697    .text.HAL_UART_RxHalfCpltCallback  stm32h7xx_hal_uart.o
    0x0800651c   0x0800651c   0x000000bc   Code   RO         1615    .text.HAL_UART_Transmit  stm32h7xx_hal_uart.o
    0x080065d8   0x080065d8   0x00000088   Code   RO         1635    .text.HAL_UART_Transmit_DMA  stm32h7xx_hal_uart.o
    0x08006660   0x08006660   0x00000002   Code   RO         1691    .text.HAL_UART_TxCpltCallback  stm32h7xx_hal_uart.o
    0x08006662   0x08006662   0x00000002   Code   RO         1693    .text.HAL_UART_TxHalfCpltCallback  stm32h7xx_hal_uart.o
    0x08006664   0x08006664   0x00000002   Code   RO         2572    .text.HardFault_Handler  stm32h7xx_it.o
    0x08006666   0x08006666   0x00000002   PAD
    0x08006668   0x08006668   0x00000014   Code   RO           19    .text.LED           iled.o
    0x0800667c   0x0800667c   0x00000024   Code   RO           21    .text.LED_Toggle    iled.o
    0x080066a0   0x080066a0   0x00000010   Code   RO           34    .text.MCU_send      iusart.o
    0x080066b0   0x080066b0   0x00000010   Code   RO           32    .text.MCU_serial_init  iusart.o
    0x080066c0   0x080066c0   0x00000008   Code   RO         2602    .text.MDMA_IRQHandler  stm32h7xx_it.o
    0x080066c8   0x080066c8   0x0000005c   Code   RO         2464    .text.MX_DMA_Init   dma.o
    0x08006724   0x08006724   0x00000018   Code   RO         2406    .text.MX_FATFS_Init  fatfs.o
    0x0800673c   0x0800673c   0x00000068   Code   RO         2474    .text.MX_FMC_Init   fmc.o
    0x080067a4   0x080067a4   0x000000e0   Code   RO         2453    .text.MX_GPIO_Init  gpio.o
    0x08006884   0x08006884   0x00000080   Code   RO         2492    .text.MX_MDMA_Init  mdma.o
    0x08006904   0x08006904   0x00000074   Code   RO         2502    .text.MX_RTC_Init   rtc.o
    0x08006978   0x08006978   0x00000024   Code   RO         2518    .text.MX_SDMMC1_SD_Init  sdmmc.o
    0x0800699c   0x0800699c   0x00000054   Code   RO         2534    .text.MX_SPI1_Init  spi.o
    0x080069f0   0x080069f0   0x00000068   Code   RO         2552    .text.MX_USART1_UART_Init  usart.o
    0x08006a58   0x08006a58   0x00000002   Code   RO         2574    .text.MemManage_Handler  stm32h7xx_it.o
    0x08006a5a   0x08006a5a   0x00000002   PAD
    0x08006a5c   0x08006a5c   0x00000104   Code   RO          104    .text.Mount_FatFs   ifile.o
    0x08006b60   0x08006b60   0x00000002   Code   RO         2570    .text.NMI_Handler   stm32h7xx_it.o
    0x08006b62   0x08006b62   0x00000002   Code   RO         2584    .text.PendSV_Handler  stm32h7xx_it.o
    0x08006b64   0x08006b64   0x00000100   Code   RO          249    .text.RCCEx_PLL2_Config  stm32h7xx_hal_rcc_ex.o
    0x08006c64   0x08006c64   0x00000104   Code   RO          251    .text.RCCEx_PLL3_Config  stm32h7xx_hal_rcc_ex.o
    0x08006d68   0x08006d68   0x0000002c   Code   RO         1137    .text.RTC_ByteToBcd2  stm32h7xx_hal_rtc.o
    0x08006d94   0x08006d94   0x00000044   Code   RO         1127    .text.RTC_EnterInitMode  stm32h7xx_hal_rtc.o
    0x08006dd8   0x08006dd8   0x00000050   Code   RO         1129    .text.RTC_ExitInitMode  stm32h7xx_hal_rtc.o
    0x08006e28   0x08006e28   0x0000000c   Code   RO         2600    .text.SDMMC1_IRQHandler  stm32h7xx_it.o
    0x08006e34   0x08006e34   0x00000032   Code   RO         1317    .text.SDMMC_CmdAppCommand  stm32h7xx_ll_sdmmc.o
    0x08006e66   0x08006e66   0x0000002c   Code   RO         1319    .text.SDMMC_CmdAppOperCommand  stm32h7xx_ll_sdmmc.o
    0x08006e92   0x08006e92   0x00000032   Code   RO         1285    .text.SDMMC_CmdBlockLength  stm32h7xx_ll_sdmmc.o
    0x08006ec4   0x08006ec4   0x00000032   Code   RO         1323    .text.SDMMC_CmdBusWidth  stm32h7xx_ll_sdmmc.o
    0x08006ef6   0x08006ef6   0x00000002   PAD
    0x08006ef8   0x08006ef8   0x00000054   Code   RO         1311    .text.SDMMC_CmdGoIdleState  stm32h7xx_ll_sdmmc.o
    0x08006f4c   0x08006f4c   0x00000030   Code   RO         1313    .text.SDMMC_CmdOperCond  stm32h7xx_ll_sdmmc.o
    0x08006f7c   0x08006f7c   0x00000032   Code   RO         1291    .text.SDMMC_CmdReadMultiBlock  stm32h7xx_ll_sdmmc.o
    0x08006fae   0x08006fae   0x00000032   Code   RO         1289    .text.SDMMC_CmdReadSingleBlock  stm32h7xx_ll_sdmmc.o
    0x08006fe0   0x08006fe0   0x00000032   Code   RO         1309    .text.SDMMC_CmdSelDesel  stm32h7xx_ll_sdmmc.o
    0x08007012   0x08007012   0x0000002c   Code   RO         1327    .text.SDMMC_CmdSendCID  stm32h7xx_ll_sdmmc.o
    0x0800703e   0x0800703e   0x0000002c   Code   RO         1331    .text.SDMMC_CmdSendCSD  stm32h7xx_ll_sdmmc.o
    0x0800706a   0x0800706a   0x00000032   Code   RO         1325    .text.SDMMC_CmdSendSCR  stm32h7xx_ll_sdmmc.o
    0x0800709c   0x0800709c   0x00000032   Code   RO         1341    .text.SDMMC_CmdSendStatus  stm32h7xx_ll_sdmmc.o
    0x080070ce   0x080070ce   0x00000032   Code   RO         1333    .text.SDMMC_CmdSetRelAdd  stm32h7xx_ll_sdmmc.o
    0x08007100   0x08007100   0x00000032   Code   RO         1343    .text.SDMMC_CmdStatusRegister  stm32h7xx_ll_sdmmc.o
    0x08007132   0x08007132   0x00000002   PAD
    0x08007134   0x08007134   0x00000058   Code   RO         1307    .text.SDMMC_CmdStopTransfer  stm32h7xx_ll_sdmmc.o
    0x0800718c   0x0800718c   0x00000032   Code   RO         1295    .text.SDMMC_CmdWriteMultiBlock  stm32h7xx_ll_sdmmc.o
    0x080071be   0x080071be   0x00000032   Code   RO         1293    .text.SDMMC_CmdWriteSingleBlock  stm32h7xx_ll_sdmmc.o
    0x080071f0   0x080071f0   0x0000002a   Code   RO         1277    .text.SDMMC_ConfigData  stm32h7xx_ll_sdmmc.o
    0x0800721a   0x0800721a   0x00000002   PAD
    0x0800721c   0x0800721c   0x00000120   Code   RO         1287    .text.SDMMC_GetCmdResp1  stm32h7xx_ll_sdmmc.o
    0x0800733c   0x0800733c   0x0000004c   Code   RO         1329    .text.SDMMC_GetCmdResp2  stm32h7xx_ll_sdmmc.o
    0x08007388   0x08007388   0x00000044   Code   RO         1321    .text.SDMMC_GetCmdResp3  stm32h7xx_ll_sdmmc.o
    0x080073cc   0x080073cc   0x0000008c   Code   RO         1335    .text.SDMMC_GetCmdResp6  stm32h7xx_ll_sdmmc.o
    0x08007458   0x08007458   0x00000058   Code   RO         1315    .text.SDMMC_GetCmdResp7  stm32h7xx_ll_sdmmc.o
    0x080074b0   0x080074b0   0x00000008   Code   RO         1269    .text.SDMMC_GetPowerState  stm32h7xx_ll_sdmmc.o
    0x080074b8   0x080074b8   0x00000006   Code   RO         1275    .text.SDMMC_GetResponse  stm32h7xx_ll_sdmmc.o
    0x080074be   0x080074be   0x00000002   PAD
    0x080074c0   0x080074c0   0x00000028   Code   RO         1257    .text.SDMMC_Init    stm32h7xx_ll_sdmmc.o
    0x080074e8   0x080074e8   0x0000000e   Code   RO         1263    .text.SDMMC_PowerState_ON  stm32h7xx_ll_sdmmc.o
    0x080074f6   0x080074f6   0x00000006   Code   RO         1259    .text.SDMMC_ReadFIFO  stm32h7xx_ll_sdmmc.o
    0x080074fc   0x080074fc   0x0000002c   Code   RO         1271    .text.SDMMC_SendCommand  stm32h7xx_ll_sdmmc.o
    0x08007528   0x08007528   0x0000000c   Code   RO         1261    .text.SDMMC_WriteFIFO  stm32h7xx_ll_sdmmc.o
    0x08007534   0x08007534   0x00000088   Code   RO           51    .text.SDRAM_InitSequence  isdram.o
    0x080075bc   0x080075bc   0x0000014c   Code   RO           57    .text.SDRAM_Test    isdram.o
    0x08007708   0x08007708   0x0000001c   Code   RO         2384    .text.SD_CheckStatus  sd_diskio.o
    0x08007724   0x08007724   0x00000028   Code   RO         2386    .text.SD_CheckStatusWithTimeout  sd_diskio.o
    0x0800774c   0x0800774c   0x000000d4   Code   RO         1443    .text.SD_FindSCR    stm32h7xx_hal_sd.o
    0x08007820   0x08007820   0x00000018   Code   RO         2374    .text.SD_initialize  sd_diskio.o
    0x08007838   0x08007838   0x00000050   Code   RO         2382    .text.SD_ioctl      sd_diskio.o
    0x08007888   0x08007888   0x00000128   Code   RO         2378    .text.SD_read       sd_diskio.o
    0x080079b0   0x080079b0   0x00000004   Code   RO         2376    .text.SD_status     sd_diskio.o
    0x080079b4   0x080079b4   0x00000120   Code   RO         2380    .text.SD_write      sd_diskio.o
    0x08007ad4   0x08007ad4   0x0000000c   Code   RO         2596    .text.SPI1_IRQHandler  stm32h7xx_it.o
    0x08007ae0   0x08007ae0   0x000000b6   Code   RO         1481    .text.SPI_CloseTransfer  stm32h7xx_hal_spi.o
    0x08007b96   0x08007b96   0x00000016   Code   RO         1557    .text.SPI_DMAAbortOnError  stm32h7xx_hal_spi.o
    0x08007bac   0x08007bac   0x00000030   Code   RO         1513    .text.SPI_DMAError  stm32h7xx_hal_spi.o
    0x08007bdc   0x08007bdc   0x00000006   Code   RO         1517    .text.SPI_DMAHalfReceiveCplt  stm32h7xx_hal_spi.o
    0x08007be2   0x08007be2   0x00000006   Code   RO         1509    .text.SPI_DMAHalfTransmitCplt  stm32h7xx_hal_spi.o
    0x08007be8   0x08007be8   0x00000026   Code   RO         1519    .text.SPI_DMAReceiveCplt  stm32h7xx_hal_spi.o
    0x08007c0e   0x08007c0e   0x00000026   Code   RO         1511    .text.SPI_DMATransmitCplt  stm32h7xx_hal_spi.o
    0x08007c34   0x08007c34   0x0000005c   Code   RO          141    .text.SPI_ReadRegister  adxl362.o
    0x08007c90   0x08007c90   0x00000050   Code   RO          137    .text.SPI_WriteRegister  adxl362.o
    0x08007ce0   0x08007ce0   0x00000002   Code   RO         2580    .text.SVC_Handler   stm32h7xx_it.o
    0x08007ce2   0x08007ce2   0x00000004   Code   RO         2586    .text.SysTick_Handler  stm32h7xx_it.o
    0x08007ce6   0x08007ce6   0x00000002   PAD
    0x08007ce8   0x08007ce8   0x00000104   Code   RO         2434    .text.SystemClock_Config  main.o
    0x08007dec   0x08007dec   0x000000b4   Code   RO         1787    .text.SystemInit    system_stm32h7xx.o
    0x08007ea0   0x08007ea0   0x00000054   Code   RO         1761    .text.UARTEx_SetNbDataToProcess  stm32h7xx_hal_uart_ex.o
    0x08007ef4   0x08007ef4   0x000000c6   Code   RO         1599    .text.UART_AdvFeatureConfig  stm32h7xx_hal_uart.o
    0x08007fba   0x08007fba   0x00000002   PAD
    0x08007fbc   0x08007fbc   0x000000b4   Code   RO         1603    .text.UART_CheckIdleState  stm32h7xx_hal_uart.o
    0x08008070   0x08008070   0x00000010   Code   RO         1685    .text.UART_DMAAbortOnError  stm32h7xx_hal_uart.o
    0x08008080   0x08008080   0x0000005a   Code   RO         1641    .text.UART_DMAError  stm32h7xx_hal_uart.o
    0x080080da   0x080080da   0x00000082   Code   RO         1729    .text.UART_DMAReceiveCplt  stm32h7xx_hal_uart.o
    0x0800815c   0x0800815c   0x0000001a   Code   RO         1731    .text.UART_DMARxHalfCplt  stm32h7xx_hal_uart.o
    0x08008176   0x08008176   0x0000003e   Code   RO         1637    .text.UART_DMATransmitCplt  stm32h7xx_hal_uart.o
    0x080081b4   0x080081b4   0x00000006   Code   RO         1639    .text.UART_DMATxHalfCplt  stm32h7xx_hal_uart.o
    0x080081ba   0x080081ba   0x00000002   PAD
    0x080081bc   0x080081bc   0x0000005c   Code   RO         1655    .text.UART_EndRxTransfer  stm32h7xx_hal_uart.o
    0x08008218   0x08008218   0x00000030   Code   RO         1653    .text.UART_EndTxTransfer  stm32h7xx_hal_uart.o
    0x08008248   0x08008248   0x0000039c   Code   RO         1601    .text.UART_SetConfig  stm32h7xx_hal_uart.o
    0x080085e4   0x080085e4   0x0000009c   Code   RO         1645    .text.UART_Start_Receive_DMA  stm32h7xx_hal_uart.o
    0x08008680   0x08008680   0x0000009a   Code   RO         1617    .text.UART_WaitOnFlagUntilTimeout  stm32h7xx_hal_uart.o
    0x0800871a   0x0800871a   0x00000002   PAD
    0x0800871c   0x0800871c   0x0000000c   Code   RO         2598    .text.USART1_IRQHandler  stm32h7xx_it.o
    0x08008728   0x08008728   0x00000002   Code   RO         2578    .text.UsageFault_Handler  stm32h7xx_it.o
    0x0800872a   0x0800872a   0x00000002   PAD
    0x0800872c   0x0800872c   0x00000024   Code   RO          159    .text.__NVIC_SetPriority  stm32h7xx_hal_cortex.o
    0x08008750   0x08008750   0x0000006c   Code   RO         1923    .text.check_fs      ff.o
    0x080087bc   0x080087bc   0x00000070   Code   RO         1835    .text.chk_lock      ff.o
    0x0800882c   0x0800882c   0x0000001c   Code   RO         1827    .text.clear_lock    ff.o
    0x08008848   0x08008848   0x00000028   Code   RO         1861    .text.clmt_clust    ff.o
    0x08008870   0x08008870   0x00000018   Code   RO         1855    .text.clust2sect    ff.o
    0x08008888   0x08008888   0x000000ce   Code   RO         1867    .text.create_chain  ff.o
    0x08008956   0x08008956   0x00000002   PAD
    0x08008958   0x08008958   0x00000040   Code   RO         1875    .text.dec_lock      ff.o
    0x08008998   0x08008998   0x00000180   Code   RO         1925    .text.dir_find      ff.o
    0x08008b18   0x08008b18   0x00000120   Code   RO         1891    .text.dir_next      ff.o
    0x08008c38   0x08008c38   0x00000128   Code   RO         1887    .text.dir_read      ff.o
    0x08008d60   0x08008d60   0x000002b4   Code   RO         1837    .text.dir_register  ff.o
    0x08009014   0x08009014   0x00000056   Code   RO         1901    .text.dir_remove    ff.o
    0x0800906a   0x0800906a   0x00000002   PAD
    0x0800906c   0x0800906c   0x0000009c   Code   RO         1881    .text.dir_sdi       ff.o
    0x08009108   0x08009108   0x00000028   Code   RO         1804    .text.disk_initialize  diskio.o
    0x08009130   0x08009130   0x00000014   Code   RO         1810    .text.disk_ioctl    diskio.o
    0x08009144   0x08009144   0x0000001c   Code   RO         1806    .text.disk_read     diskio.o
    0x08009160   0x08009160   0x00000010   Code   RO         1802    .text.disk_status   diskio.o
    0x08009170   0x08009170   0x00000020   Code   RO         1808    .text.disk_write    diskio.o
    0x08009190   0x08009190   0x00000024   Code   RO         1873    .text.f_close       ff.o
    0x080091b4   0x080091b4   0x0000001e   Code   RO         1883    .text.f_closedir    ff.o
    0x080091d2   0x080091d2   0x000000f8   Code   RO         1895    .text.f_getfree     ff.o
    0x080092ca   0x080092ca   0x0000005a   Code   RO         1911    .text.f_gets        ff.o
    0x08009324   0x08009324   0x00000600   Code   RO         1909    .text.f_mkfs        ff.o
    0x08009924   0x08009924   0x00000054   Code   RO         1823    .text.f_mount       ff.o
    0x08009978   0x08009978   0x00000238   Code   RO         1831    .text.f_open        ff.o
    0x08009bb0   0x08009bb0   0x00000090   Code   RO         1879    .text.f_opendir     ff.o
    0x08009c40   0x08009c40   0x0000002a   Code   RO         1919    .text.f_puts        ff.o
    0x08009c6a   0x08009c6a   0x0000017a   Code   RO         1857    .text.f_read        ff.o
    0x08009de4   0x08009de4   0x00000056   Code   RO         1885    .text.f_readdir     ff.o
    0x08009e3a   0x08009e3a   0x00000044   Code   RO         1893    .text.f_stat        ff.o
    0x08009e7e   0x08009e7e   0x00000090   Code   RO         1869    .text.f_sync        ff.o
    0x08009f0e   0x08009f0e   0x000000a0   Code   RO         1899    .text.f_unlink      ff.o
    0x08009fae   0x08009fae   0x0000019e   Code   RO         1865    .text.f_write       ff.o
    0x0800a14c   0x0800a14c   0x00000040   Code   RO         1967    .text.ff_convert    ccsbcs.o
    0x0800a18c   0x0800a18c   0x00000088   Code   RO         1969    .text.ff_wtoupper   ccsbcs.o
    0x0800a214   0x0800a214   0x00000260   Code   RO         1829    .text.find_volume   ff.o
    0x0800a474   0x0800a474   0x00000288   Code   RO         1833    .text.follow_path   ff.o
    0x0800a6fc   0x0800a6fc   0x00000024   Code   RO            4    .text.fputc         bsp_init.o
    0x0800a720   0x0800a720   0x000000b8   Code   RO         1853    .text.get_fat       ff.o
    0x0800a7d8   0x0800a7d8   0x00000004   Code   RO         2408    .text.get_fattime   fatfs.o
    0x0800a7dc   0x0800a7dc   0x00000108   Code   RO         1889    .text.get_fileinfo  ff.o
    0x0800a8e4   0x0800a8e4   0x00000042   Code   RO         1825    .text.get_ldnumber  ff.o
    0x0800a926   0x0800a926   0x00000002   PAD
    0x0800a928   0x0800a928   0x00000088   Code   RO         1849    .text.inc_lock      ff.o
    0x0800a9b0   0x0800a9b0   0x0000001e   Code   RO         1841    .text.ld_clust      ff.o
    0x0800a9ce   0x0800a9ce   0x00000004   Code   RO         1851    .text.ld_dword      ff.o
    0x0800a9d2   0x0800a9d2   0x00000002   PAD
    0x0800a9d4   0x0800a9d4   0x00000198   Code   RO         2432    .text.main          main.o
    0x0800ab6c   0x0800ab6c   0x00000014   Code   RO         1863    .text.mem_cpy       ff.o
    0x0800ab80   0x0800ab80   0x00000064   Code   RO           72    .text.memory_alloc  imemory.o
    0x0800abe4   0x0800abe4   0x00000060   Code   RO           74    .text.memory_free   imemory.o
    0x0800ac44   0x0800ac44   0x00000014   Code   RO           70    .text.memory_init   imemory.o
    0x0800ac58   0x0800ac58   0x00000054   Code   RO           76    .text.memory_management_test  imemory.o
    0x0800acac   0x0800acac   0x00000036   Code   RO         1847    .text.move_window   ff.o
    0x0800ace2   0x0800ace2   0x00000002   PAD
    0x0800ace4   0x0800ace4   0x0000002c   Code   RO         2430    .text.ping          main.o
    0x0800ad10   0x0800ad10   0x000000f2   Code   RO         1929    .text.put_fat       ff.o
    0x0800ae02   0x0800ae02   0x00000046   Code   RO         1915    .text.putc_bfd      ff.o
    0x0800ae48   0x0800ae48   0x0000002c   Code   RO         1917    .text.putc_flush    ff.o
    0x0800ae74   0x0800ae74   0x0000006c   Code   RO         1845    .text.remove_chain  ff.o
    0x0800aee0   0x0800aee0   0x00000018   Code   RO         1843    .text.st_clust      ff.o
    0x0800aef8   0x0800aef8   0x00000010   Code   RO         1839    .text.st_dword      ff.o
    0x0800af08   0x0800af08   0x0000001a   Code   RO         1927    .text.sum_sfn       ff.o
    0x0800af22   0x0800af22   0x00000002   PAD
    0x0800af24   0x0800af24   0x00000088   Code   RO         1871    .text.sync_fs       ff.o
    0x0800afac   0x0800afac   0x0000004e   Code   RO         1905    .text.sync_window   ff.o
    0x0800affa   0x0800affa   0x00000032   Code   RO         1859    .text.validate      ff.o
    0x0800b02c   0x0800b02c   0x00000020   Code   RO         2876    i.__0printf         mc_w.l(printfa.o)
    0x0800b04c   0x0800b04c   0x0000000e   Code   RO         2944    i.__scatterload_copy  mc_w.l(handlers.o)
    0x0800b05a   0x0800b05a   0x00000002   Code   RO         2945    i.__scatterload_null  mc_w.l(handlers.o)
    0x0800b05c   0x0800b05c   0x0000000e   Code   RO         2946    i.__scatterload_zeroinit  mc_w.l(handlers.o)
    0x0800b06a   0x0800b06a   0x00000002   PAD
    0x0800b06c   0x0800b06c   0x00000184   Code   RO         2883    i._fp_digits        mc_w.l(printfa.o)
    0x0800b1f0   0x0800b1f0   0x000006dc   Code   RO         2884    i._printf_core      mc_w.l(printfa.o)
    0x0800b8cc   0x0800b8cc   0x00000024   Code   RO         2885    i._printf_post_padding  mc_w.l(printfa.o)
    0x0800b8f0   0x0800b8f0   0x0000002e   Code   RO         2886    i._printf_pre_padding  mc_w.l(printfa.o)
    0x0800b91e   0x0800b91e   0x00000002   PAD
    0x0800b920   0x0800b920   0x00000024   Code   RO         2623    i.puts              mc_w.l(puts.o)
    0x0800b944   0x0800b944   0x00000010   Data   RO         1791    .rodata.D1CorePrescTable  system_stm32h7xx.o
    0x0800b954   0x0800b954   0x00000080   Data   RO         1934    .rodata.ExCvt       ff.o
    0x0800b9d4   0x0800b9d4   0x0000000d   Data   RO         1935    .rodata.LfnOfs      ff.o
    0x0800b9e1   0x0800b9e1   0x00000003   PAD
    0x0800b9e4   0x0800b9e4   0x00000014   Data   RO         2392    .rodata.SD_Driver   sd_diskio.o
    0x0800b9f8   0x0800b9f8   0x00000100   Data   RO         1971    .rodata.Tbl         ccsbcs.o
    0x0800baf8   0x0800baf8   0x00000018   Data   RO         1733    .rodata.UARTPrescTable  stm32h7xx_hal_uart.o
    0x0800bb10   0x0800bb10   0x00000008   Data   RO          469    .rodata.cst8        stm32h7xx_hal_dma.o
    0x0800bb18   0x0800bb18   0x00000010   Data   RO         1777    .rodata.cst8        stm32h7xx_hal_uart_ex.o
    0x0800bb28   0x0800bb28   0x000003ba   Data   RO            9    .rodata.str1.1      bsp_init.o
    0x0800bee2   0x0800bee2   0x000000a9   Data   RO           60    .rodata.str1.1      isdram.o
    0x0800bf8b   0x0800bf8b   0x00000185   Data   RO          125    .rodata.str1.1      ifile.o
    0x0800c110   0x0800c110   0x00000044   Data   RO         1932    .rodata.str1.1      ff.o
    0x0800c154   0x0800c154   0x0000001c   Data   RO         1931    .rodata.str2.2      ff.o
    0x0800c170   0x0800c170   0x000002ae   Data   RO         1972    .rodata.str2.2      ccsbcs.o
    0x0800c41e   0x0800c41e   0x00000002   PAD
    0x0800c420   0x0800c420   0x00000020   Data   RO         2943    Region$$Table       anon$$obj.o


    Execution Region RW_IRAM1 (Exec base: 0x20000000, Load base: 0x0800c440, Size: 0x00000000, Max: 0x00020000, ABSOLUTE)

    **** No section assigned to this execution region ****


    Execution Region RW_IRAM2 (Exec base: 0x24000000, Load base: 0x0800c440, Size: 0x00003308, Max: 0x00080000, ABSOLUTE)

    Exec Addr    Load Addr    Size         Type   Attr      Idx    E Section Name        Object

    0x24000000   0x0800c440   0x00000004   Data   RW         2918    .data               mc_w.l(stdout.o)
    0x24000004   0x0800c444   0x00000008   Data   RW          784    .data..L_MergedGlobals  stm32h7xx_hal.o
    0x2400000c   0x0800c44c   0x00000008   Data   RW         1792    .data..L_MergedGlobals  system_stm32h7xx.o
    0x24000014   0x0800c454   0x00000004   Data   RW            8    .data.Init_Gap      bsp_init.o
    0x24000018   0x0800c458   0x00000001   Data   RW         2393    .data.Stat          sd_diskio.o
    0x24000019   0x0800c459   0x00000003   PAD
    0x2400001c   0x0800c45c   0x00000004   Data   RW           78    .data.freeList      imemory.o
    0x24000020        -       0x00000010   Zero   RW          145    .bss..L_MergedGlobals  adxl362.o
    0x24000030        -       0x00000008   Zero   RW         1936    .bss..L_MergedGlobals  ff.o
    0x24000038        -       0x00000005   Zero   RW         2412    .bss..L_MergedGlobals  fatfs.o
    0x2400003d   0x0800c460   0x00000003   PAD
    0x24000040        -       0x00000010   Zero   RW           59    .bss.Command        isdram.o
    0x24000050        -       0x00000001   Zero   RW         2481    .bss.FMC_Initialized  fmc.o
    0x24000051   0x0800c460   0x00000003   PAD
    0x24000054        -       0x00000020   Zero   RW         1933    .bss.Files          ff.o
    0x24000074        -       0x00000200   Zero   RW           40    .bss.RX_IDLE_BUF    iusart.o
    0x24000274        -       0x00000004   Zero   RW         2394    .bss.ReadStatus     sd_diskio.o
    0x24000278        -       0x00000234   Zero   RW         2410    .bss.SDFatFS        fatfs.o
    0x240004ac        -       0x00000004   Zero   RW         2396    .bss.WriteStatus    sd_diskio.o
    0x240004b0        -       0x0000000c   Zero   RW         1956    .bss.disk           ff_gen_drv.o
    0x240004bc        -       0x00000078   Zero   RW         2541    .bss.hdma_spi1_rx   spi.o
    0x24000534        -       0x00000078   Zero   RW         2542    .bss.hdma_spi1_tx   spi.o
    0x240005ac        -       0x00000078   Zero   RW         2559    .bss.hdma_usart1_rx  usart.o
    0x24000624        -       0x00000078   Zero   RW         2560    .bss.hdma_usart1_tx  usart.o
    0x2400069c        -       0x0000006c   Zero   RW         2494    .bss.hmdma_mdma_channel0_sdmmc1_end_data_0  mdma.o
    0x24000708        -       0x00000024   Zero   RW         2508    .bss.hrtc           rtc.o
    0x2400072c        -       0x0000007c   Zero   RW         2524    .bss.hsd1           sdmmc.o
    0x240007a8        -       0x00000034   Zero   RW         2480    .bss.hsdram1        fmc.o
    0x240007dc        -       0x00000088   Zero   RW         2540    .bss.hspi1          spi.o
    0x24000864        -       0x00000094   Zero   RW         2558    .bss.huart1         usart.o
    0x240008f8   0x0800c460   0x00000008   PAD
    0x24000900        -       0x00000200   Zero   RW         2395    .bss.scratch        sd_diskio.o
    0x24000b00        -       0x00000004   Zero   RW          783    .bss.uwTick         stm32h7xx_hal.o
    0x24000b04        -       0x00000800   Zero   RW          124    .bss.workBuffer     ifile.o
    0x24001304   0x0800c460   0x00000004   PAD
    0x24001308        -       0x00002000   Zero   RW         2420    STACK               startup_stm32h743xx.o


==============================================================================

Image component sizes


      Code (inc. data)   RO Data    RW Data    ZI Data      Debug   Object Name

       324         16          0          0         16       6257   adxl362.o
        96          0          0          0          0       5412   bsp_driver_sd.o
       552        220        954          4          0       1514   bsp_init.o
       200         22        942          0          0       1648   ccsbcs.o
       136          4          0          0          0       1836   diskio.o
        92         12          0          0          0       5315   dma.o
        28          8          0          0        569       1842   fatfs.o
      9320        140        237          0         40      46514   ff.o
        86          4          0          0         12       2411   ff_gen_drv.o
       340         24          0          0         53       8256   fmc.o
       224          8          0          0          0       3054   gpio.o
      1956        972        389          0       2048       7873   ifile.o
        56          4          0          0          0       1261   iled.o
       300         20          0          4          0       2032   imemory.o
       468        124        169          0         16       2611   isdram.o
        76         12          0          0        512       4820   iusart.o
       720        124          0          0          0       7283   main.o
       128         12          0          0        108       7310   mdma.o
       188         20          0          0         36       6481   rtc.o
       784         32         20          1        520       6883   sd_diskio.o
       244         20          0          0        124       9799   sdmmc.o
       348         32          0          0        376      11527   spi.o
        36          8        664          0       8192        828   startup_stm32h743xx.o
       228         24          0          8          4      14579   stm32h7xx_hal.o
       252         32          0          0          0      12035   stm32h7xx_hal_cortex.o
      5068        604          8          0          0      14249   stm32h7xx_hal_dma.o
       420         20          0          0          0       6720   stm32h7xx_hal_gpio.o
       722          8          0          0          0      11590   stm32h7xx_hal_mdma.o
        32          4          0          0          0       2208   stm32h7xx_hal_msp.o
        72          4          0          0          0      10249   stm32h7xx_hal_pwr_ex.o
      2230         64          0          0          0      10959   stm32h7xx_hal_rcc.o
      4472        252          0          0          0      17403   stm32h7xx_hal_rcc_ex.o
       776         20          0          0          0      11844   stm32h7xx_hal_rtc.o
      3290         48          0          0          0      23115   stm32h7xx_hal_sd.o
       188          4          0          0          0      11235   stm32h7xx_hal_sdram.o
      2014         32          0          0          0      19738   stm32h7xx_hal_spi.o
      3314        186         24          0          0      31812   stm32h7xx_hal_uart.o
       382          8         16          0          0       9588   stm32h7xx_hal_uart_ex.o
       112         28          0          0          0       1746   stm32h7xx_it.o
       312         16          0          0          0       8245   stm32h7xx_ll_fmc.o
      1784         36          0          0          0      15167   stm32h7xx_ll_sdmmc.o
       180         40         16          8          0       5641   system_stm32h7xx.o
       368         32          0          0        388      11468   usart.o

    ----------------------------------------------------------------------
     42972       3300       3476         28      13032     402358   Object Totals
         0          0         32          0          0          0   (incl. Generated)
        54          0          5          3         18          0   (incl. Padding)

    ----------------------------------------------------------------------

      Code (inc. data)   RO Data    RW Data    ZI Data      Debug   Library Member Name

         0          0          0          0          0          0   entry.o
         0          0          0          0          0          0   entry10a.o
         0          0          0          0          0          0   entry11a.o
         8          4          0          0          0          0   entry2.o
         4          0          0          0          0          0   entry5.o
         0          0          0          0          0          0   entry7b.o
         0          0          0          0          0          0   entry8b.o
         8          4          0          0          0          0   entry9a.o
        30          0          0          0          0          0   handlers.o
        36          8          0          0          0         68   init.o
         0          0          0          0          0          0   iusefp.o
        30          0          0          0          0         68   llshl.o
        36          0          0          0          0         68   llsshr.o
        32          0          0          0          0         68   llushr.o
        64          0          0          0          0         76   memmovea.o
        36          0          0          0          0        108   memseta.o
      2258         90          0          0          0        452   printfa.o
        36          6          0          0          0         80   puts.o
         0          0          0          4          0          0   stdout.o
        44          0          0          0          0         80   uidiv.o
        98          0          0          0          0         92   uldiv.o
        48          0          0          0          0         68   cdrcmple.o
       334          0          0          0          0        148   dadd.o
       222          0          0          0          0        100   ddiv.o
       186          0          0          0          0        176   depilogue.o
        48          0          0          0          0         68   dfixul.o
       228          0          0          0          0         96   dmul.o

    ----------------------------------------------------------------------
      3792        112          0          4          0       1816   Library Totals
         6          0          0          0          0          0   (incl. Padding)

    ----------------------------------------------------------------------

      Code (inc. data)   RO Data    RW Data    ZI Data      Debug   Library Name

      2720        112          0          4          0       1160   mc_w.l
      1066          0          0          0          0        656   mf_w.l

    ----------------------------------------------------------------------
      3792        112          0          4          0       1816   Library Totals

    ----------------------------------------------------------------------

==============================================================================


      Code (inc. data)   RO Data    RW Data    ZI Data      Debug   

     46764       3412       3476         32      13032     402786   Grand Totals
     46764       3412       3476         32      13032     402786   ELF Image Totals
     46764       3412       3476         32          0          0   ROM Totals

==============================================================================

    Total RO  Size (Code + RO Data)                50240 (  49.06kB)
    Total RW  Size (RW Data + ZI Data)             13064 (  12.76kB)
    Total ROM Size (Code + RO Data + RW Data)      50272 (  49.09kB)

==============================================================================

