Component: ARM Compiler 6.11 Tool: armlink [5d3b3900]

==============================================================================

Section Cross References

    bsp_init.o(.text.BSP_Init) refers to printfa.o(i.__0printf) for __2printf
    bsp_init.o(.text.BSP_Init) refers to stm32h7xx_hal.o(.text.HAL_Delay) for HAL_Delay
    bsp_init.o(.text.BSP_Init) refers to iusart.o(.text.MCU_serial_init) for MCU_serial_init
    bsp_init.o(.text.BSP_Init) refers to isdram.o(.text.SDRAM_InitSequence) for SDRAM_InitSequence
    bsp_init.o(.text.BSP_Init) refers to isdram.o(.text.SDRAM_Test) for SDRAM_Test
    bsp_init.o(.text.BSP_Init) refers to imemory.o(.text.memory_init) for memory_init
    bsp_init.o(.text.BSP_Init) refers to imemory.o(.text.memory_management_test) for memory_management_test
    bsp_init.o(.text.BSP_Init) refers to ifile.o(.text.Mount_FatFs) for Mount_FatFs
    bsp_init.o(.text.BSP_Init) refers to ifile.o(.text.FatFs_GetDiskInfo) for FatFs_GetDiskInfo
    bsp_init.o(.text.BSP_Init) refers to ifile.o(.text.FatFs_ScanDir) for FatFs_ScanDir
    bsp_init.o(.text.BSP_Init) refers to ifile.o(.text.FatFs_WriteTXTFile) for FatFs_WriteTXTFile
    bsp_init.o(.text.BSP_Init) refers to ifile.o(.text.FatFs_ReadTXTFile) for FatFs_ReadTXTFile
    bsp_init.o(.text.BSP_Init) refers to ifile.o(.text.FatFs_GetFileInfo) for FatFs_GetFileInfo
    bsp_init.o(.text.BSP_Init) refers to ifile.o(.text.FatFs_DeleteFile) for FatFs_DeleteFile
    bsp_init.o(.text.BSP_Init) refers to iled.o(.text.LED) for LED
    bsp_init.o(.text.BSP_Init) refers to bsp_init.o(.data.Init_Gap) for Init_Gap
    bsp_init.o(.text.BSP_Init) refers to bsp_init.o(.rodata.str1.1) for .L.str.1
    bsp_init.o(.ARM.exidx.text.BSP_Init) refers to bsp_init.o(.text.BSP_Init) for [Anonymous Symbol]
    bsp_init.o(.text.fputc) refers to stm32h7xx_hal_uart.o(.text.HAL_UART_Transmit) for HAL_UART_Transmit
    bsp_init.o(.text.fputc) refers to usart.o(.bss.huart1) for huart1
    bsp_init.o(.ARM.exidx.text.fputc) refers to bsp_init.o(.text.fputc) for [Anonymous Symbol]
    bsp_init.o(.text.fgetc) refers to usart.o(.bss.huart1) for huart1
    bsp_init.o(.ARM.exidx.text.fgetc) refers to bsp_init.o(.text.fgetc) for [Anonymous Symbol]
    iled.o(.text.LED) refers to stm32h7xx_hal_gpio.o(.text.HAL_GPIO_WritePin) for HAL_GPIO_WritePin
    iled.o(.ARM.exidx.text.LED) refers to iled.o(.text.LED) for [Anonymous Symbol]
    iled.o(.text.LED_Toggle) refers to stm32h7xx_hal_gpio.o(.text.HAL_GPIO_ReadPin) for HAL_GPIO_ReadPin
    iled.o(.text.LED_Toggle) refers to stm32h7xx_hal_gpio.o(.text.HAL_GPIO_WritePin) for HAL_GPIO_WritePin
    iled.o(.ARM.exidx.text.LED_Toggle) refers to iled.o(.text.LED_Toggle) for [Anonymous Symbol]
    iusart.o(.text.MCU_serial_init) refers to stm32h7xx_hal_uart_ex.o(.text.HAL_UARTEx_ReceiveToIdle_DMA) for HAL_UARTEx_ReceiveToIdle_DMA
    iusart.o(.text.MCU_serial_init) refers to usart.o(.bss.huart1) for huart1
    iusart.o(.text.MCU_serial_init) refers to iusart.o(.bss.RX_IDLE_BUF) for RX_IDLE_BUF
    iusart.o(.ARM.exidx.text.MCU_serial_init) refers to iusart.o(.text.MCU_serial_init) for [Anonymous Symbol]
    iusart.o(.text.MCU_send) refers to stm32h7xx_hal_uart.o(.text.HAL_UART_Transmit_DMA) for HAL_UART_Transmit_DMA
    iusart.o(.text.MCU_send) refers to usart.o(.bss.huart1) for huart1
    iusart.o(.ARM.exidx.text.MCU_send) refers to iusart.o(.text.MCU_send) for [Anonymous Symbol]
    iusart.o(.text.MCU_printf) refers to printfa.o(i.__0vsnprintf) for vsnprintf
    iusart.o(.text.MCU_printf) refers to strlen.o(.text) for strlen
    iusart.o(.text.MCU_printf) refers to iusart.o(.text.MCU_send) for MCU_send
    iusart.o(.ARM.exidx.text.MCU_printf) refers to iusart.o(.text.MCU_printf) for [Anonymous Symbol]
    iusart.o(.text.HAL_UARTEx_RxEventCallback) refers to iusart.o(.text.MCU_send) for MCU_send
    iusart.o(.text.HAL_UARTEx_RxEventCallback) refers to stm32h7xx_hal_uart_ex.o(.text.HAL_UARTEx_ReceiveToIdle_DMA) for HAL_UARTEx_ReceiveToIdle_DMA
    iusart.o(.text.HAL_UARTEx_RxEventCallback) refers to usart.o(.bss.huart1) for huart1
    iusart.o(.text.HAL_UARTEx_RxEventCallback) refers to iusart.o(.bss.RX_IDLE_BUF) for RX_IDLE_BUF
    iusart.o(.ARM.exidx.text.HAL_UARTEx_RxEventCallback) refers to iusart.o(.text.HAL_UARTEx_RxEventCallback) for [Anonymous Symbol]
    isdram.o(.text.SDRAM_InitSequence) refers to stm32h7xx_hal.o(.text.HAL_Delay) for HAL_Delay
    isdram.o(.text.SDRAM_InitSequence) refers to stm32h7xx_hal_sdram.o(.text.HAL_SDRAM_ProgramRefreshRate) for HAL_SDRAM_ProgramRefreshRate
    isdram.o(.text.SDRAM_InitSequence) refers to isdram.o(.bss.Command) for [Anonymous Symbol]
    isdram.o(.text.SDRAM_InitSequence) refers to fmc.o(.bss.hsdram1) for hsdram1
    isdram.o(.text.SDRAM_InitSequence) refers to stm32h7xx_hal_sdram.o(.text.HAL_SDRAM_SendCommand) for HAL_SDRAM_SendCommand
    isdram.o(.ARM.exidx.text.SDRAM_InitSequence) refers to isdram.o(.text.SDRAM_InitSequence) for [Anonymous Symbol]
[...]
    _printf_o                                0x00000000   Number         0  stubs.o ABSOLUTE
    _printf_p                                0x00000000   Number         0  stubs.o ABSOLUTE
    _printf_percent                          0x00000000   Number         0  stubs.o ABSOLUTE
    _printf_pre_padding                      0x00000000   Number         0  stubs.o ABSOLUTE
    _printf_return_value                     0x00000000   Number         0  stubs.o ABSOLUTE
    _printf_s                                0x00000000   Number         0  stubs.o ABSOLUTE
    _printf_sizespec                         0x00000000   Number         0  stubs.o ABSOLUTE
    _printf_str                              0x00000000   Number         0  stubs.o ABSOLUTE
    _printf_truncate_signed                  0x00000000   Number         0  stubs.o ABSOLUTE
    _printf_truncate_unsigned                0x00000000   Number         0  stubs.o ABSOLUTE
    _printf_u                                0x00000000   Number         0  stubs.o ABSOLUTE
    _printf_wc                               0x00000000   Number         0  stubs.o ABSOLUTE
    _printf_wctomb                           0x00000000   Number         0  stubs.o ABSOLUTE
    _printf_widthprec                        0x00000000   Number         0  stubs.o ABSOLUTE
    _printf_x                                0x00000000   Number         0  stubs.o ABSOLUTE
    __cpp_initialize__aeabi_                  - Undefined Weak Reference
    __cxa_finalize                            - Undefined Weak Reference
    __decompress                              - Undefined Weak Reference
    _clock_init                               - Undefined Weak Reference
    _microlib_exit                            - Undefined Weak Reference
    __Vectors_Size                           0x00000298   Number         0  startup_stm32h743xx.o ABSOLUTE
    __Vectors                                0x08000000   Data           4  startup_stm32h743xx.o(RESET)
    __Vectors_End                            0x08000298   Data           0  startup_stm32h743xx.o(RESET)
    __main                                   0x08000299   Thumb Code     0  entry.o(.ARM.Collect$$$$00000000)
    _main_stk                                0x08000299   Thumb Code     0  entry2.o(.ARM.Collect$$$$00000001)
    _main_scatterload                        0x0800029d   Thumb Code     0  entry5.o(.ARM.Collect$$$$00000004)
    __main_after_scatterload                 0x080002a1   Thumb Code     0  entry5.o(.ARM.Collect$$$$00000004)
    _main_clock                              0x080002a1   Thumb Code     0  entry7b.o(.ARM.Collect$$$$00000008)
    _main_cpp_init                           0x080002a1   Thumb Code     0  entry8b.o(.ARM.Collect$$$$0000000A)
    _main_init                               0x080002a1   Thumb Code     0  entry9a.o(.ARM.Collect$$$$0000000B)
    __rt_final_cpp                           0x080002a9   Thumb Code     0  entry10a.o(.ARM.Collect$$$$0000000D)
    __rt_final_exit                          0x080002a9   Thumb Code     0  entry11a.o(.ARM.Collect$$$$0000000F)
    Reset_Handler                            0x080002ad   Thumb Code     8  startup_stm32h743xx.o(.text)
    ADC3_IRQHandler                          0x080002c7   Thumb Code     0  startup_stm32h743xx.o(.text)
    ADC_IRQHandler                           0x080002c7   Thumb Code     0  startup_stm32h743xx.o(.text)
    BDMA_Channel0_IRQHandler                 0x080002c7   Thumb Code     0  startup_stm32h743xx.o(.text)
    BDMA_Channel1_IRQHandler                 0x080002c7   Thumb Code     0  startup_stm32h743xx.o(.text)
    BDMA_Channel2_IRQHandler                 0x080002c7   Thumb Code     0  startup_stm32h743xx.o(.text)
    BDMA_Channel3_IRQHandler                 0x080002c7   Thumb Code     0  startup_stm32h743xx.o(.text)
    BDMA_Channel4_IRQHandler                 0x080002c7   Thumb Code     0  startup_stm32h743xx.o(.text)
    BDMA_Channel5_IRQHandler                 0x080002c7   Thumb Code     0  startup_stm32h743xx.o(.text)
    BDMA_Channel6_IRQHandler                 0x080002c7   Thumb Code     0  startup_stm32h743xx.o(.text)
    BDMA_Channel7_IRQHandler                 0x080002c7   Thumb Code     0  startup_stm32h743xx.o(.text)
    CEC_IRQHandler                           0x080002c7   Thumb Code     0  startup_stm32h743xx.o(.text)
    COMP1_IRQHandler                         0x080002c7   Thumb Code     0  startup_stm32h743xx.o(.text)
    CRS_IRQHandler                           0x080002c7   Thumb Code     0  startup_stm32h743xx.o(.text)
    DCMI_IRQHandler                          0x080002c7   Thumb Code     0  startup_stm32h743xx.o(.text)
    DFSDM1_FLT0_IRQHandler                   0x080002c7   Thumb Code     0  startup_stm32h743xx.o(.text)
    DFSDM1_FLT1_IRQHandler                   0x080002c7   Thumb Code     0  startup_stm32h743xx.o(.text)
    DFSDM1_FLT2_IRQHandler                   0x080002c7   Thumb Code     0  startup_stm32h743xx.o(.text)
    DFSDM1_FLT3_IRQHandler                   0x080002c7   Thumb Code     0  startup_stm32h743xx.o(.text)
    DMA1_Stream2_IRQHandler                  0x080002c7   Thumb Code     0  startup_stm32h743xx.o(.text)
    DMA1_Stream3_IRQHandler                  0x080002c7   Thumb Code     0  startup_stm32h743xx.o(.text)
    DMA1_Stream4_IRQHandler                  0x080002c7   Thumb Code     0  startup_stm32h743xx.o(.text)
    DMA1_Stream5_IRQHandler                  0x080002c7   Thumb Code     0  startup_stm32h743xx.o(.text)
    DMA1_Stream6_IRQHandler                  0x080002c7   Thumb Code     0  startup_stm32h743xx.o(.text)
    DMA1_Stream7_IRQHandler                  0x080002c7   Thumb Code     0  startup_stm32h743xx.o(.text)
    DMA2D_IRQHandler                         0x080002c7   Thumb Code     0  startup_stm32h743xx.o(.text)
    DMA2_Stream0_IRQHandler                  0x080002c7   Thumb Code     0  startup_stm32h743xx.o(.text)
    DMA2_Stream1_IRQHandler                  0x080002c7   Thumb Code     0  startup_stm32h743xx.o(.text)
    DMA2_Stream2_IRQHandler                  0x080002c7   Thumb Code     0  startup_stm32h743xx.o(.text)
    DMA2_Stream3_IRQHandler                  0x080002c7   Thumb Code     0  startup_stm32h743xx.o(.text)
    DMA2_Stream4_IRQHandler                  0x080002c7   Thumb Code     0  startup_stm32h743xx.o(.text)
    DMA2_Stream5_IRQHandler                  0x080002c7   Thumb Code     0  startup_stm32h743xx.o(.text)
    DMA2_Stream6_IRQHandler                  0x080002c7   Thumb Code     0  startup_stm32h743xx.o(.text)
    DMA2_Stream7_IRQHandler                  0x080002c7   Thumb Code     0  startup_stm32h743xx.o(.text)
    DMAMUX1_OVR_IRQHandler                   0x080002c7   Thumb Code     0  startup_stm32h743xx.o(.text)
    DMAMUX2_OVR_IRQHandler                   0x080002c7   Thumb Code     0  startup_stm32h743xx.o(.text)
    ECC_IRQHandler                           0x080002c7   Thumb Code     0  startup_stm32h743xx.o(.text)
    ETH_IRQHandler                           0x080002c7   Thumb Code     0  startup_stm32h743xx.o(.text)
    ETH_WKUP_IRQHandler                      0x080002c7   Thumb Code     0  startup_stm32h743xx.o(.text)
    EXTI0_IRQHandler                         0x080002c7   Thumb Code     0  startup_stm32h743xx.o(.text)
    EXTI15_10_IRQHandler                     0x080002c7   Thumb Code     0  startup_stm32h743xx.o(.text)
    EXTI1_IRQHandler                         0x080002c7   Thumb Code     0  startup_stm32h743xx.o(.text)
    EXTI2_IRQHandler                         0x080002c7   Thumb Code     0  startup_stm32h743xx.o(.text)
    EXTI3_IRQHandler                         0x080002c7   Thumb Code     0  startup_stm32h743xx.o(.text)
    EXTI4_IRQHandler                         0x080002c7   Thumb Code     0  startup_stm32h743xx.o(.text)
    EXTI9_5_IRQHandler                       0x080002c7   Thumb Code     0  startup_stm32h743xx.o(.text)
    FDCAN1_IT0_IRQHandler                    0x080002c7   Thumb Code     0  startup_stm32h743xx.o(.text)
    FDCAN1_IT1_IRQHandler                    0x080002c7   Thumb Code     0  startup_stm32h743xx.o(.text)
    FDCAN2_IT0_IRQHandler                    0x080002c7   Thumb Code     0  startup_stm32h743xx.o(.text)
    FDCAN2_IT1_IRQHandler                    0x080002c7   Thumb Code     0  startup_stm32h743xx.o(.text)
    FDCAN_CAL_IRQHandler                     0x080002c7   Thumb Code     0  startup_stm32h743xx.o(.text)
    FLASH_IRQHandler                         0x080002c7   Thumb Code     0  startup_stm32h743xx.o(.text)
    FMC_IRQHandler                           0x080002c7   Thumb Code     0  startup_stm32h743xx.o(.text)
    FPU_IRQHandler                           0x080002c7   Thumb Code     0  startup_stm32h743xx.o(.text)
    HRTIM1_FLT_IRQHandler                    0x080002c7   Thumb Code     0  startup_stm32h743xx.o(.text)
    HRTIM1_Master_IRQHandler                 0x080002c7   Thumb Code     0  startup_stm32h743xx.o(.text)
    HRTIM1_TIMA_IRQHandler                   0x080002c7   Thumb Code     0  startup_stm32h743xx.o(.text)
    HRTIM1_TIMB_IRQHandler                   0x080002c7   Thumb Code     0  startup_stm32h743xx.o(.text)
    HRTIM1_TIMC_IRQHandler                   0x080002c7   Thumb Code     0  startup_stm32h743xx.o(.text)
    HRTIM1_TIMD_IRQHandler                   0x080002c7   Thumb Code     0  startup_stm32h743xx.o(.text)
    HRTIM1_TIME_IRQHandler                   0x080002c7   Thumb Code     0  startup_stm32h743xx.o(.text)
    HSEM1_IRQHandler                         0x080002c7   Thumb Code     0  startup_stm32h743xx.o(.text)
    I2C1_ER_IRQHandler                       0x080002c7   Thumb Code     0  startup_stm32h743xx.o(.text)
    I2C1_EV_IRQHandler                       0x080002c7   Thumb Code     0  startup_stm32h743xx.o(.text)
    I2C2_ER_IRQHandler                       0x080002c7   Thumb Code     0  startup_stm32h743xx.o(.text)
    I2C2_EV_IRQHandler                       0x080002c7   Thumb Code     0  startup_stm32h743xx.o(.text)
    I2C3_ER_IRQHandler                       0x080002c7   Thumb Code     0  startup_stm32h743xx.o(.text)
    I2C3_EV_IRQHandler                       0x080002c7   Thumb Code     0  startup_stm32h743xx.o(.text)
    I2C4_ER_IRQHandler                       0x080002c7   Thumb Code     0  startup_stm32h743xx.o(.text)
    I2C4_EV_IRQHandler                       0x080002c7   Thumb Code     0  startup_stm32h743xx.o(.text)
    JPEG_IRQHandler                          0x080002c7   Thumb Code     0  startup_stm32h743xx.o(.text)
    LPTIM1_IRQHandler                        0x080002c7   Thumb Code     0  startup_stm32h743xx.o(.text)
    LPTIM2_IRQHandler                        0x080002c7   Thumb Code     0  startup_stm32h743xx.o(.text)
    LPTIM3_IRQHandler                        0x080002c7   Thumb Code     0  startup_stm32h743xx.o(.text)
    LPTIM4_IRQHandler                        0x080002c7   Thumb Code     0  startup_stm32h743xx.o(.text)
    LPTIM5_IRQHandler                        0x080002c7   Thumb Code     0  startup_stm32h743xx.o(.text)
    LPUART1_IRQHandler                       0x080002c7   Thumb Code     0  startup_stm32h743xx.o(.text)
    LTDC_ER_IRQHandler                       0x080002c7   Thumb Code     0  startup_stm32h743xx.o(.text)
    LTDC_IRQHandler                          0x080002c7   Thumb Code     0  startup_stm32h743xx.o(.text)
    MDIOS_IRQHandler                         0x080002c7   Thumb Code     0  startup_stm32h743xx.o(.text)
    MDIOS_WKUP_IRQHandler                    0x080002c7   Thumb Code     0  startup_stm32h743xx.o(.text)
    OTG_FS_EP1_IN_IRQHandler                 0x080002c7   Thumb Code     0  startup_stm32h743xx.o(.text)
    OTG_FS_EP1_OUT_IRQHandler                0x080002c7   Thumb Code     0  startup_stm32h743xx.o(.text)
    OTG_FS_IRQHandler                        0x080002c7   Thumb Code     0  startup_stm32h743xx.o(.text)
    OTG_FS_WKUP_IRQHandler                   0x080002c7   Thumb Code     0  startup_stm32h743xx.o(.text)
    OTG_HS_EP1_IN_IRQHandler                 0x080002c7   Thumb Code     0  startup_stm32h743xx.o(.text)
    OTG_HS_EP1_OUT_IRQHandler                0x080002c7   Thumb Code     0  startup_stm32h743xx.o(.text)
    OTG_HS_IRQHandler                        0x080002c7   Thumb Code     0  startup_stm32h743xx.o(.text)
    OTG_HS_WKUP_IRQHandler                   0x080002c7   Thumb Code     0  startup_stm32h743xx.o(.text)
    PVD_AVD_IRQHandler                       0x080002c7   Thumb Code     0  startup_stm32h743xx.o(.text)
    QUADSPI_IRQHandler                       0x080002c7   Thumb Code     0  startup_stm32h743xx.o(.text)
    RCC_IRQHandler                           0x080002c7   Thumb Code     0  startup_stm32h743xx.o(.text)
    RNG_IRQHandler                           0x080002c7   Thumb Code     0  startup_stm32h743xx.o(.text)
    RTC_Alarm_IRQHandler                     0x080002c7   Thumb Code     0  startup_stm32h743xx.o(.text)
    RTC_WKUP_IRQHandler                      0x080002c7   Thumb Code     0  startup_stm32h743xx.o(.text)
    SAI1_IRQHandler                          0x080002c7   Thumb Code     0  startup_stm32h743xx.o(.text)
    SAI2_IRQHandler                          0x080002c7   Thumb Code     0  startup_stm32h743xx.o(.text)
    SAI3_IRQHandler                          0x080002c7   Thumb Code     0  startup_stm32h743xx.o(.text)
    SAI4_IRQHandler                          0x080002c7   Thumb Code     0  startup_stm32h743xx.o(.text)
    SDMMC2_IRQHandler                        0x080002c7   Thumb Code     0  startup_stm32h743xx.o(.text)
    SPDIF_RX_IRQHandler                      0x080002c7   Thumb Code     0  startup_stm32h743xx.o(.text)
    SPI1_IRQHandler                          0x080002c7   Thumb Code     0  startup_stm32h743xx.o(.text)
    SPI2_IRQHandler                          0x080002c7   Thumb Code     0  startup_stm32h743xx.o(.text)
    SPI3_IRQHandler                          0x080002c7   Thumb Code     0  startup_stm32h743xx.o(.text)
    SPI4_IRQHandler                          0x080002c7   Thumb Code     0  startup_stm32h743xx.o(.text)
    SPI5_IRQHandler                          0x080002c7   Thumb Code     0  startup_stm32h743xx.o(.text)
    SPI6_IRQHandler                          0x080002c7   Thumb Code     0  startup_stm32h743xx.o(.text)
    SWPMI1_IRQHandler                        0x080002c7   Thumb Code     0  startup_stm32h743xx.o(.text)
    TAMP_STAMP_IRQHandler                    0x080002c7   Thumb Code     0  startup_stm32h743xx.o(.text)
    TIM15_IRQHandler                         0x080002c7   Thumb Code     0  startup_stm32h743xx.o(.text)
    TIM16_IRQHandler                         0x080002c7   Thumb Code     0  startup_stm32h743xx.o(.text)
    TIM17_IRQHandler                         0x080002c7   Thumb Code     0  startup_stm32h743xx.o(.text)
    TIM1_BRK_IRQHandler                      0x080002c7   Thumb Code     0  startup_stm32h743xx.o(.text)
    TIM1_CC_IRQHandler                       0x080002c7   Thumb Code     0  startup_stm32h743xx.o(.text)
    TIM1_TRG_COM_IRQHandler                  0x080002c7   Thumb Code     0  startup_stm32h743xx.o(.text)
    TIM1_UP_IRQHandler                       0x080002c7   Thumb Code     0  startup_stm32h743xx.o(.text)
    TIM2_IRQHandler                          0x080002c7   Thumb Code     0  startup_stm32h743xx.o(.text)
    TIM3_IRQHandler                          0x080002c7   Thumb Code     0  startup_stm32h743xx.o(.text)
    TIM4_IRQHandler                          0x080002c7   Thumb Code     0  startup_stm32h743xx.o(.text)
    TIM5_IRQHandler                          0x080002c7   Thumb Code     0  startup_stm32h743xx.o(.text)
    TIM6_DAC_IRQHandler                      0x080002c7   Thumb Code     0  startup_stm32h743xx.o(.text)
    TIM7_IRQHandler                          0x080002c7   Thumb Code     0  startup_stm32h743xx.o(.text)
    TIM8_BRK_TIM12_IRQHandler                0x080002c7   Thumb Code     0  startup_stm32h743xx.o(.text)
    TIM8_CC_IRQHandler                       0x080002c7   Thumb Code     0  startup_stm32h743xx.o(.text)
    TIM8_TRG_COM_TIM14_IRQHandler            0x080002c7   Thumb Code     0  startup_stm32h743xx.o(.text)
    TIM8_UP_TIM13_IRQHandler                 0x080002c7   Thumb Code     0  startup_stm32h743xx.o(.text)
    UART4_IRQHandler                         0x080002c7   Thumb Code     0  startup_stm32h743xx.o(.text)
    UART5_IRQHandler                         0x080002c7   Thumb Code     0  startup_stm32h743xx.o(.text)
    UART7_IRQHandler                         0x080002c7   Thumb Code     0  startup_stm32h743xx.o(.text)
    UART8_IRQHandler                         0x080002c7   Thumb Code     0  startup_stm32h743xx.o(.text)
    USART2_IRQHandler                        0x080002c7   Thumb Code     0  startup_stm32h743xx.o(.text)
    USART3_IRQHandler                        0x080002c7   Thumb Code     0  startup_stm32h743xx.o(.text)
    USART6_IRQHandler                        0x080002c7   Thumb Code     0  startup_stm32h743xx.o(.text)
    WAKEUP_PIN_IRQHandler                    0x080002c7   Thumb Code     0  startup_stm32h743xx.o(.text)
    WWDG_IRQHandler                          0x080002c7   Thumb Code     0  startup_stm32h743xx.o(.text)
    __aeabi_uldivmod                         0x080002d1   Thumb Code    98  uldiv.o(.text)
    ___aeabi_memcpy4$move                    0x08000333   Thumb Code     0  memmovea.o(.text)
    ___aeabi_memcpy8$move                    0x08000333   Thumb Code     0  memmovea.o(.text)
    __aeabi_memcpy                           0x08000333   Thumb Code    64  memmovea.o(.text)
    __aeabi_memmove                          0x08000333   Thumb Code     0  memmovea.o(.text)
    __aeabi_memmove4                         0x08000333   Thumb Code     0  memmovea.o(.text)
    __aeabi_memmove8                         0x08000333   Thumb Code     0  memmovea.o(.text)
    __aeabi_memset                           0x08000373   Thumb Code    14  memseta.o(.text)
    __aeabi_memset4                          0x08000373   Thumb Code     0  memseta.o(.text)
    __aeabi_memset8                          0x08000373   Thumb Code     0  memseta.o(.text)
    __aeabi_memclr                           0x08000381   Thumb Code     4  memseta.o(.text)
    __aeabi_memclr4                          0x08000381   Thumb Code     0  memseta.o(.text)
    __aeabi_memclr8                          0x08000381   Thumb Code     0  memseta.o(.text)
    _memset$wrapper                          0x08000385   Thumb Code    18  memseta.o(.text)
    __aeabi_uidiv                            0x08000397   Thumb Code     0  uidiv.o(.text)
    __aeabi_uidivmod                         0x08000397   Thumb Code    44  uidiv.o(.text)
    __aeabi_llsl                             0x080003c3   Thumb Code    30  llshl.o(.text)
    _ll_shift_l                              0x080003c3   Thumb Code     0  llshl.o(.text)
    __aeabi_llsr                             0x080003e1   Thumb Code    32  llushr.o(.text)
    _ll_ushift_r                             0x080003e1   Thumb Code     0  llushr.o(.text)
    __I$use$fp                               0x08000401   Thumb Code     0  iusefp.o(.text)
    __aeabi_dadd                             0x08000401   Thumb Code   322  dadd.o(.text)
    __aeabi_dsub                             0x08000543   Thumb Code     6  dadd.o(.text)
    __aeabi_drsub                            0x08000549   Thumb Code     6  dadd.o(.text)
    __aeabi_dmul                             0x0800054f   Thumb Code   228  dmul.o(.text)
    __aeabi_ddiv                             0x08000633   Thumb Code   222  ddiv.o(.text)
    __aeabi_d2ulz                            0x08000711   Thumb Code    48  dfixul.o(.text)
    __aeabi_cdrcmple                         0x08000741   Thumb Code    48  cdrcmple.o(.text)
    __scatterload                            0x08000771   Thumb Code    28  init.o(.text)
    __scatterload_rt2                        0x08000771   Thumb Code     0  init.o(.text)
    __aeabi_lasr                             0x08000795   Thumb Code    36  llsshr.o(.text)
    _ll_sshift_r                             0x08000795   Thumb Code     0  llsshr.o(.text)
    _double_round                            0x080007b9   Thumb Code    30  depilogue.o(.text)
    _double_epilogue                         0x080007d7   Thumb Code   156  depilogue.o(.text)
    BSP_Init                                 0x08000875   Thumb Code   516  bsp_init.o(.text.BSP_Init)
    BSP_SD_GetCardInfo                       0x08000a79   Thumb Code    16  bsp_driver_sd.o(.text.BSP_SD_GetCardInfo)
    BSP_SD_GetCardState                      0x08000a85   Thumb Code    20  bsp_driver_sd.o(.text.BSP_SD_GetCardState)
    BSP_SD_Init                              0x08000a95   Thumb Code    48  bsp_driver_sd.o(.text.BSP_SD_Init)
    BSP_SD_IsDetected                        0x08000ac1   Thumb Code    16  bsp_driver_sd.o(.text.BSP_SD_IsDetected)
    BSP_SD_ReadBlocks_DMA                    0x08000ad1   Thumb Code   112  ifile.o(.text.BSP_SD_ReadBlocks_DMA)
    BSP_SD_ReadCpltCallback                  0x08000b39   Thumb Code    12  sd_diskio.o(.text.BSP_SD_ReadCpltCallback)
    BSP_SD_WriteBlocks_DMA                   0x08000b45   Thumb Code   112  ifile.o(.text.BSP_SD_WriteBlocks_DMA)
    BSP_SD_WriteCpltCallback                 0x08000bb5   Thumb Code    12  sd_diskio.o(.text.BSP_SD_WriteCpltCallback)
    BusFault_Handler                         0x08000bc1   Thumb Code     2  stm32h7xx_it.o(.text.BusFault_Handler)
    DMA1_Stream0_IRQHandler                  0x08000bc5   Thumb Code    12  stm32h7xx_it.o(.text.DMA1_Stream0_IRQHandler)
    DMA1_Stream1_IRQHandler                  0x08000bd1   Thumb Code    12  stm32h7xx_it.o(.text.DMA1_Stream1_IRQHandler)
    DebugMon_Handler                         0x08000f69   Thumb Code     2  stm32h7xx_it.o(.text.DebugMon_Handler)
    Error_Handler                            0x08000f6b   Thumb Code     8  main.o(.text.Error_Handler)
    FATFS_LinkDriver                         0x08000f73   Thumb Code     6  ff_gen_drv.o(.text.FATFS_LinkDriver)
    FATFS_LinkDriverEx                       0x08000f79   Thumb Code    80  ff_gen_drv.o(.text.FATFS_LinkDriverEx)
    FMC_SDRAM_Init                           0x08000fc9   Thumb Code    98  stm32h7xx_ll_fmc.o(.text.FMC_SDRAM_Init)
    FMC_SDRAM_ProgramRefreshRate             0x0800102b   Thumb Code    20  stm32h7xx_ll_fmc.o(.text.FMC_SDRAM_ProgramRefreshRate)
    FMC_SDRAM_SendCommand                    0x0800103f   Thumb Code    46  stm32h7xx_ll_fmc.o(.text.FMC_SDRAM_SendCommand)
    FMC_SDRAM_Timing_Init                    0x0800106d   Thumb Code   148  stm32h7xx_ll_fmc.o(.text.FMC_SDRAM_Timing_Init)
    FatFs_DeleteFile                         0x08001101   Thumb Code   196  ifile.o(.text.FatFs_DeleteFile)
    FatFs_GetDiskInfo                        0x080011c5   Thumb Code   332  ifile.o(.text.FatFs_GetDiskInfo)
    FatFs_GetFileInfo                        0x08001311   Thumb Code   236  ifile.o(.text.FatFs_GetFileInfo)
    FatFs_PrintfFileDate                     0x080013fd   Thumb Code    96  ifile.o(.text.FatFs_PrintfFileDate)
    FatFs_ReadTXTFile                        0x0800145d   Thumb Code   184  ifile.o(.text.FatFs_ReadTXTFile)
    FatFs_ScanDir                            0x08001515   Thumb Code   232  ifile.o(.text.FatFs_ScanDir)
    FatFs_WriteTXTFile                       0x080015fd   Thumb Code   204  ifile.o(.text.FatFs_WriteTXTFile)
    HAL_DMA_Abort                            0x080016c9   Thumb Code   816  stm32h7xx_hal_dma.o(.text.HAL_DMA_Abort)
    HAL_DMA_Abort_IT                         0x080019d9   Thumb Code   472  stm32h7xx_hal_dma.o(.text.HAL_DMA_Abort_IT)
    HAL_DMA_IRQHandler                       0x08001bb1   Thumb Code  1404  stm32h7xx_hal_dma.o(.text.HAL_DMA_IRQHandler)
    HAL_DMA_Init                             0x08002121   Thumb Code   896  stm32h7xx_hal_dma.o(.text.HAL_DMA_Init)
    HAL_DMA_Start_IT                         0x08002489   Thumb Code   636  stm32h7xx_hal_dma.o(.text.HAL_DMA_Start_IT)
    HAL_Delay                                0x08002705   Thumb Code    36  stm32h7xx_hal.o(.text.HAL_Delay)
    HAL_GPIO_Init                            0x08002725   Thumb Code   400  stm32h7xx_hal_gpio.o(.text.HAL_GPIO_Init)
    HAL_GPIO_ReadPin                         0x080028b5   Thumb Code    10  stm32h7xx_hal_gpio.o(.text.HAL_GPIO_ReadPin)
    HAL_GPIO_WritePin                        0x080028bf   Thumb Code    10  stm32h7xx_hal_gpio.o(.text.HAL_GPIO_WritePin)
    HAL_GetREVID                             0x080028c9   Thumb Code    12  stm32h7xx_hal.o(.text.HAL_GetREVID)
    HAL_GetTick                              0x080028d5   Thumb Code    12  stm32h7xx_hal.o(.text.HAL_GetTick)
    HAL_IncTick                              0x080028dd   Thumb Code    24  stm32h7xx_hal.o(.text.HAL_IncTick)
    HAL_Init                                 0x080028f1   Thumb Code    92  stm32h7xx_hal.o(.text.HAL_Init)
    HAL_InitTick                             0x08002949   Thumb Code    72  stm32h7xx_hal.o(.text.HAL_InitTick)
    HAL_MDMA_ConfigPostRequestMask           0x0800298d   Thumb Code   102  stm32h7xx_hal_mdma.o(.text.HAL_MDMA_ConfigPostRequestMask)
    HAL_MDMA_IRQHandler                      0x080029f5   Thumb Code   380  stm32h7xx_hal_mdma.o(.text.HAL_MDMA_IRQHandler)
    HAL_MDMA_Init                            0x08002b71   Thumb Code   240  stm32h7xx_hal_mdma.o(.text.HAL_MDMA_Init)
    HAL_MPU_Disable                          0x08002c61   Thumb Code    24  stm32h7xx_hal_cortex.o(.text.HAL_MPU_Disable)
    HAL_MPU_Enable                           0x08002c75   Thumb Code    32  stm32h7xx_hal_cortex.o(.text.HAL_MPU_Enable)
    HAL_MspInit                              0x08002c95   Thumb Code    32  stm32h7xx_hal_msp.o(.text.HAL_MspInit)
    HAL_NVIC_EnableIRQ                       0x08002cb5   Thumb Code    28  stm32h7xx_hal_cortex.o(.text.HAL_NVIC_EnableIRQ)
    HAL_NVIC_SetPriority                     0x08002cd1   Thumb Code    68  stm32h7xx_hal_cortex.o(.text.HAL_NVIC_SetPriority)
    HAL_NVIC_SetPriorityGrouping             0x08002d11   Thumb Code    32  stm32h7xx_hal_cortex.o(.text.HAL_NVIC_SetPriorityGrouping)
    HAL_PWREx_ConfigSupply                   0x08002d31   Thumb Code    72  stm32h7xx_hal_pwr_ex.o(.text.HAL_PWREx_ConfigSupply)
    HAL_RCCEx_GetD3PCLK1Freq                 0x08002d79   Thumb Code    36  stm32h7xx_hal_rcc_ex.o(.text.HAL_RCCEx_GetD3PCLK1Freq)
    HAL_RCCEx_GetPLL1ClockFreq               0x08002d9d   Thumb Code   272  stm32h7xx_hal_rcc_ex.o(.text.HAL_RCCEx_GetPLL1ClockFreq)
    HAL_RCCEx_GetPLL2ClockFreq               0x08002ead   Thumb Code   268  stm32h7xx_hal_rcc_ex.o(.text.HAL_RCCEx_GetPLL2ClockFreq)
    HAL_RCCEx_GetPLL3ClockFreq               0x08002fb9   Thumb Code   268  stm32h7xx_hal_rcc_ex.o(.text.HAL_RCCEx_GetPLL3ClockFreq)
    HAL_RCCEx_GetPeriphCLKFreq               0x080030c5   Thumb Code   656  stm32h7xx_hal_rcc_ex.o(.text.HAL_RCCEx_GetPeriphCLKFreq)
    HAL_RCCEx_PeriphCLKConfig                0x08003355   Thumb Code  2456  stm32h7xx_hal_rcc_ex.o(.text.HAL_RCCEx_PeriphCLKConfig)
    HAL_RCC_ClockConfig                      0x08003ced   Thumb Code   552  stm32h7xx_hal_rcc.o(.text.HAL_RCC_ClockConfig)
    HAL_RCC_GetHCLKFreq                      0x08003f05   Thumb Code    68  stm32h7xx_hal_rcc.o(.text.HAL_RCC_GetHCLKFreq)
    HAL_RCC_GetPCLK1Freq                     0x08003f45   Thumb Code    36  stm32h7xx_hal_rcc.o(.text.HAL_RCC_GetPCLK1Freq)
    HAL_RCC_GetPCLK2Freq                     0x08003f61   Thumb Code    36  stm32h7xx_hal_rcc.o(.text.HAL_RCC_GetPCLK2Freq)
    HAL_RCC_GetSysClockFreq                  0x08003f85   Thumb Code   252  stm32h7xx_hal_rcc.o(.text.HAL_RCC_GetSysClockFreq)
    HAL_RCC_OscConfig                        0x08004081   Thumb Code  1314  stm32h7xx_hal_rcc.o(.text.HAL_RCC_OscConfig)
    HAL_RTC_Init                             0x080045a5   Thumb Code   148  stm32h7xx_hal_rtc.o(.text.HAL_RTC_Init)
    HAL_RTC_MspInit                          0x08004639   Thumb Code    72  rtc.o(.text.HAL_RTC_MspInit)
    HAL_RTC_SetDate                          0x08004681   Thumb Code   172  stm32h7xx_hal_rtc.o(.text.HAL_RTC_SetDate)
    HAL_RTC_SetTime                          0x08004729   Thumb Code   220  stm32h7xx_hal_rtc.o(.text.HAL_RTC_SetTime)
    HAL_RTC_WaitForSynchro                   0x08004805   Thumb Code    48  stm32h7xx_hal_rtc.o(.text.HAL_RTC_WaitForSynchro)
    HAL_SDEx_Read_DMADoubleBuf0CpltCallback  0x08004835   Thumb Code     2  stm32h7xx_hal_sd.o(.text.HAL_SDEx_Read_DMADoubleBuf0CpltCallback)
    HAL_SDEx_Read_DMADoubleBuf1CpltCallback  0x08004837   Thumb Code     2  stm32h7xx_hal_sd.o(.text.HAL_SDEx_Read_DMADoubleBuf1CpltCallback)
    HAL_SDEx_Write_DMADoubleBuf0CpltCallback 0x08004839   Thumb Code     2  stm32h7xx_hal_sd.o(.text.HAL_SDEx_Write_DMADoubleBuf0CpltCallback)
    HAL_SDEx_Write_DMADoubleBuf1CpltCallback 0x0800483b   Thumb Code     2  stm32h7xx_hal_sd.o(.text.HAL_SDEx_Write_DMADoubleBuf1CpltCallback)
    HAL_SDRAM_Init                           0x0800483d   Thumb Code    80  stm32h7xx_hal_sdram.o(.text.HAL_SDRAM_Init)
    HAL_SDRAM_MspInit                        0x0800488d   Thumb Code   236  fmc.o(.text.HAL_SDRAM_MspInit)
    HAL_SDRAM_ProgramRefreshRate             0x08004979   Thumb Code    48  stm32h7xx_hal_sdram.o(.text.HAL_SDRAM_ProgramRefreshRate)
    HAL_SDRAM_SendCommand                    0x080049a9   Thumb Code    60  stm32h7xx_hal_sdram.o(.text.HAL_SDRAM_SendCommand)
    HAL_SD_ConfigWideBusOperation            0x080049e5   Thumb Code   400  stm32h7xx_hal_sd.o(.text.HAL_SD_ConfigWideBusOperation)
    HAL_SD_ErrorCallback                     0x08004b71   Thumb Code     2  stm32h7xx_hal_sd.o(.text.HAL_SD_ErrorCallback)
    HAL_SD_GetCardCSD                        0x08004b75   Thumb Code   396  stm32h7xx_hal_sd.o(.text.HAL_SD_GetCardCSD)
    HAL_SD_GetCardInfo                       0x08004d01   Thumb Code    34  stm32h7xx_hal_sd.o(.text.HAL_SD_GetCardInfo)
    HAL_SD_GetCardState                      0x08004d23   Thumb Code    40  stm32h7xx_hal_sd.o(.text.HAL_SD_GetCardState)
    HAL_SD_GetCardStatus                     0x08004d4d   Thumb Code   396  stm32h7xx_hal_sd.o(.text.HAL_SD_GetCardStatus)
    HAL_SD_IRQHandler                        0x08004ed5   Thumb Code   604  stm32h7xx_hal_sd.o(.text.HAL_SD_IRQHandler)
    HAL_SD_Init                              0x08005131   Thumb Code   154  stm32h7xx_hal_sd.o(.text.HAL_SD_Init)
    HAL_SD_InitCard                          0x080051cd   Thumb Code   644  stm32h7xx_hal_sd.o(.text.HAL_SD_InitCard)
    HAL_SD_MspInit                           0x0800544d   Thumb Code   208  sdmmc.o(.text.HAL_SD_MspInit)
    HAL_SD_ReadBlocks_DMA                    0x0800551d   Thumb Code   208  stm32h7xx_hal_sd.o(.text.HAL_SD_ReadBlocks_DMA)
    HAL_SD_RxCpltCallback                    0x080055e9   Thumb Code     4  bsp_driver_sd.o(.text.HAL_SD_RxCpltCallback)
    HAL_SD_TxCpltCallback                    0x080055ed   Thumb Code     4  bsp_driver_sd.o(.text.HAL_SD_TxCpltCallback)
    HAL_SD_WriteBlocks_DMA                   0x080055f1   Thumb Code   208  stm32h7xx_hal_sd.o(.text.HAL_SD_WriteBlocks_DMA)
    HAL_SYSTICK_Config                       0x080056c1   Thumb Code    40  stm32h7xx_hal_cortex.o(.text.HAL_SYSTICK_Config)
    HAL_UARTEx_DisableFifoMode               0x080056e9   Thumb Code    54  stm32h7xx_hal_uart_ex.o(.text.HAL_UARTEx_DisableFifoMode)
    HAL_UARTEx_ReceiveToIdle_DMA             0x0800571f   Thumb Code    90  stm32h7xx_hal_uart_ex.o(.text.HAL_UARTEx_ReceiveToIdle_DMA)
    HAL_UARTEx_RxEventCallback               0x08005779   Thumb Code    44  iusart.o(.text.HAL_UARTEx_RxEventCallback)
    HAL_UARTEx_RxFifoFullCallback            0x080057a5   Thumb Code     2  stm32h7xx_hal_uart_ex.o(.text.HAL_UARTEx_RxFifoFullCallback)
    HAL_UARTEx_SetRxFifoThreshold            0x080057a7   Thumb Code    74  stm32h7xx_hal_uart_ex.o(.text.HAL_UARTEx_SetRxFifoThreshold)
    HAL_UARTEx_SetTxFifoThreshold            0x080057f1   Thumb Code    74  stm32h7xx_hal_uart_ex.o(.text.HAL_UARTEx_SetTxFifoThreshold)
    HAL_UARTEx_TxFifoEmptyCallback           0x0800583b   Thumb Code     2  stm32h7xx_hal_uart_ex.o(.text.HAL_UARTEx_TxFifoEmptyCallback)
    HAL_UARTEx_WakeupCallback                0x0800583d   Thumb Code     2  stm32h7xx_hal_uart_ex.o(.text.HAL_UARTEx_WakeupCallback)
    HAL_UART_ErrorCallback                   0x0800583f   Thumb Code     2  stm32h7xx_hal_uart.o(.text.HAL_UART_ErrorCallback)
    HAL_UART_IRQHandler                      0x08005841   Thumb Code   796  stm32h7xx_hal_uart.o(.text.HAL_UART_IRQHandler)
    HAL_UART_Init                            0x08005b5d   Thumb Code   102  stm32h7xx_hal_uart.o(.text.HAL_UART_Init)
    HAL_UART_MspInit                         0x08005bc5   Thumb Code   264  usart.o(.text.HAL_UART_MspInit)
    HAL_UART_RxCpltCallback                  0x08005ccd   Thumb Code     2  stm32h7xx_hal_uart.o(.text.HAL_UART_RxCpltCallback)
    HAL_UART_RxHalfCpltCallback              0x08005ccf   Thumb Code     2  stm32h7xx_hal_uart.o(.text.HAL_UART_RxHalfCpltCallback)
    HAL_UART_Transmit                        0x08005cd1   Thumb Code   188  stm32h7xx_hal_uart.o(.text.HAL_UART_Transmit)
    HAL_UART_Transmit_DMA                    0x08005d8d   Thumb Code   136  stm32h7xx_hal_uart.o(.text.HAL_UART_Transmit_DMA)
    HAL_UART_TxCpltCallback                  0x08005e15   Thumb Code     2  stm32h7xx_hal_uart.o(.text.HAL_UART_TxCpltCallback)
    HAL_UART_TxHalfCpltCallback              0x08005e17   Thumb Code     2  stm32h7xx_hal_uart.o(.text.HAL_UART_TxHalfCpltCallback)
    HardFault_Handler                        0x08005e19   Thumb Code     2  stm32h7xx_it.o(.text.HardFault_Handler)
    LED                                      0x08005e1d   Thumb Code    24  iled.o(.text.LED)
    LED_Toggle                               0x08005e31   Thumb Code    36  iled.o(.text.LED_Toggle)
    MCU_send                                 0x08005e51   Thumb Code    20  iusart.o(.text.MCU_send)
    MCU_serial_init                          0x08005e61   Thumb Code    20  iusart.o(.text.MCU_serial_init)
    MDMA_IRQHandler                          0x08005e71   Thumb Code    12  stm32h7xx_it.o(.text.MDMA_IRQHandler)
    MX_DMA_Init                              0x08005e79   Thumb Code    64  dma.o(.text.MX_DMA_Init)
    MX_FATFS_Init                            0x08005eb9   Thumb Code    24  fatfs.o(.text.MX_FATFS_Init)
    MX_FMC_Init                              0x08005ed1   Thumb Code   104  fmc.o(.text.MX_FMC_Init)
    MX_GPIO_Init                             0x08005f39   Thumb Code   184  gpio.o(.text.MX_GPIO_Init)
    MX_MDMA_Init                             0x08005ff1   Thumb Code   128  mdma.o(.text.MX_MDMA_Init)
    MX_RTC_Init                              0x08006071   Thumb Code   116  rtc.o(.text.MX_RTC_Init)
    MX_SDMMC1_SD_Init                        0x080060e5   Thumb Code    36  sdmmc.o(.text.MX_SDMMC1_SD_Init)
    MX_USART1_UART_Init                      0x08006109   Thumb Code   104  usart.o(.text.MX_USART1_UART_Init)
    MemManage_Handler                        0x08006171   Thumb Code     2  stm32h7xx_it.o(.text.MemManage_Handler)
    Mount_FatFs                              0x08006175   Thumb Code   260  ifile.o(.text.Mount_FatFs)
    NMI_Handler                              0x08006279   Thumb Code     2  stm32h7xx_it.o(.text.NMI_Handler)
    PendSV_Handler                           0x0800627b   Thumb Code     2  stm32h7xx_it.o(.text.PendSV_Handler)
    RTC_ByteToBcd2                           0x08006481   Thumb Code    44  stm32h7xx_hal_rtc.o(.text.RTC_ByteToBcd2)
    RTC_EnterInitMode                        0x080064ad   Thumb Code    68  stm32h7xx_hal_rtc.o(.text.RTC_EnterInitMode)
    RTC_ExitInitMode                         0x080064f1   Thumb Code    80  stm32h7xx_hal_rtc.o(.text.RTC_ExitInitMode)
    SDMMC1_IRQHandler                        0x08006541   Thumb Code    12  stm32h7xx_it.o(.text.SDMMC1_IRQHandler)
    SDMMC_CmdAppCommand                      0x0800654d   Thumb Code    50  stm32h7xx_ll_sdmmc.o(.text.SDMMC_CmdAppCommand)
    SDMMC_CmdAppOperCommand                  0x0800657f   Thumb Code    44  stm32h7xx_ll_sdmmc.o(.text.SDMMC_CmdAppOperCommand)
    SDMMC_CmdBlockLength                     0x080065ab   Thumb Code    50  stm32h7xx_ll_sdmmc.o(.text.SDMMC_CmdBlockLength)
    SDMMC_CmdBusWidth                        0x080065dd   Thumb Code    50  stm32h7xx_ll_sdmmc.o(.text.SDMMC_CmdBusWidth)
    SDMMC_CmdGoIdleState                     0x08006611   Thumb Code    84  stm32h7xx_ll_sdmmc.o(.text.SDMMC_CmdGoIdleState)
    SDMMC_CmdOperCond                        0x08006665   Thumb Code    48  stm32h7xx_ll_sdmmc.o(.text.SDMMC_CmdOperCond)
    SDMMC_CmdReadMultiBlock                  0x08006695   Thumb Code    50  stm32h7xx_ll_sdmmc.o(.text.SDMMC_CmdReadMultiBlock)
    SDMMC_CmdReadSingleBlock                 0x080066c7   Thumb Code    50  stm32h7xx_ll_sdmmc.o(.text.SDMMC_CmdReadSingleBlock)
    SDMMC_CmdSelDesel                        0x080066f9   Thumb Code    50  stm32h7xx_ll_sdmmc.o(.text.SDMMC_CmdSelDesel)
    SDMMC_CmdSendCID                         0x0800672b   Thumb Code    44  stm32h7xx_ll_sdmmc.o(.text.SDMMC_CmdSendCID)
    SDMMC_CmdSendCSD                         0x08006757   Thumb Code    44  stm32h7xx_ll_sdmmc.o(.text.SDMMC_CmdSendCSD)
    SDMMC_CmdSendSCR                         0x08006783   Thumb Code    50  stm32h7xx_ll_sdmmc.o(.text.SDMMC_CmdSendSCR)
    SDMMC_CmdSendStatus                      0x080067b5   Thumb Code    50  stm32h7xx_ll_sdmmc.o(.text.SDMMC_CmdSendStatus)
    SDMMC_CmdSetRelAdd                       0x080067e7   Thumb Code    50  stm32h7xx_ll_sdmmc.o(.text.SDMMC_CmdSetRelAdd)
    SDMMC_CmdStatusRegister                  0x08006819   Thumb Code    50  stm32h7xx_ll_sdmmc.o(.text.SDMMC_CmdStatusRegister)
    SDMMC_CmdStopTransfer                    0x0800684d   Thumb Code    88  stm32h7xx_ll_sdmmc.o(.text.SDMMC_CmdStopTransfer)
    SDMMC_CmdWriteMultiBlock                 0x080068a5   Thumb Code    50  stm32h7xx_ll_sdmmc.o(.text.SDMMC_CmdWriteMultiBlock)
    SDMMC_CmdWriteSingleBlock                0x080068d7   Thumb Code    50  stm32h7xx_ll_sdmmc.o(.text.SDMMC_CmdWriteSingleBlock)
    SDMMC_ConfigData                         0x08006909   Thumb Code    42  stm32h7xx_ll_sdmmc.o(.text.SDMMC_ConfigData)
    SDMMC_GetCmdResp1                        0x08006935   Thumb Code   292  stm32h7xx_ll_sdmmc.o(.text.SDMMC_GetCmdResp1)
    SDMMC_GetCmdResp2                        0x08006a55   Thumb Code    84  stm32h7xx_ll_sdmmc.o(.text.SDMMC_GetCmdResp2)
    SDMMC_GetCmdResp3                        0x08006aa1   Thumb Code    72  stm32h7xx_ll_sdmmc.o(.text.SDMMC_GetCmdResp3)
    SDMMC_GetCmdResp6                        0x08006ae5   Thumb Code   144  stm32h7xx_ll_sdmmc.o(.text.SDMMC_GetCmdResp6)
    SDMMC_GetCmdResp7                        0x08006b71   Thumb Code    88  stm32h7xx_ll_sdmmc.o(.text.SDMMC_GetCmdResp7)
    SDMMC_GetPowerState                      0x08006bc9   Thumb Code     8  stm32h7xx_ll_sdmmc.o(.text.SDMMC_GetPowerState)
    SDMMC_GetResponse                        0x08006bd1   Thumb Code     6  stm32h7xx_ll_sdmmc.o(.text.SDMMC_GetResponse)
    SDMMC_Init                               0x08006bd9   Thumb Code    40  stm32h7xx_ll_sdmmc.o(.text.SDMMC_Init)
    SDMMC_PowerState_ON                      0x08006c01   Thumb Code    14  stm32h7xx_ll_sdmmc.o(.text.SDMMC_PowerState_ON)
    SDMMC_ReadFIFO                           0x08006c0f   Thumb Code     6  stm32h7xx_ll_sdmmc.o(.text.SDMMC_ReadFIFO)
    SDMMC_SendCommand                        0x08006c15   Thumb Code    44  stm32h7xx_ll_sdmmc.o(.text.SDMMC_SendCommand)
    SDMMC_WriteFIFO                          0x08006c41   Thumb Code    12  stm32h7xx_ll_sdmmc.o(.text.SDMMC_WriteFIFO)
    SDRAM_InitSequence                       0x08006c4d   Thumb Code   136  isdram.o(.text.SDRAM_InitSequence)
    SDRAM_Test                               0x08006cd5   Thumb Code   332  isdram.o(.text.SDRAM_Test)
    SD_initialize                            0x08006f39   Thumb Code    28  sd_diskio.o(.text.SD_initialize)
    SD_ioctl                                 0x08006f51   Thumb Code    80  sd_diskio.o(.text.SD_ioctl)
    SD_read                                  0x08006fa1   Thumb Code   304  sd_diskio.o(.text.SD_read)
    SD_status                                0x080070c9   Thumb Code     4  sd_diskio.o(.text.SD_status)
    SD_write                                 0x080070cd   Thumb Code   288  sd_diskio.o(.text.SD_write)
    SVC_Handler                              0x080071ed   Thumb Code     2  stm32h7xx_it.o(.text.SVC_Handler)
    SysTick_Handler                          0x080071ef   Thumb Code     4  stm32h7xx_it.o(.text.SysTick_Handler)
    SystemClock_Config                       0x080071f5   Thumb Code   260  main.o(.text.SystemClock_Config)
    SystemInit                               0x080072f9   Thumb Code   180  system_stm32h7xx.o(.text.SystemInit)
    UART_AdvFeatureConfig                    0x08007401   Thumb Code   198  stm32h7xx_hal_uart.o(.text.UART_AdvFeatureConfig)
    UART_CheckIdleState                      0x080074c9   Thumb Code   180  stm32h7xx_hal_uart.o(.text.UART_CheckIdleState)
    UART_SetConfig                           0x08007755   Thumb Code   924  stm32h7xx_hal_uart.o(.text.UART_SetConfig)
    UART_Start_Receive_DMA                   0x08007af1   Thumb Code   156  stm32h7xx_hal_uart.o(.text.UART_Start_Receive_DMA)
    UART_WaitOnFlagUntilTimeout              0x08007b8d   Thumb Code   154  stm32h7xx_hal_uart.o(.text.UART_WaitOnFlagUntilTimeout)
    USART1_IRQHandler                        0x08007c29   Thumb Code    12  stm32h7xx_it.o(.text.USART1_IRQHandler)
    UsageFault_Handler                       0x08007c35   Thumb Code     2  stm32h7xx_it.o(.text.UsageFault_Handler)
    disk_initialize                          0x08008615   Thumb Code    44  diskio.o(.text.disk_initialize)
    disk_ioctl                               0x0800863d   Thumb Code    24  diskio.o(.text.disk_ioctl)
    disk_read                                0x08008651   Thumb Code    32  diskio.o(.text.disk_read)
    disk_status                              0x0800866d   Thumb Code    20  diskio.o(.text.disk_status)
    disk_write                               0x0800867d   Thumb Code    32  diskio.o(.text.disk_write)
    f_close                                  0x0800869d   Thumb Code    36  ff.o(.text.f_close)
    f_closedir                               0x080086c1   Thumb Code    30  ff.o(.text.f_closedir)
    f_getfree                                0x080086df   Thumb Code   248  ff.o(.text.f_getfree)
    f_gets                                   0x080087d7   Thumb Code    90  ff.o(.text.f_gets)
    f_mkfs                                   0x08008831   Thumb Code  1540  ff.o(.text.f_mkfs)
    f_mount                                  0x08008e31   Thumb Code    84  ff.o(.text.f_mount)
    f_open                                   0x08008e85   Thumb Code   568  ff.o(.text.f_open)
    f_opendir                                0x080090bd   Thumb Code   144  ff.o(.text.f_opendir)
    f_puts                                   0x0800914d   Thumb Code    42  ff.o(.text.f_puts)
    f_read                                   0x08009177   Thumb Code   378  ff.o(.text.f_read)
    f_readdir                                0x080092f1   Thumb Code    86  ff.o(.text.f_readdir)
    f_stat                                   0x08009347   Thumb Code    68  ff.o(.text.f_stat)
    f_sync                                   0x0800938b   Thumb Code   144  ff.o(.text.f_sync)
    f_unlink                                 0x0800941b   Thumb Code   160  ff.o(.text.f_unlink)
    f_write                                  0x080094bb   Thumb Code   414  ff.o(.text.f_write)
    ff_convert                               0x08009659   Thumb Code    64  ccsbcs.o(.text.ff_convert)
    ff_wtoupper                              0x08009699   Thumb Code   136  ccsbcs.o(.text.ff_wtoupper)
    fputc                                    0x08009c09   Thumb Code    36  bsp_init.o(.text.fputc)
    get_fattime                              0x08009ce5   Thumb Code     4  fatfs.o(.text.get_fattime)
    main                                     0x08009ee1   Thumb Code   228  main.o(.text.main)
    memory_alloc                             0x08009fd9   Thumb Code   104  imemory.o(.text.memory_alloc)
    memory_free                              0x0800a03d   Thumb Code   100  imemory.o(.text.memory_free)
    memory_init                              0x0800a09d   Thumb Code    20  imemory.o(.text.memory_init)
    memory_management_test                   0x0800a0b1   Thumb Code    84  imemory.o(.text.memory_management_test)
    __0printf                                0x0800a455   Thumb Code    22  printfa.o(i.__0printf)
    __1printf                                0x0800a455   Thumb Code     0  printfa.o(i.__0printf)
    __2printf                                0x0800a455   Thumb Code     0  printfa.o(i.__0printf)
    __c89printf                              0x0800a455   Thumb Code     0  printfa.o(i.__0printf)
    printf                                   0x0800a455   Thumb Code     0  printfa.o(i.__0printf)
    __scatterload_copy                       0x0800a475   Thumb Code    14  handlers.o(i.__scatterload_copy)
    __scatterload_null                       0x0800a483   Thumb Code     2  handlers.o(i.__scatterload_null)
    __scatterload_zeroinit                   0x0800a485   Thumb Code    14  handlers.o(i.__scatterload_zeroinit)
    puts                                     0x0800ad49   Thumb Code    30  puts.o(i.puts)
    D1CorePrescTable                         0x0800ad6c   Data          16  system_stm32h7xx.o(.rodata.D1CorePrescTable)
    SD_Driver                                0x0800ae0c   Data          20  sd_diskio.o(.rodata.SD_Driver)
    UARTPrescTable                           0x0800af20   Data          24  stm32h7xx_hal_uart.o(.rodata.UARTPrescTable)
    Region$$Table$$Base                      0x0800b848   Number         0  anon$$obj.o(Region$$Table)
    Region$$Table$$Limit                     0x0800b868   Number         0  anon$$obj.o(Region$$Table)
    __stdout                                 0x24000000   Data           4  stdout.o(.data)
    uwTickFreq                               0x24000004   Data           1  stm32h7xx_hal.o(.data..L_MergedGlobals)
    uwTickPrio                               0x24000008   Data           4  stm32h7xx_hal.o(.data..L_MergedGlobals)
    SystemCoreClock                          0x2400000c   Data           4  system_stm32h7xx.o(.data..L_MergedGlobals)
    SystemD2Clock                            0x24000010   Data           4  system_stm32h7xx.o(.data..L_MergedGlobals)
    Init_Gap                                 0x24000014   Data           4  bsp_init.o(.data.Init_Gap)
    retSD                                    0x24000028   Data           1  fatfs.o(.bss..L_MergedGlobals)
    SDPath                                   0x24000029   Data           4  fatfs.o(.bss..L_MergedGlobals)
    RX_IDLE_BUF                              0x24000064   Data         512  iusart.o(.bss.RX_IDLE_BUF)
    SDFatFS                                  0x24000268   Data         564  fatfs.o(.bss.SDFatFS)
    disk                                     0x240004a0   Data          12  ff_gen_drv.o(.bss.disk)
    hdma_usart1_rx                           0x240004ac   Data         120  usart.o(.bss.hdma_usart1_rx)
    hdma_usart1_tx                           0x24000524   Data         120  usart.o(.bss.hdma_usart1_tx)
    hmdma_mdma_channel0_sdmmc1_end_data_0    0x2400059c   Data         108  mdma.o(.bss.hmdma_mdma_channel0_sdmmc1_end_data_0)
    hrtc                                     0x24000608   Data          36  rtc.o(.bss.hrtc)
    hsd1                                     0x2400062c   Data         124  sdmmc.o(.bss.hsd1)
    hsdram1                                  0x240006a8   Data          52  fmc.o(.bss.hsdram1)
    huart1                                   0x240006dc   Data         148  usart.o(.bss.huart1)
    uwTick                                   0x24000980   Data           4  stm32h7xx_hal.o(.bss.uwTick)
    workBuffer                               0x24000984   Data        2048  ifile.o(.bss.workBuffer)
    __initial_sp                             0x24003188   Data           0  startup_stm32h743xx.o(STACK)



==============================================================================

Memory Map of the image

  Image Entry point : 0x08000299

  Load Region LR_IROM1 (Base: 0x08000000, Size: 0x0000b8a0, Max: 0x00200000, ABSOLUTE)

    Execution Region ER_IROM1 (Exec base: 0x08000000, Load base: 0x08000000, Size: 0x0000b868, Max: 0x00200000, ABSOLUTE)

    Exec Addr    Load Addr    Size         Type   Attr      Idx    E Section Name        Object

    0x08000000   0x08000000   0x00000298   Data   RO         2280    RESET               startup_stm32h743xx.o
    0x08000298   0x08000298   0x00000000   Code   RO         2447  * .ARM.Collect$$$$00000000  mc_w.l(entry.o)
    0x08000298   0x08000298   0x00000004   Code   RO         2731    .ARM.Collect$$$$00000001  mc_w.l(entry2.o)
    0x0800029c   0x0800029c   0x00000004   Code   RO         2734    .ARM.Collect$$$$00000004  mc_w.l(entry5.o)
    0x080002a0   0x080002a0   0x00000000   Code   RO         2736    .ARM.Collect$$$$00000008  mc_w.l(entry7b.o)
    0x080002a0   0x080002a0   0x00000000   Code   RO         2738    .ARM.Collect$$$$0000000A  mc_w.l(entry8b.o)
    0x080002a0   0x080002a0   0x00000008   Code   RO         2739    .ARM.Collect$$$$0000000B  mc_w.l(entry9a.o)
    0x080002a8   0x080002a8   0x00000000   Code   RO         2741    .ARM.Collect$$$$0000000D  mc_w.l(entry10a.o)
    0x080002a8   0x080002a8   0x00000000   Code   RO         2743    .ARM.Collect$$$$0000000F  mc_w.l(entry11a.o)
    0x080002a8   0x080002a8   0x00000004   Code   RO         2732    .ARM.Collect$$$$00002712  mc_w.l(entry2.o)
    0x080002ac   0x080002ac   0x00000024   Code   RO         2281    .text               startup_stm32h743xx.o
    0x080002d0   0x080002d0   0x00000062   Code   RO         2454    .text               mc_w.l(uldiv.o)
    0x08000332   0x08000332   0x00000040   Code   RO         2460    .text               mc_w.l(memmovea.o)
    0x08000372   0x08000372   0x00000024   Code   RO         2462    .text               mc_w.l(memseta.o)
    0x08000396   0x08000396   0x0000002c   Code   RO         2746    .text               mc_w.l(uidiv.o)
    0x080003c2   0x080003c2   0x0000001e   Code   RO         2748    .text               mc_w.l(llshl.o)
    0x080003e0   0x080003e0   0x00000020   Code   RO         2750    .text               mc_w.l(llushr.o)
    0x08000400   0x08000400   0x00000000   Code   RO         2752    .text               mc_w.l(iusefp.o)
    0x08000400   0x08000400   0x0000014e   Code   RO         2753    .text               mf_w.l(dadd.o)
    0x0800054e   0x0800054e   0x000000e4   Code   RO         2755    .text               mf_w.l(dmul.o)
    0x08000632   0x08000632   0x000000de   Code   RO         2757    .text               mf_w.l(ddiv.o)
    0x08000710   0x08000710   0x00000030   Code   RO         2759    .text               mf_w.l(dfixul.o)
    0x08000740   0x08000740   0x00000030   Code   RO         2761    .text               mf_w.l(cdrcmple.o)
    0x08000770   0x08000770   0x00000024   Code   RO         2763    .text               mc_w.l(init.o)
    0x08000794   0x08000794   0x00000024   Code   RO         2765    .text               mc_w.l(llsshr.o)
    0x080007b8   0x080007b8   0x000000ba   Code   RO         2767    .text               mf_w.l(depilogue.o)
    0x08000872   0x08000872   0x00000002   PAD
    0x08000874   0x08000874   0x00000204   Code   RO            2    .text.BSP_Init      bsp_init.o
    0x08000a78   0x08000a78   0x0000000c   Code   RO         2209    .text.BSP_SD_GetCardInfo  bsp_driver_sd.o
    0x08000a84   0x08000a84   0x00000010   Code   RO         2207    .text.BSP_SD_GetCardState  bsp_driver_sd.o
    0x08000a94   0x08000a94   0x0000002c   Code   RO         2191    .text.BSP_SD_Init   bsp_driver_sd.o
    0x08000ac0   0x08000ac0   0x00000010   Code   RO         2193    .text.BSP_SD_IsDetected  bsp_driver_sd.o
    0x08000ad0   0x08000ad0   0x00000068   Code   RO          120    .text.BSP_SD_ReadBlocks_DMA  ifile.o
    0x08000b38   0x08000b38   0x0000000c   Code   RO         2248    .text.BSP_SD_ReadCpltCallback  sd_diskio.o
    0x08000b44   0x08000b44   0x00000070   Code   RO          122    .text.BSP_SD_WriteBlocks_DMA  ifile.o
    0x08000bb4   0x08000bb4   0x0000000c   Code   RO         2246    .text.BSP_SD_WriteCpltCallback  sd_diskio.o
    0x08000bc0   0x08000bc0   0x00000002   Code   RO         2409    .text.BusFault_Handler  stm32h7xx_it.o
    0x08000bc2   0x08000bc2   0x00000002   PAD
    0x08000bc4   0x08000bc4   0x0000000c   Code   RO         2421    .text.DMA1_Stream0_IRQHandler  stm32h7xx_it.o
    0x08000bd0   0x08000bd0   0x0000000c   Code   RO         2423    .text.DMA1_Stream1_IRQHandler  stm32h7xx_it.o
    0x08000bdc   0x08000bdc   0x000000a4   Code   RO          419    .text.DMA_CalcBaseAndBitshift  stm32h7xx_hal_dma.o
    0x08000c80   0x08000c80   0x00000090   Code   RO          421    .text.DMA_CalcDMAMUXChannelBaseAndMask  stm32h7xx_hal_dma.o
    0x08000d10   0x08000d10   0x00000064   Code   RO          423    .text.DMA_CalcDMAMUXRequestGenBaseAndMask  stm32h7xx_hal_dma.o
    0x08000d74   0x08000d74   0x000001f4   Code   RO          429    .text.DMA_SetConfig  stm32h7xx_hal_dma.o
    0x08000f68   0x08000f68   0x00000002   Code   RO         2415    .text.DebugMon_Handler  stm32h7xx_it.o
    0x08000f6a   0x08000f6a   0x00000008   Code   RO         2292    .text.Error_Handler  main.o
    0x08000f72   0x08000f72   0x00000006   Code   RO         1806    .text.FATFS_LinkDriver  ff_gen_drv.o
    0x08000f78   0x08000f78   0x00000050   Code   RO         1804    .text.FATFS_LinkDriverEx  ff_gen_drv.o
    0x08000fc8   0x08000fc8   0x00000062   Code   RO         1015    .text.FMC_SDRAM_Init  stm32h7xx_ll_fmc.o
    0x0800102a   0x0800102a   0x00000014   Code   RO         1027    .text.FMC_SDRAM_ProgramRefreshRate  stm32h7xx_ll_fmc.o
    0x0800103e   0x0800103e   0x0000002e   Code   RO         1025    .text.FMC_SDRAM_SendCommand  stm32h7xx_ll_fmc.o
    0x0800106c   0x0800106c   0x00000094   Code   RO         1017    .text.FMC_SDRAM_Timing_Init  stm32h7xx_ll_fmc.o
    0x08001100   0x08001100   0x000000c4   Code   RO          118    .text.FatFs_DeleteFile  ifile.o
    0x080011c4   0x080011c4   0x0000014c   Code   RO          106    .text.FatFs_GetDiskInfo  ifile.o
    0x08001310   0x08001310   0x000000ec   Code   RO          114    .text.FatFs_GetFileInfo  ifile.o
    0x080013fc   0x080013fc   0x00000060   Code   RO          116    .text.FatFs_PrintfFileDate  ifile.o
    0x0800145c   0x0800145c   0x000000b8   Code   RO          110    .text.FatFs_ReadTXTFile  ifile.o
    0x08001514   0x08001514   0x000000e8   Code   RO          112    .text.FatFs_ScanDir  ifile.o
    0x080015fc   0x080015fc   0x000000cc   Code   RO          108    .text.FatFs_WriteTXTFile  ifile.o
    0x080016c8   0x080016c8   0x00000310   Code   RO          433    .text.HAL_DMA_Abort  stm32h7xx_hal_dma.o
    0x080019d8   0x080019d8   0x000001d8   Code   RO          435    .text.HAL_DMA_Abort_IT  stm32h7xx_hal_dma.o
    0x08001bb0   0x08001bb0   0x00000570   Code   RO          439    .text.HAL_DMA_IRQHandler  stm32h7xx_hal_dma.o
    0x08002120   0x08002120   0x00000368   Code   RO          417    .text.HAL_DMA_Init  stm32h7xx_hal_dma.o
    0x08002488   0x08002488   0x0000027c   Code   RO          431    .text.HAL_DMA_Start_IT  stm32h7xx_hal_dma.o
    0x08002704   0x08002704   0x00000020   Code   RO          687    .text.HAL_Delay     stm32h7xx_hal.o
    0x08002724   0x08002724   0x00000190   Code   RO          361    .text.HAL_GPIO_Init  stm32h7xx_hal_gpio.o
    0x080028b4   0x080028b4   0x0000000a   Code   RO          365    .text.HAL_GPIO_ReadPin  stm32h7xx_hal_gpio.o
    0x080028be   0x080028be   0x0000000a   Code   RO          367    .text.HAL_GPIO_WritePin  stm32h7xx_hal_gpio.o
    0x080028c8   0x080028c8   0x0000000c   Code   RO          695    .text.HAL_GetREVID  stm32h7xx_hal.o
    0x080028d4   0x080028d4   0x00000008   Code   RO          679    .text.HAL_GetTick   stm32h7xx_hal.o
    0x080028dc   0x080028dc   0x00000014   Code   RO          677    .text.HAL_IncTick   stm32h7xx_hal.o
    0x080028f0   0x080028f0   0x00000058   Code   RO          667    .text.HAL_Init      stm32h7xx_hal.o
    0x08002948   0x08002948   0x00000044   Code   RO          669    .text.HAL_InitTick  stm32h7xx_hal.o
    0x0800298c   0x0800298c   0x00000066   Code   RO          490    .text.HAL_MDMA_ConfigPostRequestMask  stm32h7xx_hal_mdma.o
    0x080029f2   0x080029f2   0x00000002   PAD
    0x080029f4   0x080029f4   0x0000017c   Code   RO          520    .text.HAL_MDMA_IRQHandler  stm32h7xx_hal_mdma.o
    0x08002b70   0x08002b70   0x000000f0   Code   RO          486    .text.HAL_MDMA_Init  stm32h7xx_hal_mdma.o
    0x08002c60   0x08002c60   0x00000014   Code   RO          151    .text.HAL_MPU_Disable  stm32h7xx_hal_cortex.o
    0x08002c74   0x08002c74   0x00000020   Code   RO          153    .text.HAL_MPU_Enable  stm32h7xx_hal_cortex.o
    0x08002c94   0x08002c94   0x00000020   Code   RO         2439    .text.HAL_MspInit   stm32h7xx_hal_msp.o
    0x08002cb4   0x08002cb4   0x0000001c   Code   RO          141    .text.HAL_NVIC_EnableIRQ  stm32h7xx_hal_cortex.o
    0x08002cd0   0x08002cd0   0x00000040   Code   RO          137    .text.HAL_NVIC_SetPriority  stm32h7xx_hal_cortex.o
    0x08002d10   0x08002d10   0x00000020   Code   RO          135    .text.HAL_NVIC_SetPriorityGrouping  stm32h7xx_hal_cortex.o
    0x08002d30   0x08002d30   0x00000048   Code   RO          578    .text.HAL_PWREx_ConfigSupply  stm32h7xx_hal_pwr_ex.o
    0x08002d78   0x08002d78   0x00000024   Code   RO          243    .text.HAL_RCCEx_GetD3PCLK1Freq  stm32h7xx_hal_rcc_ex.o
    0x08002d9c   0x08002d9c   0x00000110   Code   RO          237    .text.HAL_RCCEx_GetPLL1ClockFreq  stm32h7xx_hal_rcc_ex.o
    0x08002eac   0x08002eac   0x0000010c   Code   RO          239    .text.HAL_RCCEx_GetPLL2ClockFreq  stm32h7xx_hal_rcc_ex.o
    0x08002fb8   0x08002fb8   0x0000010c   Code   RO          241    .text.HAL_RCCEx_GetPLL3ClockFreq  stm32h7xx_hal_rcc_ex.o
    0x080030c4   0x080030c4   0x00000290   Code   RO          235    .text.HAL_RCCEx_GetPeriphCLKFreq  stm32h7xx_hal_rcc_ex.o
    0x08003354   0x08003354   0x00000998   Code   RO          227    .text.HAL_RCCEx_PeriphCLKConfig  stm32h7xx_hal_rcc_ex.o
    0x08003cec   0x08003cec   0x00000218   Code   RO          194    .text.HAL_RCC_ClockConfig  stm32h7xx_hal_rcc.o
    0x08003f04   0x08003f04   0x00000040   Code   RO          204    .text.HAL_RCC_GetHCLKFreq  stm32h7xx_hal_rcc.o
    0x08003f44   0x08003f44   0x0000001c   Code   RO          206    .text.HAL_RCC_GetPCLK1Freq  stm32h7xx_hal_rcc.o
    0x08003f60   0x08003f60   0x00000024   Code   RO          208    .text.HAL_RCC_GetPCLK2Freq  stm32h7xx_hal_rcc.o
    0x08003f84   0x08003f84   0x000000fc   Code   RO          196    .text.HAL_RCC_GetSysClockFreq  stm32h7xx_hal_rcc.o
    0x08004080   0x08004080   0x00000522   Code   RO          192    .text.HAL_RCC_OscConfig  stm32h7xx_hal_rcc.o
    0x080045a2   0x080045a2   0x00000002   PAD
    0x080045a4   0x080045a4   0x00000094   Code   RO         1103    .text.HAL_RTC_Init  stm32h7xx_hal_rtc.o
    0x08004638   0x08004638   0x00000048   Code   RO         2355    .text.HAL_RTC_MspInit  rtc.o
    0x08004680   0x08004680   0x000000a8   Code   RO         1123    .text.HAL_RTC_SetDate  stm32h7xx_hal_rtc.o
    0x08004728   0x08004728   0x000000dc   Code   RO         1115    .text.HAL_RTC_SetTime  stm32h7xx_hal_rtc.o
    0x08004804   0x08004804   0x00000030   Code   RO         1141    .text.HAL_RTC_WaitForSynchro  stm32h7xx_hal_rtc.o
    0x08004834   0x08004834   0x00000002   Code   RO         1401    .text.HAL_SDEx_Read_DMADoubleBuf0CpltCallback  stm32h7xx_hal_sd.o
    0x08004836   0x08004836   0x00000002   Code   RO         1397    .text.HAL_SDEx_Read_DMADoubleBuf1CpltCallback  stm32h7xx_hal_sd.o
    0x08004838   0x08004838   0x00000002   Code   RO         1399    .text.HAL_SDEx_Write_DMADoubleBuf0CpltCallback  stm32h7xx_hal_sd.o
    0x0800483a   0x0800483a   0x00000002   Code   RO         1395    .text.HAL_SDEx_Write_DMADoubleBuf1CpltCallback  stm32h7xx_hal_sd.o
    0x0800483c   0x0800483c   0x00000050   Code   RO         1042    .text.HAL_SDRAM_Init  stm32h7xx_hal_sdram.o
    0x0800488c   0x0800488c   0x000000ec   Code   RO         2327    .text.HAL_SDRAM_MspInit  fmc.o
    0x08004978   0x08004978   0x00000030   Code   RO         1086    .text.HAL_SDRAM_ProgramRefreshRate  stm32h7xx_hal_sdram.o
    0x080049a8   0x080049a8   0x0000003c   Code   RO         1084    .text.HAL_SDRAM_SendCommand  stm32h7xx_hal_sdram.o
    0x080049e4   0x080049e4   0x0000018c   Code   RO         1365    .text.HAL_SD_ConfigWideBusOperation  stm32h7xx_hal_sd.o
    0x08004b70   0x08004b70   0x00000002   Code   RO         1389    .text.HAL_SD_ErrorCallback  stm32h7xx_hal_sd.o
    0x08004b72   0x08004b72   0x00000002   PAD
    0x08004b74   0x08004b74   0x0000018c   Code   RO         1411    .text.HAL_SD_GetCardCSD  stm32h7xx_hal_sd.o
    0x08004d00   0x08004d00   0x00000022   Code   RO         1413    .text.HAL_SD_GetCardInfo  stm32h7xx_hal_sd.o
    0x08004d22   0x08004d22   0x00000028   Code   RO         1367    .text.HAL_SD_GetCardState  stm32h7xx_hal_sd.o
    0x08004d4a   0x08004d4a   0x00000002   PAD
    0x08004d4c   0x08004d4c   0x00000188   Code   RO         1363    .text.HAL_SD_GetCardStatus  stm32h7xx_hal_sd.o
    0x08004ed4   0x08004ed4   0x0000025c   Code   RO         1387    .text.HAL_SD_IRQHandler  stm32h7xx_hal_sd.o
    0x08005130   0x08005130   0x0000009a   Code   RO         1357    .text.HAL_SD_Init   stm32h7xx_hal_sd.o
    0x080051ca   0x080051ca   0x00000002   PAD
    0x080051cc   0x080051cc   0x00000280   Code   RO         1361    .text.HAL_SD_InitCard  stm32h7xx_hal_sd.o
    0x0800544c   0x0800544c   0x000000d0   Code   RO         2371    .text.HAL_SD_MspInit  sdmmc.o
    0x0800551c   0x0800551c   0x000000cc   Code   RO         1381    .text.HAL_SD_ReadBlocks_DMA  stm32h7xx_hal_sd.o
    0x080055e8   0x080055e8   0x00000004   Code   RO         2219    .text.HAL_SD_RxCpltCallback  bsp_driver_sd.o
    0x080055ec   0x080055ec   0x00000004   Code   RO         2215    .text.HAL_SD_TxCpltCallback  bsp_driver_sd.o
    0x080055f0   0x080055f0   0x000000d0   Code   RO         1383    .text.HAL_SD_WriteBlocks_DMA  stm32h7xx_hal_sd.o
    0x080056c0   0x080056c0   0x00000028   Code   RO          149    .text.HAL_SYSTICK_Config  stm32h7xx_hal_cortex.o
    0x080056e8   0x080056e8   0x00000036   Code   RO         1621    .text.HAL_UARTEx_DisableFifoMode  stm32h7xx_hal_uart_ex.o
    0x0800571e   0x0800571e   0x0000005a   Code   RO         1631    .text.HAL_UARTEx_ReceiveToIdle_DMA  stm32h7xx_hal_uart_ex.o
    0x08005778   0x08005778   0x0000002c   Code   RO           38    .text.HAL_UARTEx_RxEventCallback  iusart.o
    0x080057a4   0x080057a4   0x00000002   Code   RO         1605    .text.HAL_UARTEx_RxFifoFullCallback  stm32h7xx_hal_uart_ex.o
    0x080057a6   0x080057a6   0x0000004a   Code   RO         1625    .text.HAL_UARTEx_SetRxFifoThreshold  stm32h7xx_hal_uart_ex.o
    0x080057f0   0x080057f0   0x0000004a   Code   RO         1623    .text.HAL_UARTEx_SetTxFifoThreshold  stm32h7xx_hal_uart_ex.o
    0x0800583a   0x0800583a   0x00000002   Code   RO         1607    .text.HAL_UARTEx_TxFifoEmptyCallback  stm32h7xx_hal_uart_ex.o
    0x0800583c   0x0800583c   0x00000002   Code   RO         1603    .text.HAL_UARTEx_WakeupCallback  stm32h7xx_hal_uart_ex.o
    0x0800583e   0x0800583e   0x00000002   Code   RO         1545    .text.HAL_UART_ErrorCallback  stm32h7xx_hal_uart.o
    0x08005840   0x08005840   0x0000031c   Code   RO         1541    .text.HAL_UART_IRQHandler  stm32h7xx_hal_uart.o
    0x08005b5c   0x08005b5c   0x00000066   Code   RO         1453    .text.HAL_UART_Init  stm32h7xx_hal_uart.o
    0x08005bc2   0x08005bc2   0x00000002   PAD
    0x08005bc4   0x08005bc4   0x00000108   Code   RO         2387    .text.HAL_UART_MspInit  usart.o
    0x08005ccc   0x08005ccc   0x00000002   Code   RO         1553    .text.HAL_UART_RxCpltCallback  stm32h7xx_hal_uart.o
    0x08005cce   0x08005cce   0x00000002   Code   RO         1555    .text.HAL_UART_RxHalfCpltCallback  stm32h7xx_hal_uart.o
    0x08005cd0   0x08005cd0   0x000000bc   Code   RO         1473    .text.HAL_UART_Transmit  stm32h7xx_hal_uart.o
    0x08005d8c   0x08005d8c   0x00000088   Code   RO         1493    .text.HAL_UART_Transmit_DMA  stm32h7xx_hal_uart.o
    0x08005e14   0x08005e14   0x00000002   Code   RO         1549    .text.HAL_UART_TxCpltCallback  stm32h7xx_hal_uart.o
    0x08005e16   0x08005e16   0x00000002   Code   RO         1551    .text.HAL_UART_TxHalfCpltCallback  stm32h7xx_hal_uart.o
    0x08005e18   0x08005e18   0x00000002   Code   RO         2405    .text.HardFault_Handler  stm32h7xx_it.o
    0x08005e1a   0x08005e1a   0x00000002   PAD
    0x08005e1c   0x08005e1c   0x00000014   Code   RO           19    .text.LED           iled.o
    0x08005e30   0x08005e30   0x00000020   Code   RO           21    .text.LED_Toggle    iled.o
    0x08005e50   0x08005e50   0x00000010   Code   RO           34    .text.MCU_send      iusart.o
    0x08005e60   0x08005e60   0x00000010   Code   RO           32    .text.MCU_serial_init  iusart.o
    0x08005e70   0x08005e70   0x00000008   Code   RO         2429    .text.MDMA_IRQHandler  stm32h7xx_it.o
    0x08005e78   0x08005e78   0x00000040   Code   RO         2315    .text.MX_DMA_Init   dma.o
    0x08005eb8   0x08005eb8   0x00000018   Code   RO         2264    .text.MX_FATFS_Init  fatfs.o
    0x08005ed0   0x08005ed0   0x00000068   Code   RO         2325    .text.MX_FMC_Init   fmc.o
    0x08005f38   0x08005f38   0x000000b8   Code   RO         2304    .text.MX_GPIO_Init  gpio.o
    0x08005ff0   0x08005ff0   0x00000080   Code   RO         2343    .text.MX_MDMA_Init  mdma.o
    0x08006070   0x08006070   0x00000074   Code   RO         2353    .text.MX_RTC_Init   rtc.o
    0x080060e4   0x080060e4   0x00000024   Code   RO         2369    .text.MX_SDMMC1_SD_Init  sdmmc.o
    0x08006108   0x08006108   0x00000068   Code   RO         2385    .text.MX_USART1_UART_Init  usart.o
    0x08006170   0x08006170   0x00000002   Code   RO         2407    .text.MemManage_Handler  stm32h7xx_it.o
    0x08006172   0x08006172   0x00000002   PAD
    0x08006174   0x08006174   0x00000104   Code   RO          104    .text.Mount_FatFs   ifile.o
    0x08006278   0x08006278   0x00000002   Code   RO         2403    .text.NMI_Handler   stm32h7xx_it.o
    0x0800627a   0x0800627a   0x00000002   Code   RO         2417    .text.PendSV_Handler  stm32h7xx_it.o
    0x0800627c   0x0800627c   0x00000100   Code   RO          229    .text.RCCEx_PLL2_Config  stm32h7xx_hal_rcc_ex.o
    0x0800637c   0x0800637c   0x00000104   Code   RO          231    .text.RCCEx_PLL3_Config  stm32h7xx_hal_rcc_ex.o
    0x08006480   0x08006480   0x0000002c   Code   RO         1117    .text.RTC_ByteToBcd2  stm32h7xx_hal_rtc.o
    0x080064ac   0x080064ac   0x00000044   Code   RO         1107    .text.RTC_EnterInitMode  stm32h7xx_hal_rtc.o
    0x080064f0   0x080064f0   0x00000050   Code   RO         1109    .text.RTC_ExitInitMode  stm32h7xx_hal_rtc.o
    0x08006540   0x08006540   0x0000000c   Code   RO         2427    .text.SDMMC1_IRQHandler  stm32h7xx_it.o
    0x0800654c   0x0800654c   0x00000032   Code   RO         1297    .text.SDMMC_CmdAppCommand  stm32h7xx_ll_sdmmc.o
    0x0800657e   0x0800657e   0x0000002c   Code   RO         1299    .text.SDMMC_CmdAppOperCommand  stm32h7xx_ll_sdmmc.o
    0x080065aa   0x080065aa   0x00000032   Code   RO         1265    .text.SDMMC_CmdBlockLength  stm32h7xx_ll_sdmmc.o
    0x080065dc   0x080065dc   0x00000032   Code   RO         1303    .text.SDMMC_CmdBusWidth  stm32h7xx_ll_sdmmc.o
    0x0800660e   0x0800660e   0x00000002   PAD
    0x08006610   0x08006610   0x00000054   Code   RO         1291    .text.SDMMC_CmdGoIdleState  stm32h7xx_ll_sdmmc.o
    0x08006664   0x08006664   0x00000030   Code   RO         1293    .text.SDMMC_CmdOperCond  stm32h7xx_ll_sdmmc.o
    0x08006694   0x08006694   0x00000032   Code   RO         1271    .text.SDMMC_CmdReadMultiBlock  stm32h7xx_ll_sdmmc.o
    0x080066c6   0x080066c6   0x00000032   Code   RO         1269    .text.SDMMC_CmdReadSingleBlock  stm32h7xx_ll_sdmmc.o
    0x080066f8   0x080066f8   0x00000032   Code   RO         1289    .text.SDMMC_CmdSelDesel  stm32h7xx_ll_sdmmc.o
    0x0800672a   0x0800672a   0x0000002c   Code   RO         1307    .text.SDMMC_CmdSendCID  stm32h7xx_ll_sdmmc.o
    0x08006756   0x08006756   0x0000002c   Code   RO         1311    .text.SDMMC_CmdSendCSD  stm32h7xx_ll_sdmmc.o
    0x08006782   0x08006782   0x00000032   Code   RO         1305    .text.SDMMC_CmdSendSCR  stm32h7xx_ll_sdmmc.o
    0x080067b4   0x080067b4   0x00000032   Code   RO         1321    .text.SDMMC_CmdSendStatus  stm32h7xx_ll_sdmmc.o
    0x080067e6   0x080067e6   0x00000032   Code   RO         1313    .text.SDMMC_CmdSetRelAdd  stm32h7xx_ll_sdmmc.o
    0x08006818   0x08006818   0x00000032   Code   RO         1323    .text.SDMMC_CmdStatusRegister  stm32h7xx_ll_sdmmc.o
    0x0800684a   0x0800684a   0x00000002   PAD
    0x0800684c   0x0800684c   0x00000058   Code   RO         1287    .text.SDMMC_CmdStopTransfer  stm32h7xx_ll_sdmmc.o
    0x080068a4   0x080068a4   0x00000032   Code   RO         1275    .text.SDMMC_CmdWriteMultiBlock  stm32h7xx_ll_sdmmc.o
    0x080068d6   0x080068d6   0x00000032   Code   RO         1273    .text.SDMMC_CmdWriteSingleBlock  stm32h7xx_ll_sdmmc.o
    0x08006908   0x08006908   0x0000002a   Code   RO         1257    .text.SDMMC_ConfigData  stm32h7xx_ll_sdmmc.o
    0x08006932   0x08006932   0x00000002   PAD
    0x08006934   0x08006934   0x00000120   Code   RO         1267    .text.SDMMC_GetCmdResp1  stm32h7xx_ll_sdmmc.o
    0x08006a54   0x08006a54   0x0000004c   Code   RO         1309    .text.SDMMC_GetCmdResp2  stm32h7xx_ll_sdmmc.o
    0x08006aa0   0x08006aa0   0x00000044   Code   RO         1301    .text.SDMMC_GetCmdResp3  stm32h7xx_ll_sdmmc.o
    0x08006ae4   0x08006ae4   0x0000008c   Code   RO         1315    .text.SDMMC_GetCmdResp6  stm32h7xx_ll_sdmmc.o
    0x08006b70   0x08006b70   0x00000058   Code   RO         1295    .text.SDMMC_GetCmdResp7  stm32h7xx_ll_sdmmc.o
    0x08006bc8   0x08006bc8   0x00000008   Code   RO         1249    .text.SDMMC_GetPowerState  stm32h7xx_ll_sdmmc.o
    0x08006bd0   0x08006bd0   0x00000006   Code   RO         1255    .text.SDMMC_GetResponse  stm32h7xx_ll_sdmmc.o
    0x08006bd6   0x08006bd6   0x00000002   PAD
    0x08006bd8   0x08006bd8   0x00000028   Code   RO         1237    .text.SDMMC_Init    stm32h7xx_ll_sdmmc.o
    0x08006c00   0x08006c00   0x0000000e   Code   RO         1243    .text.SDMMC_PowerState_ON  stm32h7xx_ll_sdmmc.o
    0x08006c0e   0x08006c0e   0x00000006   Code   RO         1239    .text.SDMMC_ReadFIFO  stm32h7xx_ll_sdmmc.o
    0x08006c14   0x08006c14   0x0000002c   Code   RO         1251    .text.SDMMC_SendCommand  stm32h7xx_ll_sdmmc.o
    0x08006c40   0x08006c40   0x0000000c   Code   RO         1241    .text.SDMMC_WriteFIFO  stm32h7xx_ll_sdmmc.o
    0x08006c4c   0x08006c4c   0x00000088   Code   RO           51    .text.SDRAM_InitSequence  isdram.o
    0x08006cd4   0x08006cd4   0x0000014c   Code   RO           57    .text.SDRAM_Test    isdram.o
    0x08006e20   0x08006e20   0x0000001c   Code   RO         2242    .text.SD_CheckStatus  sd_diskio.o
    0x08006e3c   0x08006e3c   0x00000028   Code   RO         2244    .text.SD_CheckStatusWithTimeout  sd_diskio.o
    0x08006e64   0x08006e64   0x000000d4   Code   RO         1423    .text.SD_FindSCR    stm32h7xx_hal_sd.o
    0x08006f38   0x08006f38   0x00000018   Code   RO         2232    .text.SD_initialize  sd_diskio.o
    0x08006f50   0x08006f50   0x00000050   Code   RO         2240    .text.SD_ioctl      sd_diskio.o
    0x08006fa0   0x08006fa0   0x00000128   Code   RO         2236    .text.SD_read       sd_diskio.o
    0x080070c8   0x080070c8   0x00000004   Code   RO         2234    .text.SD_status     sd_diskio.o
    0x080070cc   0x080070cc   0x00000120   Code   RO         2238    .text.SD_write      sd_diskio.o
    0x080071ec   0x080071ec   0x00000002   Code   RO         2413    .text.SVC_Handler   stm32h7xx_it.o
    0x080071ee   0x080071ee   0x00000004   Code   RO         2419    .text.SysTick_Handler  stm32h7xx_it.o
    0x080071f2   0x080071f2   0x00000002   PAD
    0x080071f4   0x080071f4   0x00000104   Code   RO         2290    .text.SystemClock_Config  main.o
    0x080072f8   0x080072f8   0x000000b4   Code   RO         1645    .text.SystemInit    system_stm32h7xx.o
    0x080073ac   0x080073ac   0x00000054   Code   RO         1619    .text.UARTEx_SetNbDataToProcess  stm32h7xx_hal_uart_ex.o
    0x08007400   0x08007400   0x000000c6   Code   RO         1457    .text.UART_AdvFeatureConfig  stm32h7xx_hal_uart.o
    0x080074c6   0x080074c6   0x00000002   PAD
    0x080074c8   0x080074c8   0x000000b4   Code   RO         1461    .text.UART_CheckIdleState  stm32h7xx_hal_uart.o
    0x0800757c   0x0800757c   0x00000010   Code   RO         1543    .text.UART_DMAAbortOnError  stm32h7xx_hal_uart.o
    0x0800758c   0x0800758c   0x0000005a   Code   RO         1499    .text.UART_DMAError  stm32h7xx_hal_uart.o
    0x080075e6   0x080075e6   0x00000082   Code   RO         1587    .text.UART_DMAReceiveCplt  stm32h7xx_hal_uart.o
    0x08007668   0x08007668   0x0000001a   Code   RO         1589    .text.UART_DMARxHalfCplt  stm32h7xx_hal_uart.o
    0x08007682   0x08007682   0x0000003e   Code   RO         1495    .text.UART_DMATransmitCplt  stm32h7xx_hal_uart.o
    0x080076c0   0x080076c0   0x00000006   Code   RO         1497    .text.UART_DMATxHalfCplt  stm32h7xx_hal_uart.o
    0x080076c6   0x080076c6   0x00000002   PAD
    0x080076c8   0x080076c8   0x0000005c   Code   RO         1513    .text.UART_EndRxTransfer  stm32h7xx_hal_uart.o
    0x08007724   0x08007724   0x00000030   Code   RO         1511    .text.UART_EndTxTransfer  stm32h7xx_hal_uart.o
    0x08007754   0x08007754   0x0000039c   Code   RO         1459    .text.UART_SetConfig  stm32h7xx_hal_uart.o
    0x08007af0   0x08007af0   0x0000009c   Code   RO         1503    .text.UART_Start_Receive_DMA  stm32h7xx_hal_uart.o
    0x08007b8c   0x08007b8c   0x0000009a   Code   RO         1475    .text.UART_WaitOnFlagUntilTimeout  stm32h7xx_hal_uart.o
    0x08007c26   0x08007c26   0x00000002   PAD
    0x08007c28   0x08007c28   0x0000000c   Code   RO         2425    .text.USART1_IRQHandler  stm32h7xx_it.o
    0x08007c34   0x08007c34   0x00000002   Code   RO         2411    .text.UsageFault_Handler  stm32h7xx_it.o
    0x08007c36   0x08007c36   0x00000002   PAD
    0x08007c38   0x08007c38   0x00000024   Code   RO          139    .text.__NVIC_SetPriority  stm32h7xx_hal_cortex.o
    0x08007c5c   0x08007c5c   0x0000006c   Code   RO         1781    .text.check_fs      ff.o
    0x08007cc8   0x08007cc8   0x00000070   Code   RO         1693    .text.chk_lock      ff.o
    0x08007d38   0x08007d38   0x0000001c   Code   RO         1685    .text.clear_lock    ff.o
    0x08007d54   0x08007d54   0x00000028   Code   RO         1719    .text.clmt_clust    ff.o
    0x08007d7c   0x08007d7c   0x00000018   Code   RO         1713    .text.clust2sect    ff.o
    0x08007d94   0x08007d94   0x000000ce   Code   RO         1725    .text.create_chain  ff.o
    0x08007e62   0x08007e62   0x00000002   PAD
    0x08007e64   0x08007e64   0x00000040   Code   RO         1733    .text.dec_lock      ff.o
    0x08007ea4   0x08007ea4   0x00000180   Code   RO         1783    .text.dir_find      ff.o
    0x08008024   0x08008024   0x00000120   Code   RO         1749    .text.dir_next      ff.o
    0x08008144   0x08008144   0x00000128   Code   RO         1745    .text.dir_read      ff.o
    0x0800826c   0x0800826c   0x000002b4   Code   RO         1695    .text.dir_register  ff.o
    0x08008520   0x08008520   0x00000056   Code   RO         1759    .text.dir_remove    ff.o
    0x08008576   0x08008576   0x00000002   PAD
    0x08008578   0x08008578   0x0000009c   Code   RO         1739    .text.dir_sdi       ff.o
    0x08008614   0x08008614   0x00000028   Code   RO         1662    .text.disk_initialize  diskio.o
    0x0800863c   0x0800863c   0x00000014   Code   RO         1668    .text.disk_ioctl    diskio.o
    0x08008650   0x08008650   0x0000001c   Code   RO         1664    .text.disk_read     diskio.o
    0x0800866c   0x0800866c   0x00000010   Code   RO         1660    .text.disk_status   diskio.o
    0x0800867c   0x0800867c   0x00000020   Code   RO         1666    .text.disk_write    diskio.o
    0x0800869c   0x0800869c   0x00000024   Code   RO         1731    .text.f_close       ff.o
    0x080086c0   0x080086c0   0x0000001e   Code   RO         1741    .text.f_closedir    ff.o
    0x080086de   0x080086de   0x000000f8   Code   RO         1753    .text.f_getfree     ff.o
    0x080087d6   0x080087d6   0x0000005a   Code   RO         1769    .text.f_gets        ff.o
    0x08008830   0x08008830   0x00000600   Code   RO         1767    .text.f_mkfs        ff.o
    0x08008e30   0x08008e30   0x00000054   Code   RO         1681    .text.f_mount       ff.o
    0x08008e84   0x08008e84   0x00000238   Code   RO         1689    .text.f_open        ff.o
    0x080090bc   0x080090bc   0x00000090   Code   RO         1737    .text.f_opendir     ff.o
    0x0800914c   0x0800914c   0x0000002a   Code   RO         1777    .text.f_puts        ff.o
    0x08009176   0x08009176   0x0000017a   Code   RO         1715    .text.f_read        ff.o
    0x080092f0   0x080092f0   0x00000056   Code   RO         1743    .text.f_readdir     ff.o
    0x08009346   0x08009346   0x00000044   Code   RO         1751    .text.f_stat        ff.o
    0x0800938a   0x0800938a   0x00000090   Code   RO         1727    .text.f_sync        ff.o
    0x0800941a   0x0800941a   0x000000a0   Code   RO         1757    .text.f_unlink      ff.o
    0x080094ba   0x080094ba   0x0000019e   Code   RO         1723    .text.f_write       ff.o
    0x08009658   0x08009658   0x00000040   Code   RO         1825    .text.ff_convert    ccsbcs.o
    0x08009698   0x08009698   0x00000088   Code   RO         1827    .text.ff_wtoupper   ccsbcs.o
    0x08009720   0x08009720   0x00000260   Code   RO         1687    .text.find_volume   ff.o
    0x08009980   0x08009980   0x00000288   Code   RO         1691    .text.follow_path   ff.o
    0x08009c08   0x08009c08   0x00000024   Code   RO            4    .text.fputc         bsp_init.o
    0x08009c2c   0x08009c2c   0x000000b8   Code   RO         1711    .text.get_fat       ff.o
    0x08009ce4   0x08009ce4   0x00000004   Code   RO         2266    .text.get_fattime   fatfs.o
    0x08009ce8   0x08009ce8   0x00000108   Code   RO         1747    .text.get_fileinfo  ff.o
    0x08009df0   0x08009df0   0x00000042   Code   RO         1683    .text.get_ldnumber  ff.o
    0x08009e32   0x08009e32   0x00000002   PAD
    0x08009e34   0x08009e34   0x00000088   Code   RO         1707    .text.inc_lock      ff.o
    0x08009ebc   0x08009ebc   0x0000001e   Code   RO         1699    .text.ld_clust      ff.o
    0x08009eda   0x08009eda   0x00000004   Code   RO         1709    .text.ld_dword      ff.o
    0x08009ede   0x08009ede   0x00000002   PAD
    0x08009ee0   0x08009ee0   0x000000e4   Code   RO         2288    .text.main          main.o
    0x08009fc4   0x08009fc4   0x00000014   Code   RO         1721    .text.mem_cpy       ff.o
    0x08009fd8   0x08009fd8   0x00000064   Code   RO           72    .text.memory_alloc  imemory.o
    0x0800a03c   0x0800a03c   0x00000060   Code   RO           74    .text.memory_free   imemory.o
    0x0800a09c   0x0800a09c   0x00000014   Code   RO           70    .text.memory_init   imemory.o
    0x0800a0b0   0x0800a0b0   0x00000054   Code   RO           76    .text.memory_management_test  imemory.o
    0x0800a104   0x0800a104   0x00000036   Code   RO         1705    .text.move_window   ff.o
    0x0800a13a   0x0800a13a   0x000000f2   Code   RO         1787    .text.put_fat       ff.o
    0x0800a22c   0x0800a22c   0x00000046   Code   RO         1773    .text.putc_bfd      ff.o
    0x0800a272   0x0800a272   0x0000002c   Code   RO         1775    .text.putc_flush    ff.o
    0x0800a29e   0x0800a29e   0x0000006c   Code   RO         1703    .text.remove_chain  ff.o
    0x0800a30a   0x0800a30a   0x00000018   Code   RO         1701    .text.st_clust      ff.o
    0x0800a322   0x0800a322   0x00000010   Code   RO         1697    .text.st_dword      ff.o
    0x0800a332   0x0800a332   0x0000001a   Code   RO         1785    .text.sum_sfn       ff.o
    0x0800a34c   0x0800a34c   0x00000088   Code   RO         1729    .text.sync_fs       ff.o
    0x0800a3d4   0x0800a3d4   0x0000004e   Code   RO         1763    .text.sync_window   ff.o
    0x0800a422   0x0800a422   0x00000032   Code   RO         1717    .text.validate      ff.o
    0x0800a454   0x0800a454   0x00000020   Code   RO         2703    i.__0printf         mc_w.l(printfa.o)
    0x0800a474   0x0800a474   0x0000000e   Code   RO         2771    i.__scatterload_copy  mc_w.l(handlers.o)
    0x0800a482   0x0800a482   0x00000002   Code   RO         2772    i.__scatterload_null  mc_w.l(handlers.o)
    0x0800a484   0x0800a484   0x0000000e   Code   RO         2773    i.__scatterload_zeroinit  mc_w.l(handlers.o)
    0x0800a492   0x0800a492   0x00000002   PAD
    0x0800a494   0x0800a494   0x00000184   Code   RO         2710    i._fp_digits        mc_w.l(printfa.o)
    0x0800a618   0x0800a618   0x000006dc   Code   RO         2711    i._printf_core      mc_w.l(printfa.o)
    0x0800acf4   0x0800acf4   0x00000024   Code   RO         2712    i._printf_post_padding  mc_w.l(printfa.o)
    0x0800ad18   0x0800ad18   0x0000002e   Code   RO         2713    i._printf_pre_padding  mc_w.l(printfa.o)
    0x0800ad46   0x0800ad46   0x00000002   PAD
    0x0800ad48   0x0800ad48   0x00000024   Code   RO         2450    i.puts              mc_w.l(puts.o)
    0x0800ad6c   0x0800ad6c   0x00000010   Data   RO         1649    .rodata.D1CorePrescTable  system_stm32h7xx.o
    0x0800ad7c   0x0800ad7c   0x00000080   Data   RO         1792    .rodata.ExCvt       ff.o
    0x0800adfc   0x0800adfc   0x0000000d   Data   RO         1793    .rodata.LfnOfs      ff.o
    0x0800ae09   0x0800ae09   0x00000003   PAD
    0x0800ae0c   0x0800ae0c   0x00000014   Data   RO         2250    .rodata.SD_Driver   sd_diskio.o
    0x0800ae20   0x0800ae20   0x00000100   Data   RO         1829    .rodata.Tbl         ccsbcs.o
    0x0800af20   0x0800af20   0x00000018   Data   RO         1591    .rodata.UARTPrescTable  stm32h7xx_hal_uart.o
    0x0800af38   0x0800af38   0x00000008   Data   RO          449    .rodata.cst8        stm32h7xx_hal_dma.o
    0x0800af40   0x0800af40   0x00000010   Data   RO         1635    .rodata.cst8        stm32h7xx_hal_uart_ex.o
    0x0800af50   0x0800af50   0x000003ba   Data   RO            9    .rodata.str1.1      bsp_init.o
    0x0800b30a   0x0800b30a   0x000000a9   Data   RO           60    .rodata.str1.1      isdram.o
    0x0800b3b3   0x0800b3b3   0x00000185   Data   RO          125    .rodata.str1.1      ifile.o
    0x0800b538   0x0800b538   0x00000044   Data   RO         1790    .rodata.str1.1      ff.o
    0x0800b57c   0x0800b57c   0x0000001c   Data   RO         1789    .rodata.str2.2      ff.o
    0x0800b598   0x0800b598   0x000002ae   Data   RO         1830    .rodata.str2.2      ccsbcs.o
    0x0800b846   0x0800b846   0x00000002   PAD
    0x0800b848   0x0800b848   0x00000020   Data   RO         2770    Region$$Table       anon$$obj.o


    Execution Region RW_IRAM1 (Exec base: 0x20000000, Load base: 0x0800b868, Size: 0x00000000, Max: 0x00020000, ABSOLUTE)

    **** No section assigned to this execution region ****


    Execution Region RW_IRAM2 (Exec base: 0x24000000, Load base: 0x0800b880, Size: 0x00003188, Max: 0x00080000, ABSOLUTE)

    Exec Addr    Load Addr    Size         Type   Attr      Idx    E Section Name        Object

    0x24000000   0x0800b880   0x00000004   Data   RW         2745    .data               mc_w.l(stdout.o)
    0x24000004   0x0800b884   0x00000008   Data   RW          764    .data..L_MergedGlobals  stm32h7xx_hal.o
    0x2400000c   0x0800b88c   0x00000008   Data   RW         1650    .data..L_MergedGlobals  system_stm32h7xx.o
    0x24000014   0x0800b894   0x00000004   Data   RW            8    .data.Init_Gap      bsp_init.o
    0x24000018   0x0800b898   0x00000001   Data   RW         2251    .data.Stat          sd_diskio.o
    0x24000019   0x0800b899   0x00000003   PAD
    0x2400001c   0x0800b89c   0x00000004   Data   RW           78    .data.freeList      imemory.o
    0x24000020        -       0x00000008   Zero   RW         1794    .bss..L_MergedGlobals  ff.o
    0x24000028        -       0x00000005   Zero   RW         2270    .bss..L_MergedGlobals  fatfs.o
    0x2400002d   0x0800b8a0   0x00000003   PAD
    0x24000030        -       0x00000010   Zero   RW           59    .bss.Command        isdram.o
    0x24000040        -       0x00000001   Zero   RW         2332    .bss.FMC_Initialized  fmc.o
    0x24000041   0x0800b8a0   0x00000003   PAD
    0x24000044        -       0x00000020   Zero   RW         1791    .bss.Files          ff.o
    0x24000064        -       0x00000200   Zero   RW           40    .bss.RX_IDLE_BUF    iusart.o
    0x24000264        -       0x00000004   Zero   RW         2252    .bss.ReadStatus     sd_diskio.o
    0x24000268        -       0x00000234   Zero   RW         2268    .bss.SDFatFS        fatfs.o
    0x2400049c        -       0x00000004   Zero   RW         2254    .bss.WriteStatus    sd_diskio.o
    0x240004a0        -       0x0000000c   Zero   RW         1814    .bss.disk           ff_gen_drv.o
    0x240004ac        -       0x00000078   Zero   RW         2392    .bss.hdma_usart1_rx  usart.o
    0x24000524        -       0x00000078   Zero   RW         2393    .bss.hdma_usart1_tx  usart.o
    0x2400059c        -       0x0000006c   Zero   RW         2345    .bss.hmdma_mdma_channel0_sdmmc1_end_data_0  mdma.o
    0x24000608        -       0x00000024   Zero   RW         2359    .bss.hrtc           rtc.o
    0x2400062c        -       0x0000007c   Zero   RW         2375    .bss.hsd1           sdmmc.o
    0x240006a8        -       0x00000034   Zero   RW         2331    .bss.hsdram1        fmc.o
    0x240006dc        -       0x00000094   Zero   RW         2391    .bss.huart1         usart.o
    0x24000770   0x0800b8a0   0x00000010   PAD
    0x24000780        -       0x00000200   Zero   RW         2253    .bss.scratch        sd_diskio.o
    0x24000980        -       0x00000004   Zero   RW          763    .bss.uwTick         stm32h7xx_hal.o
    0x24000984        -       0x00000800   Zero   RW          124    .bss.workBuffer     ifile.o
    0x24001184   0x0800b8a0   0x00000004   PAD
    0x24001188        -       0x00002000   Zero   RW         2278    STACK               startup_stm32h743xx.o


==============================================================================

Image component sizes


      Code (inc. data)   RO Data    RW Data    ZI Data      Debug   Object Name

        96          0          0          0          0       5418   bsp_driver_sd.o
       552        220        954          4          0       1520   bsp_init.o
       200         22        942          0          0       1654   ccsbcs.o
       136          4          0          0          0       1842   diskio.o
        64          4          0          0          0       5303   dma.o
        28          8          0          0        569       1848   fatfs.o
      9320        140        237          0         40      46520   ff.o
        86          4          0          0         12       2417   ff_gen_drv.o
       340         24          0          0         53       8262   fmc.o
       184          8          0          0          0       3039   gpio.o
      1956        972        389          0       2048       7879   ifile.o
        52          0          0          0          0       1267   iled.o
       300         20          0          4          0       2038   imemory.o
       468        124        169          0         16       2617   isdram.o
        76         12          0          0        512       4826   iusart.o
       496         32          0          0          0       6239   main.o
       128         12          0          0        108       7316   mdma.o
       188         20          0          0         36       6487   rtc.o
       784         32         20          1        520       6889   sd_diskio.o
       244         20          0          0        124       9805   sdmmc.o
        36          8        664          0       8192        836   startup_stm32h743xx.o
       228         24          0          8          4      14585   stm32h7xx_hal.o
       252         32          0          0          0      12041   stm32h7xx_hal_cortex.o
      5064        604          8          0          0      14255   stm32h7xx_hal_dma.o
       420         20          0          0          0       6726   stm32h7xx_hal_gpio.o
       722          8          0          0          0      11596   stm32h7xx_hal_mdma.o
        32          4          0          0          0       2214   stm32h7xx_hal_msp.o
        72          4          0          0          0      10255   stm32h7xx_hal_pwr_ex.o
      2230         64          0          0          0      10965   stm32h7xx_hal_rcc.o
      4472        252          0          0          0      17409   stm32h7xx_hal_rcc_ex.o
       776         20          0          0          0      11850   stm32h7xx_hal_rtc.o
      3290         48          0          0          0      23121   stm32h7xx_hal_sd.o
       188          4          0          0          0      11241   stm32h7xx_hal_sdram.o
      3314        186         24          0          0      31818   stm32h7xx_hal_uart.o
       382          8         16          0          0       9594   stm32h7xx_hal_uart_ex.o
        76         16          0          0          0       1481   stm32h7xx_it.o
       312         16          0          0          0       8251   stm32h7xx_ll_fmc.o
      1784         36          0          0          0      15173   stm32h7xx_ll_sdmmc.o
       180         40         16          8          0       5647   system_stm32h7xx.o
       368         32          0          0        388      11474   usart.o

    ----------------------------------------------------------------------
     39940       3104       3476         28      12648     363718   Object Totals
         0          0         32          0          0          0   (incl. Generated)
        44          0          5          3         26          0   (incl. Padding)

    ----------------------------------------------------------------------

      Code (inc. data)   RO Data    RW Data    ZI Data      Debug   Library Member Name

         0          0          0          0          0          0   entry.o
         0          0          0          0          0          0   entry10a.o
         0          0          0          0          0          0   entry11a.o
         8          4          0          0          0          0   entry2.o
         4          0          0          0          0          0   entry5.o
         0          0          0          0          0          0   entry7b.o
         0          0          0          0          0          0   entry8b.o
         8          4          0          0          0          0   entry9a.o
        30          0          0          0          0          0   handlers.o
        36          8          0          0          0         68   init.o
         0          0          0          0          0          0   iusefp.o
        30          0          0          0          0         68   llshl.o
        36          0          0          0          0         68   llsshr.o
        32          0          0          0          0         68   llushr.o
        64          0          0          0          0         76   memmovea.o
        36          0          0          0          0        108   memseta.o
      2258         90          0          0          0        452   printfa.o
        36          6          0          0          0         80   puts.o
         0          0          0          4          0          0   stdout.o
        44          0          0          0          0         80   uidiv.o
        98          0          0          0          0         92   uldiv.o
        48          0          0          0          0         68   cdrcmple.o
       334          0          0          0          0        148   dadd.o
       222          0          0          0          0        100   ddiv.o
       186          0          0          0          0        176   depilogue.o
        48          0          0          0          0         68   dfixul.o
       228          0          0          0          0         96   dmul.o

    ----------------------------------------------------------------------
      3792        112          0          4          0       1816   Library Totals
         6          0          0          0          0          0   (incl. Padding)

    ----------------------------------------------------------------------

      Code (inc. data)   RO Data    RW Data    ZI Data      Debug   Library Name

      2720        112          0          4          0       1160   mc_w.l
      1066          0          0          0          0        656   mf_w.l

    ----------------------------------------------------------------------
      3792        112          0          4          0       1816   Library Totals

    ----------------------------------------------------------------------

==============================================================================


      Code (inc. data)   RO Data    RW Data    ZI Data      Debug   

     43732       3216       3476         32      12648     364194   Grand Totals
     43732       3216       3476         32      12648     364194   ELF Image Totals
     43732       3216       3476         32          0          0   ROM Totals

==============================================================================

    Total RO  Size (Code + RO Data)                47208 (  46.10kB)
    Total RW  Size (RW Data + ZI Data)             12680 (  12.38kB)
    Total ROM Size (Code + RO Data + RW Data)      47240 (  46.13kB)

==============================================================================

