<html>
<body>
<pre>
<h1>µVision Build Log</h1>
<h2>Tool Versions:</h2>
IDE-Version: µVision V5.27.0.0
Copyright (C) 2018 ARM Ltd and ARM Germany GmbH. All rights reserved.
License Information: SHUAIWEN CUI, NTU, LIC=JL28G-VX9JX-QDQKD-8FN6R-M33TC-5YMJT
 
Tool Versions:
Toolchain:       MDK-ARM Plus  Version: 5.27.0.0
Toolchain Path:  D:\Keil5\ARM\ARMCLANG\Bin
C Compiler:      ArmClang.exe V6.11
Assembler:       Armasm.exe V6.11
Linker/Locator:  ArmLink.exe V6.11
Library Manager: ArmAr.exe V6.11
Hex Converter:   FromElf.exe V6.11
CPU DLL:         SARMCM3.DLL V5.27.0.0
Dialog DLL:      DCM.DLL V1.17.2.0
Target DLL:      STLink\ST-LINKIII-KEIL_SWO.dll V3.0.5.0
Dialog DLL:      TCM.DLL V1.36.1.0
 
<h2>Project:</h2>
E:\DEV\MCU_NODE_STM32\NODE-CORE-BUILDING\PROJECT\MDK-ARM\PROJECT.uvprojx
Project File Date:  08/19/2024

<h2>Output:</h2>
*** Using Compiler 'V6.11', folder: 'D:\Keil5\ARM\ARMCLANG\Bin'
Build target 'PROJECT'
compiling imemory.c...
compiling isdram.c...
compiling stm32h7xx_hal_dma_ex.c...
compiling stm32h7xx_hal_rcc_ex.c...
compiling stm32h7xx_hal_flash.c...
compiling stm32h7xx_hal_flash_ex.c...
compiling stm32h7xx_hal.c...
compiling bsp_init.c...
compiling stm32h7xx_hal_cortex.c...
compiling stm32h7xx_hal_rcc.c...
compiling ifile.c...
compiling iled.c...
compiling stm32h7xx_hal_hsem.c...
compiling stm32h7xx_hal_sdram.c...
compiling iusart.c...
compiling stm32h7xx_hal_i2c_ex.c...
compiling stm32h7xx_hal_pwr.c...
compiling stm32h7xx_hal_tim_ex.c...
compiling stm32h7xx_hal_gpio.c...
compiling stm32h7xx_hal_tim.c...
compiling stm32h7xx_hal_sd_ex.c...
compiling isdcard.c...
compiling stm32h7xx_ll_delayblock.c...
compiling stm32h7xx_hal_exti.c...
compiling stm32h7xx_hal_mdma.c...
compiling stm32h7xx_hal_pwr_ex.c...
compiling stm32h7xx_ll_fmc.c...
compiling system_stm32h7xx.c...
compiling stm32h7xx_hal_rtc_ex.c...
compiling diskio.c...
compiling stm32h7xx_hal_uart_ex.c...
compiling stm32h7xx_ll_sdmmc.c...
compiling stm32h7xx_hal_rtc.c...
compiling stm32h7xx_hal_dma.c...
assembling startup_stm32h743xx.s...
compiling ff_gen_drv.c...
compiling syscall.c...
compiling bsp_driver_sd.c...
compiling stm32h7xx_hal_sd.c...
compiling stm32h7xx_hal_uart.c...
compiling stm32h7xx_hal_i2c.c...
compiling sd_diskio.c...
compiling fatfs.c...
compiling main.c...
compiling gpio.c...
compiling ff.c...
compiling dma.c...
compiling fmc.c...
compiling mdma.c...
compiling rtc.c...
compiling sdmmc.c...
compiling usart.c...
compiling stm32h7xx_it.c...
compiling stm32h7xx_hal_msp.c...
linking...
Program Size: Code=27102 RO-data=782 RW-data=20 ZI-data=17732  
FromELF: creating hex file...
"PROJECT\PROJECT.axf" - 0 Error(s), 0 Warning(s).

<h2>Software Packages used:</h2>

Package Vendor: ARM
                http://www.keil.com/pack/ARM.CMSIS.5.6.0.pack
                ARM.CMSIS.5.6.0
                CMSIS (Cortex Microcontroller Software Interface Standard)
   * Component: CORE Version: 5.3.0

Package Vendor: Keil
                https://www.keil.com/pack/Keil.STM32H7xx_DFP.3.1.1.pack
                Keil.STM32H7xx_DFP.3.1.1
                STMicroelectronics STM32H7 Series Device Support and Examples

<h2>Collection of Component include folders:</h2>
  .\RTE\_PROJECT
  D:\Keil5\ARM\PACK\ARM\CMSIS\5.6.0\CMSIS\Core\Include
  D:\Keil5\ARM\PACK\Keil\STM32H7xx_DFP\3.1.1\Drivers\CMSIS\Device\ST\STM32H7xx\Include

<h2>Collection of Component Files used:</h2>

   * Component: ARM::CMSIS:CORE:5.3.0
Build Time Elapsed:  00:00:06
</pre>
</body>
</html>
